Component: ARM Compiler 5.06 update 6 (build 750) Tool: armlink [4d35ed]

==============================================================================

Section Cross References

    os_cfg_app.o(.constdata) refers to os_cfg_app.o(.bss) for OSCfg_IdleTaskStk
    os_core.o(i.OSInit) refers to os_cpu_c.o(i.OSInitHook) for OSInitHook
    os_core.o(i.OSInit) refers to os_prio.o(i.OS_PrioInit) for OS_PrioInit
    os_core.o(i.OSInit) refers to os_core.o(i.OS_RdyListInit) for OS_RdyListInit
    os_core.o(i.OSInit) refers to os_flag.o(i.OS_FlagInit) for OS_FlagInit
    os_core.o(i.OSInit) refers to os_sem.o(i.OS_SemInit) for OS_SemInit
    os_core.o(i.OSInit) refers to os_task.o(i.OS_TaskInit) for OS_TaskInit
    os_core.o(i.OSInit) refers to os_core.o(i.OS_IdleTaskInit) for OS_IdleTaskInit
    os_core.o(i.OSInit) refers to os_tick.o(i.OS_TickTaskInit) for OS_TickTaskInit
    os_core.o(i.OSInit) refers to os_cfg_app.o(i.OSCfg_Init) for OSCfg_Init
    os_core.o(i.OSInit) refers to os_var.o(.data) for OSIntNestingCtr
    os_core.o(i.OSInit) refers to os_cfg_app.o(.constdata) for OSCfg_ISRStkSize
    os_core.o(i.OSIntEnter) refers to os_var.o(.data) for OSRunning
    os_core.o(i.OSIntExit) refers to cpu_a.o(.text) for CPU_SR_Save
    os_core.o(i.OSIntExit) refers to os_prio.o(i.OS_PrioGetHighest) for OS_PrioGetHighest
    os_core.o(i.OSIntExit) refers to os_cpu_a.o(CODE) for OSIntCtxSw
    os_core.o(i.OSIntExit) refers to os_var.o(.data) for OSRunning
    os_core.o(i.OSIntExit) refers to os_var.o(.bss) for OSRdyList
    os_core.o(i.OSSched) refers to cpu_a.o(.text) for CPU_SR_Save
    os_core.o(i.OSSched) refers to os_prio.o(i.OS_PrioGetHighest) for OS_PrioGetHighest
    os_core.o(i.OSSched) refers to os_cpu_a.o(CODE) for OSCtxSw
    os_core.o(i.OSSched) refers to os_var.o(.data) for OSIntNestingCtr
    os_core.o(i.OSSched) refers to os_var.o(.bss) for OSRdyList
    os_core.o(i.OSSchedLock) refers to cpu_a.o(.text) for CPU_SR_Save
    os_core.o(i.OSSchedLock) refers to cpu_core.o(i.CPU_IntDisMeasStart) for CPU_IntDisMeasStart
    os_core.o(i.OSSchedLock) refers to os_core.o(i.OS_SchedLockTimeMeasStart) for OS_SchedLockTimeMeasStart
    os_core.o(i.OSSchedLock) refers to cpu_core.o(i.CPU_IntDisMeasStop) for CPU_IntDisMeasStop
    os_core.o(i.OSSchedLock) refers to os_var.o(.data) for OSIntNestingCtr
    os_core.o(i.OSSchedUnlock) refers to cpu_a.o(.text) for CPU_SR_Save
    os_core.o(i.OSSchedUnlock) refers to cpu_core.o(i.CPU_IntDisMeasStart) for CPU_IntDisMeasStart
    os_core.o(i.OSSchedUnlock) refers to cpu_core.o(i.CPU_IntDisMeasStop) for CPU_IntDisMeasStop
    os_core.o(i.OSSchedUnlock) refers to os_core.o(i.OS_SchedLockTimeMeasStop) for OS_SchedLockTimeMeasStop
    os_core.o(i.OSSchedUnlock) refers to os_core.o(i.OSSched) for OSSched
    os_core.o(i.OSSchedUnlock) refers to os_var.o(.data) for OSIntNestingCtr
    os_core.o(i.OSStart) refers to os_prio.o(i.OS_PrioGetHighest) for OS_PrioGetHighest
    os_core.o(i.OSStart) refers to os_cpu_a.o(CODE) for OSStartHighRdy
    os_core.o(i.OSStart) refers to os_var.o(.data) for OSRunning
    os_core.o(i.OSStart) refers to os_var.o(.bss) for OSRdyList
    os_core.o(i.OS_IdleTask) refers to cpu_a.o(.text) for CPU_SR_Save
    os_core.o(i.OS_IdleTask) refers to cpu_core.o(i.CPU_IntDisMeasStart) for CPU_IntDisMeasStart
    os_core.o(i.OS_IdleTask) refers to cpu_core.o(i.CPU_IntDisMeasStop) for CPU_IntDisMeasStop
    os_core.o(i.OS_IdleTask) refers to os_cpu_c.o(i.OSIdleTaskHook) for OSIdleTaskHook
    os_core.o(i.OS_IdleTask) refers to os_var.o(.data) for OSIdleTaskCtr
    os_core.o(i.OS_IdleTaskInit) refers to os_task.o(i.OSTaskCreate) for OSTaskCreate
    os_core.o(i.OS_IdleTaskInit) refers to os_var.o(.data) for OSIdleTaskCtr
    os_core.o(i.OS_IdleTaskInit) refers to os_cfg_app.o(.constdata) for OSCfg_IdleTaskStkSize
    os_core.o(i.OS_IdleTaskInit) refers to os_core.o(i.OS_IdleTask) for OS_IdleTask
    os_core.o(i.OS_IdleTaskInit) refers to os_var.o(.bss) for OSIdleTaskTCB
    os_core.o(i.OS_Pend) refers to os_core.o(i.OS_TaskBlock) for OS_TaskBlock
    os_core.o(i.OS_Pend) refers to os_core.o(i.OS_PendDataInit) for OS_PendDataInit
    os_core.o(i.OS_Pend) refers to os_core.o(i.OS_PendListInsertPrio) for OS_PendListInsertPrio
    os_core.o(i.OS_Pend) refers to os_var.o(.data) for OSTCBCurPtr
    os_core.o(i.OS_PendAbort) refers to os_core.o(i.OS_PendAbort1) for OS_PendAbort1
    os_core.o(i.OS_PendAbort) refers to os_core.o(i.OS_PendListRemove) for OS_PendListRemove
    os_core.o(i.OS_PendAbort) refers to os_tick.o(i.OS_TickListRemove) for OS_TickListRemove
    os_core.o(i.OS_PendAbort) refers to os_core.o(i.OS_RdyListInsert) for OS_RdyListInsert
    os_core.o(i.OS_PendListChangePrio) refers to os_core.o(i.OS_PendListRemove1) for OS_PendListRemove1
    os_core.o(i.OS_PendListChangePrio) refers to os_core.o(i.OS_PendListInsertPrio) for OS_PendListInsertPrio
    os_core.o(i.OS_PendListRemove) refers to os_core.o(i.OS_PendListRemove1) for OS_PendListRemove1
[...]
    battery_error_delay_count                0x2000009e   Data           2  powermanagement.o(.data)
    heating_state                            0x200000a0   Data           1  powermanagement.o(.data)
    charge_delay_count                       0x200000a1   Data           1  powermanagement.o(.data)
    switchPv_delay_count                     0x200000a2   Data           1  powermanagement.o(.data)
    switchPv_delay_count1                    0x200000a3   Data           1  powermanagement.o(.data)
    switchBat_delay_count                    0x200000a4   Data           2  powermanagement.o(.data)
    switchBat_delay_count1                   0x200000a6   Data           2  powermanagement.o(.data)
    .data                                    0x200000a8   Section        1  ledhal.o(.data)
    led_state                                0x200000a8   Data           1  ledhal.o(.data)
    .data                                    0x200000ac   Section        8  modbusframehal.o(.data)
    PortList                                 0x200000ac   Data           8  modbusframehal.o(.data)
    .data                                    0x200000b4   Section       24  adcsample.o(.data)
    i                                        0x200000b4   Data           1  adcsample.o(.data)
    j                                        0x200000b5   Data           1  adcsample.o(.data)
    motor_current_ADC                        0x200000b8   Data           4  adcsample.o(.data)
    PV_bucker_voltage                        0x200000bc   Data           4  adcsample.o(.data)
    emergency_volatge                        0x200000c0   Data           4  adcsample.o(.data)
    PV_string_cur_up                         0x200000c4   Data           4  adcsample.o(.data)
    PV_string_cur_down                       0x200000c8   Data           4  adcsample.o(.data)
    .data                                    0x200000cc   Section       20  stm32f10x_rcc.o(.data)
    APBAHBPrescTable                         0x200000cc   Data          16  stm32f10x_rcc.o(.data)
    ADCPrescTable                            0x200000dc   Data           4  stm32f10x_rcc.o(.data)
    .bss                                     0x200000e0   Section     1536  os_cfg_app.o(.bss)
    .bss                                     0x200006e0   Section      608  os_var.o(.bss)
    .bss                                     0x20000940   Section     8412  main.o(.bss)
    sampling_stk                             0x20000b24   Data        1024  main.o(.bss)
    power_management_stk                     0x20000f24   Data        1024  main.o(.bss)
    modbus_over_lora_stk                     0x20001324   Data        2048  main.o(.bss)
    parameter_save_stk                       0x20001b24   Data        1024  main.o(.bss)
    led_IWDG_stk                             0x20001f24   Data        1024  main.o(.bss)
    send_buffer                              0x2000256c   Data         300  main.o(.bss)
    send_buffer5                             0x20002698   Data         300  main.o(.bss)
    read_buffer                              0x200027c4   Data         300  main.o(.bss)
    read_buffer5                             0x200028f0   Data         300  main.o(.bss)
    .bss                                     0x20002a1c   Section      456  asprotocol.o(.bss)
    RWRegister                               0x20002a1c   Data         456  asprotocol.o(.bss)
    .bss                                     0x20002be4   Section       40  batterypower.o(.bss)
    BatteryPara                              0x20002be4   Data          16  batterypower.o(.bss)
    _LTC4015IO                               0x20002bf4   Data          24  batterypower.o(.bss)
    .bss                                     0x20002c0c   Section     1224  modbusframehal.o(.bss)
    ComPara                                  0x20002c0c   Data        1224  modbusframehal.o(.bss)
    .bss                                     0x200030d4   Section      120  adcsample.o(.bss)
    ADC_converted_value                      0x200030d4   Data         100  adcsample.o(.bss)
    adc_out                                  0x20003138   Data          20  adcsample.o(.bss)
    .bss                                     0x2000314c   Section       24  tmpsensor.o(.bss)
    _TMP75IO                                 0x2000314c   Data          24  tmpsensor.o(.bss)
    .bss                                     0x20003164   Section       96  libspace.o(.bss)
    HEAP                                     0x200031c8   Section      512  startup_stm32f10x_hd.o(HEAP)
    Heap_Mem                                 0x200031c8   Data         512  startup_stm32f10x_hd.o(HEAP)
    STACK                                    0x200033c8   Section     1024  startup_stm32f10x_hd.o(STACK)
    Stack_Mem                                0x200033c8   Data        1024  startup_stm32f10x_hd.o(STACK)
    __initial_sp                             0x200037c8   Data           0  startup_stm32f10x_hd.o(STACK)

    Global Symbols

    Symbol Name                              Value     Ov Type        Size  Object(Section)

    BuildAttributes$$THM_ISAv4$P$D$K$B$S$PE$A:L22UL41UL21$X:L11$S22US41US21$IEEE1$IW$USESV6$~STKCKD$USESV7$~SHL$OSPACE$ROPI$EBA8$UX$STANDARDLIB$REQ8$PRES8$EABIv2 0x00000000   Number         0  anon$$obj.o ABSOLUTE
    __ARM_use_no_argv                        0x00000000   Number         0  main.o ABSOLUTE
    __ARM_exceptions_init                     - Undefined Weak Reference
    __alloca_initialize                       - Undefined Weak Reference
    __arm_preinit_                            - Undefined Weak Reference
    __cpp_initialize__aeabi_                  - Undefined Weak Reference
    __cxa_finalize                            - Undefined Weak Reference
    __rt_locale                               - Undefined Weak Reference
    __sigvec_lookup                           - Undefined Weak Reference
    _atexit_init                              - Undefined Weak Reference
    _call_atexit_fns                          - Undefined Weak Reference
    _clock_init                               - Undefined Weak Reference
    _fp_trap_init                             - Undefined Weak Reference
    _fp_trap_shutdown                         - Undefined Weak Reference
    _get_lc_collate                           - Undefined Weak Reference
    _get_lc_ctype                             - Undefined Weak Reference
    _get_lc_monetary                          - Undefined Weak Reference
    _get_lc_numeric                           - Undefined Weak Reference
    _get_lc_time                              - Undefined Weak Reference
    _getenv_init                              - Undefined Weak Reference
    _handle_redirection                       - Undefined Weak Reference
    _init_alloc                               - Undefined Weak Reference
    _init_user_alloc                          - Undefined Weak Reference
    _initio                                   - Undefined Weak Reference
    _rand_init                                - Undefined Weak Reference
    _signal_finish                            - Undefined Weak Reference
    _signal_init                              - Undefined Weak Reference
    _terminate_alloc                          - Undefined Weak Reference
    _terminate_user_alloc                     - Undefined Weak Reference
    _terminateio                              - Undefined Weak Reference
    __Vectors_Size                           0x00000130   Number         0  startup_stm32f10x_hd.o ABSOLUTE
    __Vectors                                0x08002000   Data           4  startup_stm32f10x_hd.o(RESET)
    __Vectors_End                            0x08002130   Data           0  startup_stm32f10x_hd.o(RESET)
    __main                                   0x08002131   Thumb Code     8  __main.o(!!!main)
    __scatterload                            0x08002139   Thumb Code     0  __scatter.o(!!!scatter)
    __scatterload_rt2                        0x08002139   Thumb Code    44  __scatter.o(!!!scatter)
    __scatterload_rt2_thumb_only             0x08002139   Thumb Code     0  __scatter.o(!!!scatter)
    __scatterload_null                       0x08002147   Thumb Code     0  __scatter.o(!!!scatter)
    __scatterload_copy                       0x0800216d   Thumb Code    26  __scatter_copy.o(!!handler_copy)
    __scatterload_zeroinit                   0x08002189   Thumb Code    28  __scatter_zi.o(!!handler_zi)
    __rt_lib_init                            0x080021a5   Thumb Code     0  libinit.o(.ARM.Collect$$libinit$$00000000)
    __rt_lib_init_alloca_1                   0x080021a7   Thumb Code     0  libinit2.o(.ARM.Collect$$libinit$$0000002E)
    __rt_lib_init_argv_1                     0x080021a7   Thumb Code     0  libinit2.o(.ARM.Collect$$libinit$$0000002C)
    __rt_lib_init_atexit_1                   0x080021a7   Thumb Code     0  libinit2.o(.ARM.Collect$$libinit$$0000001B)
    __rt_lib_init_clock_1                    0x080021a7   Thumb Code     0  libinit2.o(.ARM.Collect$$libinit$$00000021)
    __rt_lib_init_cpp_1                      0x080021a7   Thumb Code     0  libinit2.o(.ARM.Collect$$libinit$$00000032)
    __rt_lib_init_exceptions_1               0x080021a7   Thumb Code     0  libinit2.o(.ARM.Collect$$libinit$$00000030)
    __rt_lib_init_fp_1                       0x080021a7   Thumb Code     0  libinit2.o(.ARM.Collect$$libinit$$00000002)
    __rt_lib_init_fp_trap_1                  0x080021a7   Thumb Code     0  libinit2.o(.ARM.Collect$$libinit$$0000001F)
    __rt_lib_init_getenv_1                   0x080021a7   Thumb Code     0  libinit2.o(.ARM.Collect$$libinit$$00000023)
    __rt_lib_init_heap_1                     0x080021a7   Thumb Code     0  libinit2.o(.ARM.Collect$$libinit$$0000000A)
    __rt_lib_init_lc_collate_1               0x080021a7   Thumb Code     0  libinit2.o(.ARM.Collect$$libinit$$00000011)
    __rt_lib_init_lc_ctype_1                 0x080021a7   Thumb Code     0  libinit2.o(.ARM.Collect$$libinit$$00000013)
    __rt_lib_init_lc_monetary_1              0x080021a7   Thumb Code     0  libinit2.o(.ARM.Collect$$libinit$$00000015)
    __rt_lib_init_lc_numeric_1               0x080021a7   Thumb Code     0  libinit2.o(.ARM.Collect$$libinit$$00000017)
    __rt_lib_init_lc_time_1                  0x080021a7   Thumb Code     0  libinit2.o(.ARM.Collect$$libinit$$00000019)
    __rt_lib_init_preinit_1                  0x080021a7   Thumb Code     0  libinit2.o(.ARM.Collect$$libinit$$00000004)
    __rt_lib_init_rand_1                     0x080021a7   Thumb Code     0  libinit2.o(.ARM.Collect$$libinit$$0000000E)
    __rt_lib_init_return                     0x080021a7   Thumb Code     0  libinit2.o(.ARM.Collect$$libinit$$00000033)
    __rt_lib_init_signal_1                   0x080021a7   Thumb Code     0  libinit2.o(.ARM.Collect$$libinit$$0000001D)
    __rt_lib_init_stdio_1                    0x080021a7   Thumb Code     0  libinit2.o(.ARM.Collect$$libinit$$00000025)
    __rt_lib_init_user_alloc_1               0x080021a7   Thumb Code     0  libinit2.o(.ARM.Collect$$libinit$$0000000C)
    __rt_lib_shutdown                        0x080021a9   Thumb Code     0  libshutdown.o(.ARM.Collect$$libshutdown$$00000000)
    __rt_lib_shutdown_cpp_1                  0x080021ab   Thumb Code     0  libshutdown2.o(.ARM.Collect$$libshutdown$$00000002)
    __rt_lib_shutdown_fp_trap_1              0x080021ab   Thumb Code     0  libshutdown2.o(.ARM.Collect$$libshutdown$$00000007)
    __rt_lib_shutdown_heap_1                 0x080021ab   Thumb Code     0  libshutdown2.o(.ARM.Collect$$libshutdown$$0000000F)
    __rt_lib_shutdown_return                 0x080021ab   Thumb Code     0  libshutdown2.o(.ARM.Collect$$libshutdown$$00000010)
    __rt_lib_shutdown_signal_1               0x080021ab   Thumb Code     0  libshutdown2.o(.ARM.Collect$$libshutdown$$0000000A)
    __rt_lib_shutdown_stdio_1                0x080021ab   Thumb Code     0  libshutdown2.o(.ARM.Collect$$libshutdown$$00000004)
    __rt_lib_shutdown_user_alloc_1           0x080021ab   Thumb Code     0  libshutdown2.o(.ARM.Collect$$libshutdown$$0000000C)
    __rt_entry                               0x080021ad   Thumb Code     0  __rtentry.o(.ARM.Collect$$rtentry$$00000000)
    __rt_entry_presh_1                       0x080021ad   Thumb Code     0  __rtentry2.o(.ARM.Collect$$rtentry$$00000002)
    __rt_entry_sh                            0x080021ad   Thumb Code     0  __rtentry4.o(.ARM.Collect$$rtentry$$00000004)
    __rt_entry_li                            0x080021b3   Thumb Code     0  __rtentry2.o(.ARM.Collect$$rtentry$$0000000A)
    __rt_entry_postsh_1                      0x080021b3   Thumb Code     0  __rtentry2.o(.ARM.Collect$$rtentry$$00000009)
    __rt_entry_main                          0x080021b7   Thumb Code     0  __rtentry2.o(.ARM.Collect$$rtentry$$0000000D)
    __rt_entry_postli_1                      0x080021b7   Thumb Code     0  __rtentry2.o(.ARM.Collect$$rtentry$$0000000C)
    __rt_exit                                0x080021bf   Thumb Code     0  rtexit.o(.ARM.Collect$$rtexit$$00000000)
    __rt_exit_ls                             0x080021c1   Thumb Code     0  rtexit2.o(.ARM.Collect$$rtexit$$00000003)
    __rt_exit_prels_1                        0x080021c1   Thumb Code     0  rtexit2.o(.ARM.Collect$$rtexit$$00000002)
    __rt_exit_exit                           0x080021c5   Thumb Code     0  rtexit2.o(.ARM.Collect$$rtexit$$00000004)
    CPU_IntDis                               0x080021cd   Thumb Code     0  cpu_a.o(.text)
    CPU_IntEn                                0x080021d1   Thumb Code     0  cpu_a.o(.text)
    CPU_SR_Save                              0x080021d5   Thumb Code     0  cpu_a.o(.text)
    CPU_SR_Restore                           0x080021dd   Thumb Code     0  cpu_a.o(.text)
    CPU_WaitForInt                           0x080021e3   Thumb Code     0  cpu_a.o(.text)
    CPU_WaitForExcept                        0x080021e7   Thumb Code     0  cpu_a.o(.text)
    CPU_CntLeadZeros                         0x080021eb   Thumb Code     0  cpu_a.o(.text)
    CPU_CntTrailZeros                        0x080021f1   Thumb Code     0  cpu_a.o(.text)
    CPU_RevBits                              0x080021fb   Thumb Code     0  cpu_a.o(.text)
    Reset_Handler                            0x08002201   Thumb Code     8  startup_stm32f10x_hd.o(.text)
    NMI_Handler                              0x08002209   Thumb Code     2  startup_stm32f10x_hd.o(.text)
    HardFault_Handler                        0x0800220b   Thumb Code     2  startup_stm32f10x_hd.o(.text)
    MemManage_Handler                        0x0800220d   Thumb Code     2  startup_stm32f10x_hd.o(.text)
    BusFault_Handler                         0x0800220f   Thumb Code     2  startup_stm32f10x_hd.o(.text)
    UsageFault_Handler                       0x08002211   Thumb Code     2  startup_stm32f10x_hd.o(.text)
    SVC_Handler                              0x08002213   Thumb Code     2  startup_stm32f10x_hd.o(.text)
    DebugMon_Handler                         0x08002215   Thumb Code     2  startup_stm32f10x_hd.o(.text)
    ADC1_2_IRQHandler                        0x0800221b   Thumb Code     0  startup_stm32f10x_hd.o(.text)
    ADC3_IRQHandler                          0x0800221b   Thumb Code     0  startup_stm32f10x_hd.o(.text)
    CAN1_RX1_IRQHandler                      0x0800221b   Thumb Code     0  startup_stm32f10x_hd.o(.text)
    CAN1_SCE_IRQHandler                      0x0800221b   Thumb Code     0  startup_stm32f10x_hd.o(.text)
    DMA1_Channel2_IRQHandler                 0x0800221b   Thumb Code     0  startup_stm32f10x_hd.o(.text)
    DMA1_Channel3_IRQHandler                 0x0800221b   Thumb Code     0  startup_stm32f10x_hd.o(.text)
    DMA1_Channel4_IRQHandler                 0x0800221b   Thumb Code     0  startup_stm32f10x_hd.o(.text)
    DMA1_Channel5_IRQHandler                 0x0800221b   Thumb Code     0  startup_stm32f10x_hd.o(.text)
    DMA1_Channel6_IRQHandler                 0x0800221b   Thumb Code     0  startup_stm32f10x_hd.o(.text)
    DMA1_Channel7_IRQHandler                 0x0800221b   Thumb Code     0  startup_stm32f10x_hd.o(.text)
    DMA2_Channel1_IRQHandler                 0x0800221b   Thumb Code     0  startup_stm32f10x_hd.o(.text)
    DMA2_Channel2_IRQHandler                 0x0800221b   Thumb Code     0  startup_stm32f10x_hd.o(.text)
    DMA2_Channel3_IRQHandler                 0x0800221b   Thumb Code     0  startup_stm32f10x_hd.o(.text)
    DMA2_Channel4_5_IRQHandler               0x0800221b   Thumb Code     0  startup_stm32f10x_hd.o(.text)
    EXTI0_IRQHandler                         0x0800221b   Thumb Code     0  startup_stm32f10x_hd.o(.text)
    EXTI15_10_IRQHandler                     0x0800221b   Thumb Code     0  startup_stm32f10x_hd.o(.text)
    EXTI1_IRQHandler                         0x0800221b   Thumb Code     0  startup_stm32f10x_hd.o(.text)
    EXTI2_IRQHandler                         0x0800221b   Thumb Code     0  startup_stm32f10x_hd.o(.text)
    EXTI3_IRQHandler                         0x0800221b   Thumb Code     0  startup_stm32f10x_hd.o(.text)
    EXTI4_IRQHandler                         0x0800221b   Thumb Code     0  startup_stm32f10x_hd.o(.text)
    EXTI9_5_IRQHandler                       0x0800221b   Thumb Code     0  startup_stm32f10x_hd.o(.text)
    FLASH_IRQHandler                         0x0800221b   Thumb Code     0  startup_stm32f10x_hd.o(.text)
    FSMC_IRQHandler                          0x0800221b   Thumb Code     0  startup_stm32f10x_hd.o(.text)
    I2C1_ER_IRQHandler                       0x0800221b   Thumb Code     0  startup_stm32f10x_hd.o(.text)
    I2C1_EV_IRQHandler                       0x0800221b   Thumb Code     0  startup_stm32f10x_hd.o(.text)
    I2C2_ER_IRQHandler                       0x0800221b   Thumb Code     0  startup_stm32f10x_hd.o(.text)
    I2C2_EV_IRQHandler                       0x0800221b   Thumb Code     0  startup_stm32f10x_hd.o(.text)
    PVD_IRQHandler                           0x0800221b   Thumb Code     0  startup_stm32f10x_hd.o(.text)
    RCC_IRQHandler                           0x0800221b   Thumb Code     0  startup_stm32f10x_hd.o(.text)
    RTCAlarm_IRQHandler                      0x0800221b   Thumb Code     0  startup_stm32f10x_hd.o(.text)
    RTC_IRQHandler                           0x0800221b   Thumb Code     0  startup_stm32f10x_hd.o(.text)
    SDIO_IRQHandler                          0x0800221b   Thumb Code     0  startup_stm32f10x_hd.o(.text)
    SPI1_IRQHandler                          0x0800221b   Thumb Code     0  startup_stm32f10x_hd.o(.text)
    SPI2_IRQHandler                          0x0800221b   Thumb Code     0  startup_stm32f10x_hd.o(.text)
    SPI3_IRQHandler                          0x0800221b   Thumb Code     0  startup_stm32f10x_hd.o(.text)
    TAMPER_IRQHandler                        0x0800221b   Thumb Code     0  startup_stm32f10x_hd.o(.text)
    TIM1_BRK_IRQHandler                      0x0800221b   Thumb Code     0  startup_stm32f10x_hd.o(.text)
    TIM1_CC_IRQHandler                       0x0800221b   Thumb Code     0  startup_stm32f10x_hd.o(.text)
    TIM1_TRG_COM_IRQHandler                  0x0800221b   Thumb Code     0  startup_stm32f10x_hd.o(.text)
    TIM1_UP_IRQHandler                       0x0800221b   Thumb Code     0  startup_stm32f10x_hd.o(.text)
    TIM2_IRQHandler                          0x0800221b   Thumb Code     0  startup_stm32f10x_hd.o(.text)
    TIM3_IRQHandler                          0x0800221b   Thumb Code     0  startup_stm32f10x_hd.o(.text)
    TIM4_IRQHandler                          0x0800221b   Thumb Code     0  startup_stm32f10x_hd.o(.text)
    TIM5_IRQHandler                          0x0800221b   Thumb Code     0  startup_stm32f10x_hd.o(.text)
    TIM6_IRQHandler                          0x0800221b   Thumb Code     0  startup_stm32f10x_hd.o(.text)
    TIM7_IRQHandler                          0x0800221b   Thumb Code     0  startup_stm32f10x_hd.o(.text)
    TIM8_BRK_IRQHandler                      0x0800221b   Thumb Code     0  startup_stm32f10x_hd.o(.text)
    TIM8_CC_IRQHandler                       0x0800221b   Thumb Code     0  startup_stm32f10x_hd.o(.text)
    TIM8_TRG_COM_IRQHandler                  0x0800221b   Thumb Code     0  startup_stm32f10x_hd.o(.text)
    TIM8_UP_IRQHandler                       0x0800221b   Thumb Code     0  startup_stm32f10x_hd.o(.text)
    UART4_IRQHandler                         0x0800221b   Thumb Code     0  startup_stm32f10x_hd.o(.text)
    USART2_IRQHandler                        0x0800221b   Thumb Code     0  startup_stm32f10x_hd.o(.text)
    USART3_IRQHandler                        0x0800221b   Thumb Code     0  startup_stm32f10x_hd.o(.text)
    USBWakeUp_IRQHandler                     0x0800221b   Thumb Code     0  startup_stm32f10x_hd.o(.text)
    USB_HP_CAN1_TX_IRQHandler                0x0800221b   Thumb Code     0  startup_stm32f10x_hd.o(.text)
    USB_LP_CAN1_RX0_IRQHandler               0x0800221b   Thumb Code     0  startup_stm32f10x_hd.o(.text)
    WWDG_IRQHandler                          0x0800221b   Thumb Code     0  startup_stm32f10x_hd.o(.text)
    __user_initial_stackheap                 0x0800221d   Thumb Code     0  startup_stm32f10x_hd.o(.text)
    __use_two_region_memory                  0x08002241   Thumb Code     2  heapauxi.o(.text)
    __rt_heap_escrow$2region                 0x08002243   Thumb Code     2  heapauxi.o(.text)
    __rt_heap_expand$2region                 0x08002245   Thumb Code     2  heapauxi.o(.text)
    __user_setup_stackheap                   0x08002247   Thumb Code    74  sys_stackheap_outer.o(.text)
    exit                                     0x08002291   Thumb Code    18  exit.o(.text)
    __user_libspace                          0x080022a5   Thumb Code     8  libspace.o(.text)
    __user_perproc_libspace                  0x080022a5   Thumb Code     0  libspace.o(.text)
    __user_perthread_libspace                0x080022a5   Thumb Code     0  libspace.o(.text)
    _sys_exit                                0x080022ad   Thumb Code     8  sys_exit.o(.text)
    __I$use$semihosting                      0x080022b9   Thumb Code     0  use_no_semi.o(.text)
    __use_no_semihosting_swi                 0x080022b9   Thumb Code     2  use_no_semi.o(.text)
    __semihosting_library_function           0x080022bb   Thumb Code     0  indicate_semi.o(.text)
    OSStartHighRdy                           0x080022bd   Thumb Code     0  os_cpu_a.o(CODE)
    OSCtxSw                                  0x080022df   Thumb Code     0  os_cpu_a.o(CODE)
    OSIntCtxSw                               0x080022e9   Thumb Code     0  os_cpu_a.o(CODE)
    OS_CPU_PendSVHandler                     0x080022f3   Thumb Code     0  os_cpu_a.o(CODE)
    ADC_DMACmd                               0x08002355   Thumb Code    22  stm32f10x_adc.o(i.ADC_DMACmd)
    ADC_SoftwareStartConvCmd                 0x0800236b   Thumb Code    22  stm32f10x_adc.o(i.ADC_SoftwareStartConvCmd)
    ASProtocolInit                           0x08002381   Thumb Code   244  asprotocol.o(i.ASProtocolInit)
    BatErrorLedOff                           0x080024b5   Thumb Code    12  batterypower.o(i.BatErrorLedOff)
    BatErrorLedOn                            0x080024c5   Thumb Code    12  batterypower.o(i.BatErrorLedOn)
    BatteryPowerInit                         0x08002519   Thumb Code   110  batterypower.o(i.BatteryPowerInit)
    CPU_IntDisMeasMaxCurGet                  0x080025ed   Thumb Code    40  cpu_core.o(i.CPU_IntDisMeasMaxCurGet)
    CPU_IntDisMeasMaxCurReset                0x08002619   Thumb Code    40  cpu_core.o(i.CPU_IntDisMeasMaxCurReset)
    CPU_IntDisMeasStart                      0x08002645   Thumb Code    38  cpu_core.o(i.CPU_IntDisMeasStart)
    CPU_IntDisMeasStop                       0x08002679   Thumb Code    62  cpu_core.o(i.CPU_IntDisMeasStop)
    CPU_TS_TmrRd                             0x080026cd   Thumb Code     6  cpu_core.o(i.CPU_TS_TmrRd)
    ChargeLedInit                            0x08002851   Thumb Code    54  batterypower.o(i.ChargeLedInit)
    ChargeLedOff                             0x0800288d   Thumb Code    12  batterypower.o(i.ChargeLedOff)
    ChargeLedOn                              0x0800289d   Thumb Code    12  batterypower.o(i.ChargeLedOn)
    ChargerActive                            0x080028ad   Thumb Code    16  batterypower.o(i.ChargerActive)
    ChargerReset                             0x08002969   Thumb Code    36  batterypower.o(i.ChargerReset)
    ChargerSuspend                           0x08002991   Thumb Code    18  batterypower.o(i.ChargerSuspend)
    ClosePVPower                             0x080029a9   Thumb Code    14  pvpower.o(i.ClosePVPower)
    DMA1_Channel1_IRQHandler                 0x080029c9   Thumb Code   216  adcsample.o(i.DMA1_Channel1_IRQHandler)
    DMA_ClearITPendingBit                    0x08002afd   Thumb Code    18  stm32f10x_dma.o(i.DMA_ClearITPendingBit)
    DMA_Cmd                                  0x08002b19   Thumb Code    24  stm32f10x_dma.o(i.DMA_Cmd)
    DMA_GetITStatus                          0x08002b31   Thumb Code    36  stm32f10x_dma.o(i.DMA_GetITStatus)
    DMA_ITConfig                             0x08002b5d   Thumb Code    18  stm32f10x_dma.o(i.DMA_ITConfig)
    DMA_Init                                 0x08002b6f   Thumb Code    60  stm32f10x_dma.o(i.DMA_Init)
    Delayus                                  0x08002bab   Thumb Code    28  iicbsp.o(i.Delayus)
    EraseNewSystemFlash                      0x08002bc9   Thumb Code    64  flashstoragehal.o(i.EraseNewSystemFlash)
    FLASH_ClearFlag                          0x08002c11   Thumb Code     6  stm32f10x_flash.o(i.FLASH_ClearFlag)
    FLASH_ErasePage                          0x08002c1d   Thumb Code    72  stm32f10x_flash.o(i.FLASH_ErasePage)
    FLASH_GetBank1Status                     0x08002c69   Thumb Code    48  stm32f10x_flash.o(i.FLASH_GetBank1Status)
    FLASH_GetStatus                          0x08002c9d   Thumb Code    48  stm32f10x_flash.o(i.FLASH_GetStatus)
    FLASH_Lock                               0x08002cd1   Thumb Code    14  stm32f10x_flash.o(i.FLASH_Lock)
    FLASH_ProgramHalfWord                    0x08002ce5   Thumb Code    60  stm32f10x_flash.o(i.FLASH_ProgramHalfWord)
    FLASH_ProgramWord                        0x08002d25   Thumb Code   102  stm32f10x_flash.o(i.FLASH_ProgramWord)
    FLASH_Unlock                             0x08002d91   Thumb Code    12  stm32f10x_flash.o(i.FLASH_Unlock)
    FLASH_WaitForLastOperation               0x08002da9   Thumb Code    38  stm32f10x_flash.o(i.FLASH_WaitForLastOperation)
    GPIO_Init                                0x08002e01   Thumb Code   278  stm32f10x_gpio.o(i.GPIO_Init)
    GPIO_ReadInputDataBit                    0x08002f17   Thumb Code    18  stm32f10x_gpio.o(i.GPIO_ReadInputDataBit)
    GPIO_ResetBits                           0x08002f29   Thumb Code     4  stm32f10x_gpio.o(i.GPIO_ResetBits)
    GPIO_SetBits                             0x08002f2d   Thumb Code     4  stm32f10x_gpio.o(i.GPIO_SetBits)
    GetASProtocl                             0x08002f31   Thumb Code     4  asprotocol.o(i.GetASProtocl)
    GetBatteryChargerState                   0x08002f39   Thumb Code   266  batterypower.o(i.GetBatteryChargerState)
    GetBatteryCurrent                        0x08003049   Thumb Code    64  batterypower.o(i.GetBatteryCurrent)
    GetBatteryIin                            0x08003099   Thumb Code    64  batterypower.o(i.GetBatteryIin)
    GetBatterySOC                            0x080032f1   Thumb Code    14  batterypower.o(i.GetBatterySOC)
    GetBatteryTemp                           0x08003305   Thumb Code   308  batterypower.o(i.GetBatteryTemp)
    GetBatteryVin                            0x080034ad   Thumb Code    52  batterypower.o(i.GetBatteryVin)
    GetBatteryVoltage                        0x080034ed   Thumb Code    64  batterypower.o(i.GetBatteryVoltage)
    GetHardwareVersion                       0x0800353d   Thumb Code    50  hardwareversion.o(i.GetHardwareVersion)
    GetTMP                                   0x08003575   Thumb Code    74  tmpsensor.o(i.GetTMP)
    HDVInit                                  0x080035c5   Thumb Code    40  hardwareversion.o(i.HDVInit)
    HeatingCmd                               0x080035f1   Thumb Code    28  batterypower.o(i.HeatingCmd)
    IICInit                                  0x080036fb   Thumb Code    78  iicbsp.o(i.IICInit)
    IICRead                                  0x08003749   Thumb Code   160  iicbsp.o(i.IICRead)
    IICWrite                                 0x0800392d   Thumb Code   108  iicbsp.o(i.IICWrite)
    IICWriteByte                             0x08003999   Thumb Code    90  iicbsp.o(i.IICWriteByte)
    IWDGInit                                 0x080039f3   Thumb Code    52  init.o(i.IWDGInit)
    IWDG_Enable                              0x08003a29   Thumb Code    10  stm32f10x_iwdg.o(i.IWDG_Enable)
    IWDG_ReloadCounter                       0x08003a39   Thumb Code    10  stm32f10x_iwdg.o(i.IWDG_ReloadCounter)
    IWDG_SetPrescaler                        0x08003a49   Thumb Code     6  stm32f10x_iwdg.o(i.IWDG_SetPrescaler)
    IWDG_SetReload                           0x08003a55   Thumb Code     6  stm32f10x_iwdg.o(i.IWDG_SetReload)
    IWDG_WriteAccessCmd                      0x08003a61   Thumb Code     6  stm32f10x_iwdg.o(i.IWDG_WriteAccessCmd)
    LEDFlash                                 0x08003a6d   Thumb Code    40  ledhal.o(i.LEDFlash)
    LEDInit                                  0x08003a9d   Thumb Code    70  ledhal.o(i.LEDInit)
    LEDTurnOff                               0x08003ae9   Thumb Code    12  ledhal.o(i.LEDTurnOff)
    LEDTurnOn                                0x08003af9   Thumb Code    12  ledhal.o(i.LEDTurnOn)
    LoRaModulePowerOff                       0x08003b65   Thumb Code    14  modbusframehal.o(i.LoRaModulePowerOff)
    LoRaModulePowerOn                        0x08003b79   Thumb Code    14  modbusframehal.o(i.LoRaModulePowerOn)
    ModbusPortInit                           0x08003cd5   Thumb Code    50  modbusframehal.o(i.ModbusPortInit)
    ModbusRead                               0x08003d19   Thumb Code   172  modbusframehal.o(i.ModbusRead)
    ModbusSend                               0x08003dc9   Thumb Code   376  modbusframehal.o(i.ModbusSend)
    NVICInit                                 0x08003f4d   Thumb Code   130  init.o(i.NVICInit)
    NVIC_Init                                0x08003fd1   Thumb Code   100  misc.o(i.NVIC_Init)
    NVIC_PriorityGroupConfig                 0x08004041   Thumb Code    10  misc.o(i.NVIC_PriorityGroupConfig)
    OSCfg_Init                               0x08004055   Thumb Code     2  os_cfg_app.o(i.OSCfg_Init)
    OSIdleTaskHook                           0x08004059   Thumb Code    16  os_cpu_c.o(i.OSIdleTaskHook)
    OSInit                                   0x0800406d   Thumb Code   194  os_core.o(i.OSInit)
    OSInitHook                               0x08004185   Thumb Code    28  os_cpu_c.o(i.OSInitHook)
    OSIntExit                                0x080041ad   Thumb Code   184  os_core.o(i.OSIntExit)
    OSSched                                  0x08004285   Thumb Code   126  os_core.o(i.OSSched)
    OSStart                                  0x08004321   Thumb Code    78  os_core.o(i.OSStart)
    OSTaskCreate                             0x08004389   Thumb Code   368  os_task.o(i.OSTaskCreate)
    OSTaskCreateHook                         0x0800450d   Thumb Code    20  os_cpu_c.o(i.OSTaskCreateHook)
    OSTaskDel                                0x08004525   Thumb Code   284  os_task.o(i.OSTaskDel)
    OSTaskDelHook                            0x08004651   Thumb Code    20  os_cpu_c.o(i.OSTaskDelHook)
    OSTaskReturnHook                         0x08004669   Thumb Code    20  os_cpu_c.o(i.OSTaskReturnHook)
    OSTaskSemPend                            0x08004681   Thumb Code   472  os_task.o(i.OSTaskSemPend)
    OSTaskSemPost                            0x08004865   Thumb Code    62  os_task.o(i.OSTaskSemPost)
    OSTaskStkInit                            0x080048a5   Thumb Code   192  os_cpu_c.o(i.OSTaskStkInit)
    OSTaskSwHook                             0x08004969   Thumb Code   126  os_cpu_c.o(i.OSTaskSwHook)
    OSTimeDly                                0x080049f9   Thumb Code   184  os_time.o(i.OSTimeDly)
    OSTimeTick                               0x08004abd   Thumb Code    18  os_time.o(i.OSTimeTick)
    OSTimeTickHook                           0x08004ad5   Thumb Code    16  os_cpu_c.o(i.OSTimeTickHook)
    OS_CPU_SysTickHandler                    0x08004ae9   Thumb Code    60  os_cpu_c.o(i.OS_CPU_SysTickHandler)
    OS_CPU_SysTickInit                       0x08004b29   Thumb Code    44  os_cpu_c.o(i.OS_CPU_SysTickInit)
    OS_FlagInit                              0x08004b59   Thumb Code    10  os_flag.o(i.OS_FlagInit)
    OS_IdleTask                              0x08004b69   Thumb Code    56  os_core.o(i.OS_IdleTask)
    OS_IdleTaskInit                          0x08004ba5   Thumb Code    66  os_core.o(i.OS_IdleTaskInit)
    OS_Pend                                  0x08004c15   Thumb Code    88  os_core.o(i.OS_Pend)
    OS_PendDataInit                          0x08004c71   Thumb Code    38  os_core.o(i.OS_PendDataInit)
    OS_PendListInsertPrio                    0x08004c97   Thumb Code   102  os_core.o(i.OS_PendListInsertPrio)
    OS_PendListRemove                        0x08004cfd   Thumb Code    48  os_core.o(i.OS_PendListRemove)
    OS_PendListRemove1                       0x08004d2d   Thumb Code    66  os_core.o(i.OS_PendListRemove1)
    OS_Post                                  0x08004d6f   Thumb Code   186  os_core.o(i.OS_Post)
    OS_Post1                                 0x08004e29   Thumb Code    42  os_core.o(i.OS_Post1)
    OS_PrioGetHighest                        0x08004e55   Thumb Code    36  os_prio.o(i.OS_PrioGetHighest)
    OS_PrioInit                              0x08004e7d   Thumb Code    20  os_prio.o(i.OS_PrioInit)
    OS_PrioInsert                            0x08004e95   Thumb Code    32  os_prio.o(i.OS_PrioInsert)
    OS_PrioRemove                            0x08004eb9   Thumb Code    32  os_prio.o(i.OS_PrioRemove)
    OS_RdyListInit                           0x08004edd   Thumb Code    32  os_core.o(i.OS_RdyListInit)
    OS_RdyListInsert                         0x08004f01   Thumb Code    40  os_core.o(i.OS_RdyListInsert)
    OS_RdyListInsertHead                     0x08004f2d   Thumb Code    58  os_core.o(i.OS_RdyListInsertHead)
    OS_RdyListInsertTail                     0x08004f6d   Thumb Code    56  os_core.o(i.OS_RdyListInsertTail)
    OS_RdyListRemove                         0x08004fa9   Thumb Code    86  os_core.o(i.OS_RdyListRemove)
    OS_SemInit                               0x08005005   Thumb Code    10  os_sem.o(i.OS_SemInit)
    OS_TaskBlock                             0x08005015   Thumb Code    40  os_core.o(i.OS_TaskBlock)
    OS_TaskInit                              0x08005041   Thumb Code    14  os_task.o(i.OS_TaskInit)
    OS_TaskInitTCB                           0x08005059   Thumb Code   112  os_task.o(i.OS_TaskInitTCB)
    OS_TaskReturn                            0x080050c9   Thumb Code    20  os_task.o(i.OS_TaskReturn)
    OS_TaskSemPost                           0x080050e1   Thumb Code   492  os_task.o(i.OS_TaskSemPost)
    OS_TickListInsert                        0x080052d1   Thumb Code   114  os_tick.o(i.OS_TickListInsert)
    OS_TickListInsertDly                     0x08005345   Thumb Code   180  os_tick.o(i.OS_TickListInsertDly)
    OS_TickListRemove                        0x08005401   Thumb Code    72  os_tick.o(i.OS_TickListRemove)
    OS_TickTask                              0x0800558d   Thumb Code   106  os_tick.o(i.OS_TickTask)
    OS_TickTaskInit                          0x08005605   Thumb Code   128  os_tick.o(i.OS_TickTaskInit)
    OpenPVPower                              0x080056c1   Thumb Code    14  pvpower.o(i.OpenPVPower)
    PVPowerInit                              0x080056d5   Thumb Code    50  pvpower.o(i.PVPowerInit)
    ParaInit                                 0x0800570d   Thumb Code    12  init.o(i.ParaInit)
    PowerInit                                0x0800583d   Thumb Code    40  powermanagement.o(i.PowerInit)
    PowerMangement                           0x08005889   Thumb Code   758  powermanagement.o(i.PowerMangement)
    ProtocolAnalysis                         0x08005bb5   Thumb Code   688  protocolanalysis.o(i.ProtocolAnalysis)
    ProtocolInit                             0x08005e6d   Thumb Code    16  protocolanalysis.o(i.ProtocolInit)
    RCC_AHBPeriphClockCmd                    0x08005f41   Thumb Code    26  stm32f10x_rcc.o(i.RCC_AHBPeriphClockCmd)
    RCC_APB1PeriphClockCmd                   0x08005f61   Thumb Code    26  stm32f10x_rcc.o(i.RCC_APB1PeriphClockCmd)
    RCC_APB2PeriphClockCmd                   0x08005f81   Thumb Code    26  stm32f10x_rcc.o(i.RCC_APB2PeriphClockCmd)
    RCC_GetClocksFreq                        0x08005fa1   Thumb Code   192  stm32f10x_rcc.o(i.RCC_GetClocksFreq)
    RCC_GetFlagStatus                        0x08006075   Thumb Code    56  stm32f10x_rcc.o(i.RCC_GetFlagStatus)
    RCC_LSICmd                               0x080060b1   Thumb Code     6  stm32f10x_rcc.o(i.RCC_LSICmd)
    ReadConfigParaFromFlash                  0x08006255   Thumb Code    50  flashstoragehal.o(i.ReadConfigParaFromFlash)
    SystemInit                               0x08006395   Thumb Code    76  system_stm32f10x.o(i.SystemInit)
    TMPSensorInit                            0x08006409   Thumb Code    40  tmpsensor.o(i.TMPSensorInit)
    UART5_IRQHandler                         0x08006665   Thumb Code   174  modbusframehal.o(i.UART5_IRQHandler)
    USART1_IRQHandler                        0x0800671d   Thumb Code   196  modbusframehal.o(i.USART1_IRQHandler)
    USART_ClearITPendingBit                  0x080067f1   Thumb Code    30  stm32f10x_usart.o(i.USART_ClearITPendingBit)
    USART_Cmd                                0x0800680f   Thumb Code    24  stm32f10x_usart.o(i.USART_Cmd)
    USART_DMACmd                             0x08006827   Thumb Code    18  stm32f10x_usart.o(i.USART_DMACmd)
    USART_GetITStatus                        0x08006839   Thumb Code    84  stm32f10x_usart.o(i.USART_GetITStatus)
    USART_ITConfig                           0x0800688d   Thumb Code    74  stm32f10x_usart.o(i.USART_ITConfig)
    USART_Init                               0x080068d9   Thumb Code   210  stm32f10x_usart.o(i.USART_Init)
    USART_SendData                           0x080069b1   Thumb Code     8  stm32f10x_usart.o(i.USART_SendData)
    WriteIAPFlagToFlash                      0x080069b9   Thumb Code    60  flashstoragehal.o(i.WriteIAPFlagToFlash)
    WriteNewSystemToFlash                    0x080069f9   Thumb Code    64  flashstoragehal.o(i.WriteNewSystemToFlash)
    main                                     0x08006a3d   Thumb Code   280  main.o(i.main)
    __aeabi_d2f                              0x08006bd9   Thumb Code     0  d2f.o(x$fpl$d2f)
    _d2f                                     0x08006bd9   Thumb Code    98  d2f.o(x$fpl$d2f)
    __aeabi_dadd                             0x08006c3d   Thumb Code     0  daddsub_clz.o(x$fpl$dadd)
    _dadd                                    0x08006c3d   Thumb Code   332  daddsub_clz.o(x$fpl$dadd)
    __fpl_dcmp_Inf                           0x08006d8d   Thumb Code    24  dcmpi.o(x$fpl$dcmpinf)
    __aeabi_cdcmple                          0x08006da5   Thumb Code     0  dleqf.o(x$fpl$dleqf)
    _dcmple                                  0x08006da5   Thumb Code   120  dleqf.o(x$fpl$dleqf)
    __fpl_dcmple_InfNaN                      0x08006e07   Thumb Code     0  dleqf.o(x$fpl$dleqf)
    __aeabi_dmul                             0x08006e1d   Thumb Code     0  dmul.o(x$fpl$dmul)
    _dmul                                    0x08006e1d   Thumb Code   332  dmul.o(x$fpl$dmul)
    __fpl_dnaninf                            0x08006f71   Thumb Code   156  dnaninf.o(x$fpl$dnaninf)
    __fpl_dretinf                            0x0800700d   Thumb Code    12  dretinf.o(x$fpl$dretinf)
    __aeabi_cdrcmple                         0x08007019   Thumb Code     0  drleqf.o(x$fpl$drleqf)
    _drcmple                                 0x08007019   Thumb Code   108  drleqf.o(x$fpl$drleqf)
    __aeabi_dsub                             0x08007085   Thumb Code     0  daddsub_clz.o(x$fpl$dsub)
    _dsub                                    0x08007085   Thumb Code   464  daddsub_clz.o(x$fpl$dsub)
    __aeabi_f2d                              0x08007259   Thumb Code     0  f2d.o(x$fpl$f2d)
    _f2d                                     0x08007259   Thumb Code    86  f2d.o(x$fpl$f2d)
    __aeabi_fadd                             0x080072b1   Thumb Code     0  faddsub_clz.o(x$fpl$fadd)
    _fadd                                    0x080072b1   Thumb Code   196  faddsub_clz.o(x$fpl$fadd)
    __fpl_fcmp_Inf                           0x08007375   Thumb Code    24  fcmpi.o(x$fpl$fcmpinf)
    __aeabi_fdiv                             0x0800738d   Thumb Code     0  fdiv.o(x$fpl$fdiv)
    _fdiv                                    0x0800738d   Thumb Code   384  fdiv.o(x$fpl$fdiv)
    __aeabi_f2iz                             0x08007511   Thumb Code     0  ffix.o(x$fpl$ffix)
    _ffix                                    0x08007511   Thumb Code    54  ffix.o(x$fpl$ffix)
    __aeabi_f2uiz                            0x08007549   Thumb Code     0  ffixu.o(x$fpl$ffixu)
    _ffixu                                   0x08007549   Thumb Code    62  ffixu.o(x$fpl$ffixu)
    __aeabi_i2f                              0x08007589   Thumb Code     0  fflt_clz.o(x$fpl$fflt)
    _fflt                                    0x08007589   Thumb Code    48  fflt_clz.o(x$fpl$fflt)
    __aeabi_ui2f                             0x080075b9   Thumb Code     0  fflt_clz.o(x$fpl$ffltu)
    _ffltu                                   0x080075b9   Thumb Code    38  fflt_clz.o(x$fpl$ffltu)
    __aeabi_cfcmple                          0x080075e1   Thumb Code     0  fleqf.o(x$fpl$fleqf)
    _fcmple                                  0x080075e1   Thumb Code   104  fleqf.o(x$fpl$fleqf)
    __fpl_fcmple_InfNaN                      0x08007633   Thumb Code     0  fleqf.o(x$fpl$fleqf)
    __aeabi_fmul                             0x08007649   Thumb Code     0  fmul.o(x$fpl$fmul)
    _fmul                                    0x08007649   Thumb Code   258  fmul.o(x$fpl$fmul)
    __fpl_fnaninf                            0x0800774b   Thumb Code   140  fnaninf.o(x$fpl$fnaninf)
    __fpl_fretinf                            0x080077d7   Thumb Code    10  fretinf.o(x$fpl$fretinf)
    __aeabi_cfrcmple                         0x080077e1   Thumb Code     0  frleqf.o(x$fpl$frleqf)
    _frcmple                                 0x080077e1   Thumb Code    98  frleqf.o(x$fpl$frleqf)
    __aeabi_frsub                            0x08007843   Thumb Code     0  faddsub_clz.o(x$fpl$frsb)
    _frsb                                    0x08007843   Thumb Code    20  faddsub_clz.o(x$fpl$frsb)
    __aeabi_fsub                             0x08007859   Thumb Code     0  faddsub_clz.o(x$fpl$fsub)
    _fsub                                    0x08007859   Thumb Code   234  faddsub_clz.o(x$fpl$fsub)
    __I$use$fp                               0x08007942   Number         0  usenofp.o(x$fpl$usenofp)
    OSCfg_IdleTaskStkBasePtr                 0x08007944   Data           4  os_cfg_app.o(.constdata)
    OSCfg_IdleTaskStkLimit                   0x08007948   Data           4  os_cfg_app.o(.constdata)
    OSCfg_IdleTaskStkSize                    0x0800794c   Data           4  os_cfg_app.o(.constdata)
    OSCfg_IdleTaskStkSizeRAM                 0x08007950   Data           4  os_cfg_app.o(.constdata)
    OSCfg_IntQBasePtr                        0x08007954   Data           4  os_cfg_app.o(.constdata)
    OSCfg_IntQSize                           0x08007958   Data           2  os_cfg_app.o(.constdata)
    OSCfg_IntQSizeRAM                        0x0800795c   Data           4  os_cfg_app.o(.constdata)
    OSCfg_IntQTaskStkBasePtr                 0x08007960   Data           4  os_cfg_app.o(.constdata)
    OSCfg_IntQTaskStkLimit                   0x08007964   Data           4  os_cfg_app.o(.constdata)
    OSCfg_IntQTaskStkSize                    0x08007968   Data           4  os_cfg_app.o(.constdata)
    OSCfg_IntQTaskStkSizeRAM                 0x0800796c   Data           4  os_cfg_app.o(.constdata)
    OSCfg_ISRStkBasePtr                      0x08007970   Data           4  os_cfg_app.o(.constdata)
    OSCfg_ISRStkSize                         0x08007974   Data           4  os_cfg_app.o(.constdata)
    OSCfg_ISRStkSizeRAM                      0x08007978   Data           4  os_cfg_app.o(.constdata)
    OSCfg_MsgPoolSize                        0x0800797c   Data           2  os_cfg_app.o(.constdata)
    OSCfg_MsgPoolSizeRAM                     0x08007980   Data           4  os_cfg_app.o(.constdata)
    OSCfg_MsgPoolBasePtr                     0x08007984   Data           4  os_cfg_app.o(.constdata)
    OSCfg_StatTaskPrio                       0x08007988   Data           1  os_cfg_app.o(.constdata)
    OSCfg_StatTaskRate_Hz                    0x0800798c   Data           4  os_cfg_app.o(.constdata)
    OSCfg_StatTaskStkBasePtr                 0x08007990   Data           4  os_cfg_app.o(.constdata)
    OSCfg_StatTaskStkLimit                   0x08007994   Data           4  os_cfg_app.o(.constdata)
    OSCfg_StatTaskStkSize                    0x08007998   Data           4  os_cfg_app.o(.constdata)
    OSCfg_StatTaskStkSizeRAM                 0x0800799c   Data           4  os_cfg_app.o(.constdata)
    OSCfg_StkSizeMin                         0x080079a0   Data           4  os_cfg_app.o(.constdata)
    OSCfg_TickRate_Hz                        0x080079a4   Data           4  os_cfg_app.o(.constdata)
    OSCfg_TickTaskPrio                       0x080079a8   Data           1  os_cfg_app.o(.constdata)
    OSCfg_TickTaskStkBasePtr                 0x080079ac   Data           4  os_cfg_app.o(.constdata)
    OSCfg_TickTaskStkLimit                   0x080079b0   Data           4  os_cfg_app.o(.constdata)
    OSCfg_TickTaskStkSize                    0x080079b4   Data           4  os_cfg_app.o(.constdata)
    OSCfg_TickTaskStkSizeRAM                 0x080079b8   Data           4  os_cfg_app.o(.constdata)
    OSCfg_TmrTaskPrio                        0x080079bc   Data           1  os_cfg_app.o(.constdata)
    OSCfg_TmrTaskRate_Hz                     0x080079c0   Data           4  os_cfg_app.o(.constdata)
    OSCfg_TmrTaskStkBasePtr                  0x080079c4   Data           4  os_cfg_app.o(.constdata)
    OSCfg_TmrTaskStkLimit                    0x080079c8   Data           4  os_cfg_app.o(.constdata)
    OSCfg_TmrTaskStkSize                     0x080079cc   Data           4  os_cfg_app.o(.constdata)
    OSCfg_TmrTaskStkSizeRAM                  0x080079d0   Data           4  os_cfg_app.o(.constdata)
    OSCfg_DataSizeRAM                        0x080079d4   Data           4  os_cfg_app.o(.constdata)
    Region$$Table$$Base                      0x080079d8   Number         0  anon$$obj.o(Region$$Table)
    Region$$Table$$Limit                     0x080079f8   Number         0  anon$$obj.o(Region$$Table)
    OSPrioTbl                                0x20000000   Data           4  os_prio.o(.data)
    OS_AppTaskCreateHookPtr                  0x20000004   Data           4  os_var.o(.data)
    OS_AppTaskDelHookPtr                     0x20000008   Data           4  os_var.o(.data)
    OS_AppTaskReturnHookPtr                  0x2000000c   Data           4  os_var.o(.data)
    OS_AppIdleTaskHookPtr                    0x20000010   Data           4  os_var.o(.data)
    OS_AppStatTaskHookPtr                    0x20000014   Data           4  os_var.o(.data)
    OS_AppTaskSwHookPtr                      0x20000018   Data           4  os_var.o(.data)
    OS_AppTimeTickHookPtr                    0x2000001c   Data           4  os_var.o(.data)
    OSIdleTaskCtr                            0x20000020   Data           4  os_var.o(.data)
    OSIntNestingCtr                          0x20000024   Data           1  os_var.o(.data)
    OSIntDisTimeMax                          0x20000028   Data           4  os_var.o(.data)
    OSRunning                                0x2000002c   Data           1  os_var.o(.data)
    OSFlagQty                                0x2000002e   Data           2  os_var.o(.data)
    OSPrioCur                                0x20000030   Data           1  os_var.o(.data)
    OSPrioHighRdy                            0x20000031   Data           1  os_var.o(.data)
    OSPrioSaved                              0x20000032   Data           1  os_var.o(.data)
    OSSchedLockTimeBegin                     0x20000034   Data           4  os_var.o(.data)
    OSSchedLockTimeMax                       0x20000038   Data           4  os_var.o(.data)
    OSSchedLockTimeMaxCur                    0x2000003c   Data           4  os_var.o(.data)
    OSSchedLockNestingCtr                    0x20000040   Data           1  os_var.o(.data)
    OSSemQty                                 0x20000042   Data           2  os_var.o(.data)
    OSTaskCtxSwCtr                           0x20000044   Data           4  os_var.o(.data)
    OSTaskQty                                0x20000048   Data           2  os_var.o(.data)
    OSTaskRegNextAvailID                     0x2000004a   Data           1  os_var.o(.data)
    OSTickCtr                                0x2000004c   Data           4  os_var.o(.data)
    OSTickTaskTimeMax                        0x20000050   Data           4  os_var.o(.data)
    OSTickListDly                            0x20000054   Data           4  os_var.o(.data)
    OSTickListTimeout                        0x20000058   Data           4  os_var.o(.data)
    OSTCBCurPtr                              0x2000005c   Data           4  os_var.o(.data)
    OSTCBHighRdyPtr                          0x20000060   Data           4  os_var.o(.data)
    OS_CPU_ExceptStkBase                     0x20000064   Data           4  os_cpu_c.o(.data)
    CPU_TS_TmrFreq_Hz                        0x20000068   Data           4  cpu_core.o(.data)
    CPU_IntDisMeasCtr                        0x2000006c   Data           2  cpu_core.o(.data)
    CPU_IntDisNestCtr                        0x2000006e   Data           2  cpu_core.o(.data)
    CPU_IntDisMeasStart_cnts                 0x20000070   Data           4  cpu_core.o(.data)
    CPU_IntDisMeasStop_cnts                  0x20000074   Data           4  cpu_core.o(.data)
    CPU_IntDisMeasOvrhd_cnts                 0x20000078   Data           4  cpu_core.o(.data)
    CPU_IntDisMeasMaxCur_cnts                0x2000007c   Data           4  cpu_core.o(.data)
    CPU_IntDisMeasMax_cnts                   0x20000080   Data           4  cpu_core.o(.data)
    OSCfg_IdleTaskStk                        0x200000e0   Data         512  os_cfg_app.o(.bss)
    OSCfg_ISRStk                             0x200002e0   Data         512  os_cfg_app.o(.bss)
    OSCfg_TickTaskStk                        0x200004e0   Data         512  os_cfg_app.o(.bss)
    OSIdleTaskTCB                            0x200006e0   Data         112  os_var.o(.bss)
    OSRdyList                                0x20000750   Data         384  os_var.o(.bss)
    OSTickTaskTCB                            0x200008d0   Data         112  os_var.o(.bss)
    GlobalVariable                           0x20000940   Data         484  main.o(.bss)
    SamplingTCB                              0x20002324   Data         112  main.o(.bss)
    PowerManagementTCB                       0x20002394   Data         112  main.o(.bss)
    ModbusOverLoRaTCB                        0x20002404   Data         112  main.o(.bss)
    ParameterSaveTCB                         0x20002474   Data         112  main.o(.bss)
    LedIWDGTCB                               0x200024e4   Data         112  main.o(.bss)
    Motor_continuous_Flags                   0x20002554   Data          24  main.o(.bss)
    __libspace_start                         0x20003164   Data          96  libspace.o(.bss)
    __temporary_stack_top$libspace           0x200031c4   Data           0  libspace.o(.bss)



==============================================================================

Memory Map of the image

  Image Entry point : 0x08002131

  Load Region LR_IROM1 (Base: 0x08002000, Size: 0x00005ad8, Max: 0x00028000, ABSOLUTE)

    Execution Region ER_IROM1 (Exec base: 0x08002000, Load base: 0x08002000, Size: 0x000059f8, Max: 0x00028000, ABSOLUTE)

    Exec Addr    Load Addr    Size         Type   Attr      Idx    E Section Name        Object

    0x08002000   0x08002000   0x00000130   Data   RO         4669    RESET               startup_stm32f10x_hd.o
    0x08002130   0x08002130   0x00000008   Code   RO         4724  * !!!main             c_w.l(__main.o)
    0x08002138   0x08002138   0x00000034   Code   RO         4940    !!!scatter          c_w.l(__scatter.o)
    0x0800216c   0x0800216c   0x0000001a   Code   RO         4942    !!handler_copy      c_w.l(__scatter_copy.o)
    0x08002186   0x08002186   0x00000002   PAD
    0x08002188   0x08002188   0x0000001c   Code   RO         4944    !!handler_zi        c_w.l(__scatter_zi.o)
    0x080021a4   0x080021a4   0x00000002   Code   RO         4810    .ARM.Collect$$libinit$$00000000  c_w.l(libinit.o)
    0x080021a6   0x080021a6   0x00000000   Code   RO         4817    .ARM.Collect$$libinit$$00000002  c_w.l(libinit2.o)
    0x080021a6   0x080021a6   0x00000000   Code   RO         4819    .ARM.Collect$$libinit$$00000004  c_w.l(libinit2.o)
    0x080021a6   0x080021a6   0x00000000   Code   RO         4822    .ARM.Collect$$libinit$$0000000A  c_w.l(libinit2.o)
    0x080021a6   0x080021a6   0x00000000   Code   RO         4824    .ARM.Collect$$libinit$$0000000C  c_w.l(libinit2.o)
    0x080021a6   0x080021a6   0x00000000   Code   RO         4826    .ARM.Collect$$libinit$$0000000E  c_w.l(libinit2.o)
    0x080021a6   0x080021a6   0x00000000   Code   RO         4829    .ARM.Collect$$libinit$$00000011  c_w.l(libinit2.o)
    0x080021a6   0x080021a6   0x00000000   Code   RO         4831    .ARM.Collect$$libinit$$00000013  c_w.l(libinit2.o)
    0x080021a6   0x080021a6   0x00000000   Code   RO         4833    .ARM.Collect$$libinit$$00000015  c_w.l(libinit2.o)
    0x080021a6   0x080021a6   0x00000000   Code   RO         4835    .ARM.Collect$$libinit$$00000017  c_w.l(libinit2.o)
    0x080021a6   0x080021a6   0x00000000   Code   RO         4837    .ARM.Collect$$libinit$$00000019  c_w.l(libinit2.o)
    0x080021a6   0x080021a6   0x00000000   Code   RO         4839    .ARM.Collect$$libinit$$0000001B  c_w.l(libinit2.o)
    0x080021a6   0x080021a6   0x00000000   Code   RO         4841    .ARM.Collect$$libinit$$0000001D  c_w.l(libinit2.o)
    0x080021a6   0x080021a6   0x00000000   Code   RO         4843    .ARM.Collect$$libinit$$0000001F  c_w.l(libinit2.o)
    0x080021a6   0x080021a6   0x00000000   Code   RO         4845    .ARM.Collect$$libinit$$00000021  c_w.l(libinit2.o)
    0x080021a6   0x080021a6   0x00000000   Code   RO         4847    .ARM.Collect$$libinit$$00000023  c_w.l(libinit2.o)
    0x080021a6   0x080021a6   0x00000000   Code   RO         4849    .ARM.Collect$$libinit$$00000025  c_w.l(libinit2.o)
    0x080021a6   0x080021a6   0x00000000   Code   RO         4853    .ARM.Collect$$libinit$$0000002C  c_w.l(libinit2.o)
    0x080021a6   0x080021a6   0x00000000   Code   RO         4855    .ARM.Collect$$libinit$$0000002E  c_w.l(libinit2.o)
    0x080021a6   0x080021a6   0x00000000   Code   RO         4857    .ARM.Collect$$libinit$$00000030  c_w.l(libinit2.o)
    0x080021a6   0x080021a6   0x00000000   Code   RO         4859    .ARM.Collect$$libinit$$00000032  c_w.l(libinit2.o)
    0x080021a6   0x080021a6   0x00000002   Code   RO         4860    .ARM.Collect$$libinit$$00000033  c_w.l(libinit2.o)
    0x080021a8   0x080021a8   0x00000002   Code   RO         4880    .ARM.Collect$$libshutdown$$00000000  c_w.l(libshutdown.o)
    0x080021aa   0x080021aa   0x00000000   Code   RO         4893    .ARM.Collect$$libshutdown$$00000002  c_w.l(libshutdown2.o)
    0x080021aa   0x080021aa   0x00000000   Code   RO         4895    .ARM.Collect$$libshutdown$$00000004  c_w.l(libshutdown2.o)
    0x080021aa   0x080021aa   0x00000000   Code   RO         4898    .ARM.Collect$$libshutdown$$00000007  c_w.l(libshutdown2.o)
    0x080021aa   0x080021aa   0x00000000   Code   RO         4901    .ARM.Collect$$libshutdown$$0000000A  c_w.l(libshutdown2.o)
    0x080021aa   0x080021aa   0x00000000   Code   RO         4903    .ARM.Collect$$libshutdown$$0000000C  c_w.l(libshutdown2.o)
    0x080021aa   0x080021aa   0x00000000   Code   RO         4906    .ARM.Collect$$libshutdown$$0000000F  c_w.l(libshutdown2.o)
    0x080021aa   0x080021aa   0x00000002   Code   RO         4907    .ARM.Collect$$libshutdown$$00000010  c_w.l(libshutdown2.o)
    0x080021ac   0x080021ac   0x00000000   Code   RO         4772    .ARM.Collect$$rtentry$$00000000  c_w.l(__rtentry.o)
    0x080021ac   0x080021ac   0x00000000   Code   RO         4787    .ARM.Collect$$rtentry$$00000002  c_w.l(__rtentry2.o)
    0x080021ac   0x080021ac   0x00000006   Code   RO         4799    .ARM.Collect$$rtentry$$00000004  c_w.l(__rtentry4.o)
    0x080021b2   0x080021b2   0x00000000   Code   RO         4789    .ARM.Collect$$rtentry$$00000009  c_w.l(__rtentry2.o)
    0x080021b2   0x080021b2   0x00000004   Code   RO         4790    .ARM.Collect$$rtentry$$0000000A  c_w.l(__rtentry2.o)
    0x080021b6   0x080021b6   0x00000000   Code   RO         4792    .ARM.Collect$$rtentry$$0000000C  c_w.l(__rtentry2.o)
    0x080021b6   0x080021b6   0x00000008   Code   RO         4793    .ARM.Collect$$rtentry$$0000000D  c_w.l(__rtentry2.o)
    0x080021be   0x080021be   0x00000002   Code   RO         4814    .ARM.Collect$$rtexit$$00000000  c_w.l(rtexit.o)
    0x080021c0   0x080021c0   0x00000000   Code   RO         4862    .ARM.Collect$$rtexit$$00000002  c_w.l(rtexit2.o)
    0x080021c0   0x080021c0   0x00000004   Code   RO         4863    .ARM.Collect$$rtexit$$00000003  c_w.l(rtexit2.o)
    0x080021c4   0x080021c4   0x00000006   Code   RO         4864    .ARM.Collect$$rtexit$$00000004  c_w.l(rtexit2.o)
    0x080021ca   0x080021ca   0x00000002   PAD
    0x080021cc   0x080021cc   0x00000034   Code   RO          796    .text               cpu_a.o
    0x08002200   0x08002200   0x00000040   Code   RO         4670    .text               startup_stm32f10x_hd.o
    0x08002240   0x08002240   0x00000006   Code   RO         4722    .text               c_w.l(heapauxi.o)
    0x08002246   0x08002246   0x0000004a   Code   RO         4801    .text               c_w.l(sys_stackheap_outer.o)
    0x08002290   0x08002290   0x00000012   Code   RO         4803    .text               c_w.l(exit.o)
    0x080022a2   0x080022a2   0x00000002   PAD
    0x080022a4   0x080022a4   0x00000008   Code   RO         4811    .text               c_w.l(libspace.o)
    0x080022ac   0x080022ac   0x0000000c   Code   RO         4872    .text               c_w.l(sys_exit.o)
    0x080022b8   0x080022b8   0x00000002   Code   RO         4883    .text               c_w.l(use_no_semi.o)
    0x080022ba   0x080022ba   0x00000000   Code   RO         4885    .text               c_w.l(indicate_semi.o)
    0x080022ba   0x080022ba   0x00000002   PAD
    0x080022bc   0x080022bc   0x00000098   Code   RO          714    CODE                os_cpu_a.o
    0x08002354   0x08002354   0x00000016   Code   RO         2609    i.ADC_DMACmd        stm32f10x_adc.o
    0x0800236a   0x0800236a   0x00000016   Code   RO         2633    i.ADC_SoftwareStartConvCmd  stm32f10x_adc.o
    0x08002380   0x08002380   0x00000134   Code   RO         1675    i.ASProtocolInit    asprotocol.o
    0x080024b4   0x080024b4   0x00000010   Code   RO         1982    i.BatErrorLedOff    batterypower.o
    0x080024c4   0x080024c4   0x00000010   Code   RO         1983    i.BatErrorLedOn     batterypower.o
    0x080024d4   0x080024d4   0x00000044   Code   RO         1984    i.BatteryCharacterB7030  batterypower.o
    0x08002518   0x08002518   0x0000008c   Code   RO         1985    i.BatteryPowerInit  batterypower.o
    0x080025a4   0x080025a4   0x0000002c   Code   RO         1986    i.BatteryTypeIOInit  batterypower.o
    0x080025d0   0x080025d0   0x0000001c   Code   RO          809    i.CPU_IntDisMeasMaxCalc  cpu_core.o
    0x080025ec   0x080025ec   0x0000002c   Code   RO          810    i.CPU_IntDisMeasMaxCurGet  cpu_core.o
    0x08002618   0x08002618   0x0000002c   Code   RO          811    i.CPU_IntDisMeasMaxCurReset  cpu_core.o
    0x08002644   0x08002644   0x00000034   Code   RO          813    i.CPU_IntDisMeasStart  cpu_core.o
    0x08002678   0x08002678   0x00000054   Code   RO          814    i.CPU_IntDisMeasStop  cpu_core.o
    0x080026cc   0x080026cc   0x0000000c   Code   RO          825    i.CPU_TS_TmrRd      cpu_core.o
    0x080026d8   0x080026d8   0x0000003e   Code   RO         2178    i.CRC16Check        modbusframehal.o
    0x08002716   0x08002716   0x00000002   PAD
    0x08002718   0x08002718   0x00000138   Code   RO         1898    i.ChargeCmd         powermanagement.o
    0x08002850   0x08002850   0x0000003c   Code   RO         1987    i.ChargeLedInit     batterypower.o
    0x0800288c   0x0800288c   0x00000010   Code   RO         1988    i.ChargeLedOff      batterypower.o
    0x0800289c   0x0800289c   0x00000010   Code   RO         1989    i.ChargeLedOn       batterypower.o
    0x080028ac   0x080028ac   0x00000014   Code   RO         1990    i.ChargerActive     batterypower.o
    0x080028c0   0x080028c0   0x000000a8   Code   RO         1991    i.ChargerInit       batterypower.o
    0x08002968   0x08002968   0x00000028   Code   RO         1992    i.ChargerReset      batterypower.o
    0x08002990   0x08002990   0x00000018   Code   RO         1993    i.ChargerSuspend    batterypower.o
    0x080029a8   0x080029a8   0x00000014   Code   RO         1946    i.ClosePVPower      pvpower.o
    0x080029bc   0x080029bc   0x0000000c   Code   RO         1621    i.ConfigParaInit    init.o
    0x080029c8   0x080029c8   0x00000104   Code   RO         2328    i.DMA1_Channel1_IRQHandler  adcsample.o
    0x08002acc   0x08002acc   0x00000030   Code   RO         2179    i.DMA2C5Send        modbusframehal.o
    0x08002afc   0x08002afc   0x0000001c   Code   RO         2963    i.DMA_ClearITPendingBit  stm32f10x_dma.o
    0x08002b18   0x08002b18   0x00000018   Code   RO         2964    i.DMA_Cmd           stm32f10x_dma.o
    0x08002b30   0x08002b30   0x0000002c   Code   RO         2968    i.DMA_GetITStatus   stm32f10x_dma.o
    0x08002b5c   0x08002b5c   0x00000012   Code   RO         2969    i.DMA_ITConfig      stm32f10x_dma.o
    0x08002b6e   0x08002b6e   0x0000003c   Code   RO         2970    i.DMA_Init          stm32f10x_dma.o
    0x08002baa   0x08002baa   0x0000001c   Code   RO         2465    i.Delayus           iicbsp.o
    0x08002bc6   0x08002bc6   0x00000002   PAD
    0x08002bc8   0x08002bc8   0x00000048   Code   RO         2261    i.EraseNewSystemFlash  flashstoragehal.o
    0x08002c10   0x08002c10   0x0000000c   Code   RO         3112    i.FLASH_ClearFlag   stm32f10x_flash.o
    0x08002c1c   0x08002c1c   0x0000004c   Code   RO         3117    i.FLASH_ErasePage   stm32f10x_flash.o
    0x08002c68   0x08002c68   0x00000034   Code   RO         3118    i.FLASH_GetBank1Status  stm32f10x_flash.o
    0x08002c9c   0x08002c9c   0x00000034   Code   RO         3122    i.FLASH_GetStatus   stm32f10x_flash.o
    0x08002cd0   0x08002cd0   0x00000014   Code   RO         3127    i.FLASH_Lock        stm32f10x_flash.o
    0x08002ce4   0x08002ce4   0x00000040   Code   RO         3130    i.FLASH_ProgramHalfWord  stm32f10x_flash.o
    0x08002d24   0x08002d24   0x0000006c   Code   RO         3132    i.FLASH_ProgramWord  stm32f10x_flash.o
    0x08002d90   0x08002d90   0x00000018   Code   RO         3135    i.FLASH_Unlock      stm32f10x_flash.o
    0x08002da8   0x08002da8   0x00000026   Code   RO         3139    i.FLASH_WaitForLastOperation  stm32f10x_flash.o
    0x08002dce   0x08002dce   0x00000002   PAD
    0x08002dd0   0x08002dd0   0x00000030   Code   RO         1622    i.FixedParaInit     init.o
    0x08002e00   0x08002e00   0x00000116   Code   RO         3304    i.GPIO_Init         stm32f10x_gpio.o
    0x08002f16   0x08002f16   0x00000012   Code   RO         3308    i.GPIO_ReadInputDataBit  stm32f10x_gpio.o
    0x08002f28   0x08002f28   0x00000004   Code   RO         3311    i.GPIO_ResetBits    stm32f10x_gpio.o
    0x08002f2c   0x08002f2c   0x00000004   Code   RO         3312    i.GPIO_SetBits      stm32f10x_gpio.o
    0x08002f30   0x08002f30   0x00000008   Code   RO         1676    i.GetASProtocl      asprotocol.o
    0x08002f38   0x08002f38   0x00000110   Code   RO         1994    i.GetBatteryChargerState  batterypower.o
    0x08003048   0x08003048   0x00000050   Code   RO         1995    i.GetBatteryCurrent  batterypower.o
    0x08003098   0x08003098   0x00000050   Code   RO         1996    i.GetBatteryIin     batterypower.o
    0x080030e8   0x080030e8   0x00000208   Code   RO         1899    i.GetBatteryInfo    powermanagement.o
    0x080032f0   0x080032f0   0x00000014   Code   RO         1997    i.GetBatterySOC     batterypower.o
    0x08003304   0x08003304   0x00000184   Code   RO         1998    i.GetBatteryTemp    batterypower.o
    0x08003488   0x08003488   0x00000024   Code   RO         1999    i.GetBatteryType    batterypower.o
    0x080034ac   0x080034ac   0x00000040   Code   RO         2000    i.GetBatteryVin     batterypower.o
    0x080034ec   0x080034ec   0x00000050   Code   RO         2001    i.GetBatteryVoltage  batterypower.o
    0x0800353c   0x0800353c   0x00000038   Code   RO         2435    i.GetHardwareVersion  hardwareversion.o
    0x08003574   0x08003574   0x00000050   Code   RO         2395    i.GetTMP            tmpsensor.o
    0x080035c4   0x080035c4   0x0000002c   Code   RO         2436    i.HDVInit           hardwareversion.o
    0x080035f0   0x080035f0   0x00000020   Code   RO         2002    i.HeatingCmd        batterypower.o
    0x08003610   0x08003610   0x00000034   Code   RO         2003    i.HeatingInit       batterypower.o
    0x08003644   0x08003644   0x0000004a   Code   RO         2466    i.IICGetACK         iicbsp.o
    0x0800368e   0x0800368e   0x0000006c   Code   RO         2467    i.IICGetOneByte     iicbsp.o
    0x080036fa   0x080036fa   0x0000004e   Code   RO         2468    i.IICInit           iicbsp.o
    0x08003748   0x08003748   0x000000a0   Code   RO         2469    i.IICRead           iicbsp.o
    0x080037e8   0x080037e8   0x00000066   Code   RO         2471    i.IICSendOneByte    iicbsp.o
    0x0800384e   0x0800384e   0x00000038   Code   RO         2472    i.IICSetACK         iicbsp.o
    0x08003886   0x08003886   0x00000038   Code   RO         2473    i.IICSetNACK        iicbsp.o
    0x080038be   0x080038be   0x00000030   Code   RO         2474    i.IICStart          iicbsp.o
    0x080038ee   0x080038ee   0x0000003e   Code   RO         2475    i.IICStop           iicbsp.o
    0x0800392c   0x0800392c   0x0000006c   Code   RO         2476    i.IICWrite          iicbsp.o
    0x08003998   0x08003998   0x0000005a   Code   RO         2477    i.IICWriteByte      iicbsp.o
    0x080039f2   0x080039f2   0x00000034   Code   RO         1623    i.IWDGInit          init.o
    0x08003a26   0x08003a26   0x00000002   PAD
    0x08003a28   0x08003a28   0x00000010   Code   RO         3424    i.IWDG_Enable       stm32f10x_iwdg.o
    0x08003a38   0x08003a38   0x00000010   Code   RO         3426    i.IWDG_ReloadCounter  stm32f10x_iwdg.o
    0x08003a48   0x08003a48   0x0000000c   Code   RO         3427    i.IWDG_SetPrescaler  stm32f10x_iwdg.o
    0x08003a54   0x08003a54   0x0000000c   Code   RO         3428    i.IWDG_SetReload    stm32f10x_iwdg.o
    0x08003a60   0x08003a60   0x0000000c   Code   RO         3429    i.IWDG_WriteAccessCmd  stm32f10x_iwdg.o
    0x08003a6c   0x08003a6c   0x00000030   Code   RO         2135    i.LEDFlash          ledhal.o
    0x08003a9c   0x08003a9c   0x0000004c   Code   RO         2136    i.LEDInit           ledhal.o
    0x08003ae8   0x08003ae8   0x00000010   Code   RO         2137    i.LEDTurnOff        ledhal.o
    0x08003af8   0x08003af8   0x00000010   Code   RO         2138    i.LEDTurnOn         ledhal.o
    0x08003b08   0x08003b08   0x0000005c   Code   RO         1464    i.LedIWDG           main.o
    0x08003b64   0x08003b64   0x00000014   Code   RO         2180    i.LoRaModulePowerOff  modbusframehal.o
    0x08003b78   0x08003b78   0x00000014   Code   RO         2181    i.LoRaModulePowerOn  modbusframehal.o
    0x08003b8c   0x08003b8c   0x00000148   Code   RO         1465    i.ModbusOverLoRa    main.o
    0x08003cd4   0x08003cd4   0x00000044   Code   RO         2182    i.ModbusPortInit    modbusframehal.o
    0x08003d18   0x08003d18   0x000000b0   Code   RO         2183    i.ModbusRead        modbusframehal.o
    0x08003dc8   0x08003dc8   0x00000184   Code   RO         2184    i.ModbusSend        modbusframehal.o
    0x08003f4c   0x08003f4c   0x00000082   Code   RO         1624    i.NVICInit          init.o
    0x08003fce   0x08003fce   0x00000002   PAD
    0x08003fd0   0x08003fd0   0x00000070   Code   RO         2554    i.NVIC_Init         misc.o
    0x08004040   0x08004040   0x00000014   Code   RO         2555    i.NVIC_PriorityGroupConfig  misc.o
    0x08004054   0x08004054   0x00000002   Code   RO            1    i.OSCfg_Init        os_cfg_app.o
    0x08004056   0x08004056   0x00000002   PAD
    0x08004058   0x08004058   0x00000014   Code   RO          718    i.OSIdleTaskHook    os_cpu_c.o
    0x0800406c   0x0800406c   0x00000118   Code   RO           64    i.OSInit            os_core.o
    0x08004184   0x08004184   0x00000028   Code   RO          719    i.OSInitHook        os_cpu_c.o
    0x080041ac   0x080041ac   0x000000d8   Code   RO           66    i.OSIntExit         os_core.o
    0x08004284   0x08004284   0x0000009c   Code   RO           67    i.OSSched           os_core.o
    0x08004320   0x08004320   0x00000068   Code   RO           70    i.OSStart           os_core.o
    0x08004388   0x08004388   0x00000184   Code   RO          504    i.OSTaskCreate      os_task.o
    0x0800450c   0x0800450c   0x00000018   Code   RO          721    i.OSTaskCreateHook  os_cpu_c.o
    0x08004524   0x08004524   0x0000012c   Code   RO          505    i.OSTaskDel         os_task.o
    0x08004650   0x08004650   0x00000018   Code   RO          722    i.OSTaskDelHook     os_cpu_c.o
    0x08004668   0x08004668   0x00000018   Code   RO          723    i.OSTaskReturnHook  os_cpu_c.o
    0x08004680   0x08004680   0x000001e4   Code   RO          510    i.OSTaskSemPend     os_task.o
    0x08004864   0x08004864   0x0000003e   Code   RO          512    i.OSTaskSemPost     os_task.o
    0x080048a2   0x080048a2   0x00000002   PAD
    0x080048a4   0x080048a4   0x000000c4   Code   RO          724    i.OSTaskStkInit     os_cpu_c.o
    0x08004968   0x08004968   0x00000090   Code   RO          725    i.OSTaskSwHook      os_cpu_c.o
    0x080049f8   0x080049f8   0x000000c4   Code   RO          664    i.OSTimeDly         os_time.o
    0x08004abc   0x08004abc   0x00000018   Code   RO          667    i.OSTimeTick        os_time.o
    0x08004ad4   0x08004ad4   0x00000014   Code   RO          726    i.OSTimeTickHook    os_cpu_c.o
    0x08004ae8   0x08004ae8   0x00000040   Code   RO          727    i.OS_CPU_SysTickHandler  os_cpu_c.o
    0x08004b28   0x08004b28   0x00000030   Code   RO          728    i.OS_CPU_SysTickInit  os_cpu_c.o
    0x08004b58   0x08004b58   0x00000010   Code   RO          287    i.OS_FlagInit       os_flag.o
    0x08004b68   0x08004b68   0x0000003c   Code   RO           72    i.OS_IdleTask       os_core.o
    0x08004ba4   0x08004ba4   0x00000070   Code   RO           73    i.OS_IdleTaskInit   os_core.o
    0x08004c14   0x08004c14   0x0000005c   Code   RO           74    i.OS_Pend           os_core.o
    0x08004c70   0x08004c70   0x00000026   Code   RO           77    i.OS_PendDataInit   os_core.o
    0x08004c96   0x08004c96   0x00000066   Code   RO           81    i.OS_PendListInsertPrio  os_core.o
    0x08004cfc   0x08004cfc   0x00000030   Code   RO           82    i.OS_PendListRemove  os_core.o
    0x08004d2c   0x08004d2c   0x00000042   Code   RO           83    i.OS_PendListRemove1  os_core.o
    0x08004d6e   0x08004d6e   0x000000ba   Code   RO           86    i.OS_Post           os_core.o
    0x08004e28   0x08004e28   0x0000002a   Code   RO           87    i.OS_Post1          os_core.o
    0x08004e52   0x08004e52   0x00000002   PAD
    0x08004e54   0x08004e54   0x00000028   Code   RO          395    i.OS_PrioGetHighest  os_prio.o
    0x08004e7c   0x08004e7c   0x00000018   Code   RO          396    i.OS_PrioInit       os_prio.o
    0x08004e94   0x08004e94   0x00000024   Code   RO          397    i.OS_PrioInsert     os_prio.o
    0x08004eb8   0x08004eb8   0x00000024   Code   RO          398    i.OS_PrioRemove     os_prio.o
    0x08004edc   0x08004edc   0x00000024   Code   RO           88    i.OS_RdyListInit    os_core.o
    0x08004f00   0x08004f00   0x0000002c   Code   RO           89    i.OS_RdyListInsert  os_core.o
    0x08004f2c   0x08004f2c   0x00000040   Code   RO           90    i.OS_RdyListInsertHead  os_core.o
    0x08004f6c   0x08004f6c   0x0000003c   Code   RO           91    i.OS_RdyListInsertTail  os_core.o
    0x08004fa8   0x08004fa8   0x0000005c   Code   RO           93    i.OS_RdyListRemove  os_core.o
    0x08005004   0x08005004   0x00000010   Code   RO          445    i.OS_SemInit        os_sem.o
    0x08005014   0x08005014   0x0000002c   Code   RO           96    i.OS_TaskBlock      os_core.o
    0x08005040   0x08005040   0x00000018   Code   RO          515    i.OS_TaskInit       os_task.o
    0x08005058   0x08005058   0x00000070   Code   RO          516    i.OS_TaskInitTCB    os_task.o
    0x080050c8   0x080050c8   0x00000018   Code   RO          518    i.OS_TaskReturn     os_task.o
    0x080050e0   0x080050e0   0x000001f0   Code   RO          519    i.OS_TaskSemPost    os_task.o
    0x080052d0   0x080052d0   0x00000072   Code   RO          612    i.OS_TickListInsert  os_tick.o
    0x08005342   0x08005342   0x00000002   PAD
    0x08005344   0x08005344   0x000000bc   Code   RO          613    i.OS_TickListInsertDly  os_tick.o
    0x08005400   0x08005400   0x00000048   Code   RO          614    i.OS_TickListRemove  os_tick.o
    0x08005448   0x08005448   0x0000008c   Code   RO          616    i.OS_TickListUpdateDly  os_tick.o
    0x080054d4   0x080054d4   0x000000b8   Code   RO          617    i.OS_TickListUpdateTimeout  os_tick.o
    0x0800558c   0x0800558c   0x00000078   Code   RO          618    i.OS_TickTask       os_tick.o
    0x08005604   0x08005604   0x000000bc   Code   RO          619    i.OS_TickTaskInit   os_tick.o
    0x080056c0   0x080056c0   0x00000014   Code   RO         1947    i.OpenPVPower       pvpower.o
    0x080056d4   0x080056d4   0x00000038   Code   RO         1948    i.PVPowerInit       pvpower.o
    0x0800570c   0x0800570c   0x0000000c   Code   RO         1625    i.ParaInit          init.o
    0x08005718   0x08005718   0x00000124   Code   RO         1466    i.ParameterSave     main.o
    0x0800583c   0x0800583c   0x00000030   Code   RO         1900    i.PowerInit         powermanagement.o
    0x0800586c   0x0800586c   0x0000001a   Code   RO         1467    i.PowerManagement   main.o
    0x08005886   0x08005886   0x00000002   PAD
    0x08005888   0x08005888   0x0000032c   Code   RO         1901    i.PowerMangement    powermanagement.o
    0x08005bb4   0x08005bb4   0x000002b8   Code   RO         1786    i.ProtocolAnalysis  protocolanalysis.o
    0x08005e6c   0x08005e6c   0x00000014   Code   RO         1787    i.ProtocolInit      protocolanalysis.o
    0x08005e80   0x08005e80   0x00000030   Code   RO         1677    i.RBatCurrent       asprotocol.o
    0x08005eb0   0x08005eb0   0x00000050   Code   RO         1678    i.RBatSOCTemp       asprotocol.o
    0x08005f00   0x08005f00   0x00000018   Code   RO         1679    i.RBatState         asprotocol.o
    0x08005f18   0x08005f18   0x00000028   Code   RO         1680    i.RBatVoltage       asprotocol.o
    0x08005f40   0x08005f40   0x00000020   Code   RO         3551    i.RCC_AHBPeriphClockCmd  stm32f10x_rcc.o
    0x08005f60   0x08005f60   0x00000020   Code   RO         3552    i.RCC_APB1PeriphClockCmd  stm32f10x_rcc.o
    0x08005f80   0x08005f80   0x00000020   Code   RO         3554    i.RCC_APB2PeriphClockCmd  stm32f10x_rcc.o
    0x08005fa0   0x08005fa0   0x000000d4   Code   RO         3562    i.RCC_GetClocksFreq  stm32f10x_rcc.o
    0x08006074   0x08006074   0x0000003c   Code   RO         3563    i.RCC_GetFlagStatus  stm32f10x_rcc.o
    0x080060b0   0x080060b0   0x0000000c   Code   RO         3571    i.RCC_LSICmd        stm32f10x_rcc.o
    0x080060bc   0x080060bc   0x00000010   Code   RO         1681    i.RDeviceEdition    asprotocol.o
    0x080060cc   0x080060cc   0x00000010   Code   RO         1682    i.RDeviceType       asprotocol.o
    0x080060dc   0x080060dc   0x00000028   Code   RO         1683    i.RMotorCurrent     asprotocol.o
    0x08006104   0x08006104   0x00000028   Code   RO         1684    i.RPVBuckerVoltage  asprotocol.o
    0x0800612c   0x0800612c   0x00000014   Code   RO         1685    i.RTemp             asprotocol.o
    0x08006140   0x08006140   0x00000038   Code   RO         1686    i.RWComID           asprotocol.o
    0x08006178   0x08006178   0x0000000c   Code   RO         1687    i.RWNull            asprotocol.o
    0x08006184   0x08006184   0x0000001c   Code   RO         1688    i.RWWorkMode1       asprotocol.o
    0x080061a0   0x080061a0   0x00000094   Code   RO         1689    i.RWWorkMode2       asprotocol.o
    0x08006234   0x08006234   0x00000010   Code   RO         1690    i.RWarningAndFault1  asprotocol.o
    0x08006244   0x08006244   0x00000010   Code   RO         1691    i.RWarningAndFault2  asprotocol.o
    0x08006254   0x08006254   0x00000038   Code   RO         2262    i.ReadConfigParaFromFlash  flashstoragehal.o
    0x0800628c   0x0800628c   0x00000020   Code   RO         1468    i.Sampling          main.o
    0x080062ac   0x080062ac   0x00000008   Code   RO         4677    i.SetSysClock       system_stm32f10x.o
    0x080062b4   0x080062b4   0x000000e0   Code   RO         4678    i.SetSysClockTo72   system_stm32f10x.o
    0x08006394   0x08006394   0x00000060   Code   RO         4680    i.SystemInit        system_stm32f10x.o
    0x080063f4   0x080063f4   0x00000014   Code   RO         2396    i.TMP75Init         tmpsensor.o
    0x08006408   0x08006408   0x00000030   Code   RO         2397    i.TMPSensorInit     tmpsensor.o
    0x08006438   0x08006438   0x00000170   Code   RO         2185    i.UART1Init         modbusframehal.o
    0x080065a8   0x080065a8   0x000000bc   Code   RO         2186    i.UART5Init         modbusframehal.o
    0x08006664   0x08006664   0x000000b8   Code   RO         2187    i.UART5_IRQHandler  modbusframehal.o
    0x0800671c   0x0800671c   0x000000d4   Code   RO         2188    i.USART1_IRQHandler  modbusframehal.o
    0x080067f0   0x080067f0   0x0000001e   Code   RO         4479    i.USART_ClearITPendingBit  stm32f10x_usart.o
    0x0800680e   0x0800680e   0x00000018   Code   RO         4482    i.USART_Cmd         stm32f10x_usart.o
    0x08006826   0x08006826   0x00000012   Code   RO         4483    i.USART_DMACmd      stm32f10x_usart.o
    0x08006838   0x08006838   0x00000054   Code   RO         4486    i.USART_GetITStatus  stm32f10x_usart.o
    0x0800688c   0x0800688c   0x0000004a   Code   RO         4488    i.USART_ITConfig    stm32f10x_usart.o
    0x080068d6   0x080068d6   0x00000002   PAD
    0x080068d8   0x080068d8   0x000000d8   Code   RO         4489    i.USART_Init        stm32f10x_usart.o
    0x080069b0   0x080069b0   0x00000008   Code   RO         4499    i.USART_SendData    stm32f10x_usart.o
    0x080069b8   0x080069b8   0x00000040   Code   RO         2266    i.WriteIAPFlagToFlash  flashstoragehal.o
    0x080069f8   0x080069f8   0x00000044   Code   RO         2267    i.WriteNewSystemToFlash  flashstoragehal.o
    0x08006a3c   0x08006a3c   0x0000019c   Code   RO         1469    i.main              main.o
    0x08006bd8   0x08006bd8   0x00000062   Code   RO         4726    x$fpl$d2f           fz_ws.l(d2f.o)
    0x08006c3a   0x08006c3a   0x00000002   PAD
    0x08006c3c   0x08006c3c   0x00000150   Code   RO         4728    x$fpl$dadd          fz_ws.l(daddsub_clz.o)
    0x08006d8c   0x08006d8c   0x00000018   Code   RO         4773    x$fpl$dcmpinf       fz_ws.l(dcmpi.o)
    0x08006da4   0x08006da4   0x00000078   Code   RO         4734    x$fpl$dleqf         fz_ws.l(dleqf.o)
    0x08006e1c   0x08006e1c   0x00000154   Code   RO         4736    x$fpl$dmul          fz_ws.l(dmul.o)
    0x08006f70   0x08006f70   0x0000009c   Code   RO         4775    x$fpl$dnaninf       fz_ws.l(dnaninf.o)
    0x0800700c   0x0800700c   0x0000000c   Code   RO         4777    x$fpl$dretinf       fz_ws.l(dretinf.o)
    0x08007018   0x08007018   0x0000006c   Code   RO         4738    x$fpl$drleqf        fz_ws.l(drleqf.o)
    0x08007084   0x08007084   0x000001d4   Code   RO         4730    x$fpl$dsub          fz_ws.l(daddsub_clz.o)
    0x08007258   0x08007258   0x00000056   Code   RO         4740    x$fpl$f2d           fz_ws.l(f2d.o)
    0x080072ae   0x080072ae   0x00000002   PAD
    0x080072b0   0x080072b0   0x000000c4   Code   RO         4742    x$fpl$fadd          fz_ws.l(faddsub_clz.o)
    0x08007374   0x08007374   0x00000018   Code   RO         4779    x$fpl$fcmpinf       fz_ws.l(fcmpi.o)
    0x0800738c   0x0800738c   0x00000184   Code   RO         4749    x$fpl$fdiv          fz_ws.l(fdiv.o)
    0x08007510   0x08007510   0x00000036   Code   RO         4752    x$fpl$ffix          fz_ws.l(ffix.o)
    0x08007546   0x08007546   0x00000002   PAD
    0x08007548   0x08007548   0x0000003e   Code   RO         4756    x$fpl$ffixu         fz_ws.l(ffixu.o)
    0x08007586   0x08007586   0x00000002   PAD
    0x08007588   0x08007588   0x00000030   Code   RO         4761    x$fpl$fflt          fz_ws.l(fflt_clz.o)
    0x080075b8   0x080075b8   0x00000026   Code   RO         4760    x$fpl$ffltu         fz_ws.l(fflt_clz.o)
    0x080075de   0x080075de   0x00000002   PAD
    0x080075e0   0x080075e0   0x00000068   Code   RO         4766    x$fpl$fleqf         fz_ws.l(fleqf.o)
    0x08007648   0x08007648   0x00000102   Code   RO         4768    x$fpl$fmul          fz_ws.l(fmul.o)
    0x0800774a   0x0800774a   0x0000008c   Code   RO         4781    x$fpl$fnaninf       fz_ws.l(fnaninf.o)
    0x080077d6   0x080077d6   0x0000000a   Code   RO         4783    x$fpl$fretinf       fz_ws.l(fretinf.o)
    0x080077e0   0x080077e0   0x00000062   Code   RO         4770    x$fpl$frleqf        fz_ws.l(frleqf.o)
    0x08007842   0x08007842   0x00000014   Code   RO         4743    x$fpl$frsb          fz_ws.l(faddsub_clz.o)
    0x08007856   0x08007856   0x00000002   PAD
    0x08007858   0x08007858   0x000000ea   Code   RO         4744    x$fpl$fsub          fz_ws.l(faddsub_clz.o)
    0x08007942   0x08007942   0x00000000   Code   RO         4785    x$fpl$usenofp       fz_ws.l(usenofp.o)
    0x08007942   0x08007942   0x00000002   PAD
    0x08007944   0x08007944   0x00000094   Data   RO            3    .constdata          os_cfg_app.o
    0x080079d8   0x080079d8   0x00000020   Data   RO         4938    Region$$Table       anon$$obj.o


    Execution Region RW_IRAM1 (Exec base: 0x20000000, Load base: 0x080079f8, Size: 0x000037c8, Max: 0x00010000, ABSOLUTE)

    Exec Addr    Load Addr    Size         Type   Attr      Idx    E Section Name        Object

    0x20000000   0x080079f8   0x00000004   Data   RW          399    .data               os_prio.o
    0x20000004   0x080079fc   0x00000060   Data   RW          701    .data               os_var.o
    0x20000064   0x08007a5c   0x00000004   Data   RW          729    .data               os_cpu_c.o
    0x20000068   0x08007a60   0x0000001c   Data   RW          829    .data               cpu_core.o
    0x20000084   0x08007a7c   0x0000000a   Data   RW         1471    .data               main.o
    0x2000008e   0x08007a86   0x00000002   PAD
    0x20000090   0x08007a88   0x00000004   Data   RW         1788    .data               protocolanalysis.o
    0x20000094   0x08007a8c   0x00000014   Data   RW         1902    .data               powermanagement.o
    0x200000a8   0x08007aa0   0x00000001   Data   RW         2139    .data               ledhal.o
    0x200000a9   0x08007aa1   0x00000003   PAD
    0x200000ac   0x08007aa4   0x00000008   Data   RW         2190    .data               modbusframehal.o
    0x200000b4   0x08007aac   0x00000018   Data   RW         2335    .data               adcsample.o
    0x200000cc   0x08007ac4   0x00000014   Data   RW         3582    .data               stm32f10x_rcc.o
    0x200000e0        -       0x00000600   Zero   RW            2    .bss                os_cfg_app.o
    0x200006e0        -       0x00000260   Zero   RW          700    .bss                os_var.o
    0x20000940        -       0x000020dc   Zero   RW         1470    .bss                main.o
    0x20002a1c        -       0x000001c8   Zero   RW         1692    .bss                asprotocol.o
    0x20002be4        -       0x00000028   Zero   RW         2004    .bss                batterypower.o
    0x20002c0c        -       0x000004c8   Zero   RW         2189    .bss                modbusframehal.o
    0x200030d4        -       0x00000078   Zero   RW         2334    .bss                adcsample.o
    0x2000314c        -       0x00000018   Zero   RW         2398    .bss                tmpsensor.o
    0x20003164        -       0x00000060   Zero   RW         4812    .bss                c_w.l(libspace.o)
    0x200031c4   0x08007ad8   0x00000004   PAD
    0x200031c8        -       0x00000200   Zero   RW         4668    HEAP                startup_stm32f10x_hd.o
    0x200033c8        -       0x00000400   Zero   RW         4667    STACK               startup_stm32f10x_hd.o


==============================================================================

Image component sizes


      Code (inc. data)   RO Data    RW Data    ZI Data      Debug   Object Name

       260         44          0         24        120       1491   adcsample.o
       916        166          0          0        456      10113   asprotocol.o
      1732        266          0          0         40      13060   batterypower.o
        52          0          0          0          0        304   cpu_a.o
       264         54          0         28          0       5815   cpu_core.o
       260         22          0          0          0       2482   flashstoragehal.o
       100         10          0          0          0       1015   hardwareversion.o
       970          0          0          0          0       7732   iicbsp.o
       254          8          0          0          0       2197   init.o
       156         22          0          1          0       1826   ledhal.o
      1182        194          0         10       8412     289955   main.o
       132         22          0          0          0       1691   misc.o
      1734        116          0          8       1224       7963   modbusframehal.o
         2          0        148          0       1536      28633   os_cfg_app.o
      1842        264          0          0          0      27679   os_core.o
       152         32          0          0          0        364   os_cpu_a.o
       604         62          0          4          0       6428   os_cpu_c.o
        16          6          0          0          0        818   os_flag.o
       136         16          0          4          0       2686   os_prio.o
        16          6          0          0          0        813   os_sem.o
      1890         90          0          0          0       7331   os_task.o
      1006         92          0          0          0       5395   os_tick.o
       220         18          0          0          0       1569   os_time.o
         0          0          0         96        608      15546   os_var.o
      1692        144          0         20          0       3797   powermanagement.o
       716         12          0          4          0       2499   protocolanalysis.o
        96         18          0          0          0       1347   pvpower.o
        64         26        304          0       1536        844   startup_stm32f10x_hd.o
        44          0          0          0          0       3308   stm32f10x_adc.o
       174         18          0          0          0       4746   stm32f10x_dma.o
       446         46          0          0          0       6974   stm32f10x_flash.o
       304          0          0          0          0       3876   stm32f10x_gpio.o
        68         30          0          0          0       2642   stm32f10x_iwdg.o
       380         48          0         20          0       6447   stm32f10x_rcc.o
       454          6          0          0          0       6536   stm32f10x_usart.o
       328         30          0          0          0       2037   system_stm32f10x.o
       148         18          0          0         24       1693   tmpsensor.o

    ----------------------------------------------------------------------
     18832       1906        484        224      13956     489652   Object Totals
         0          0         32          0          0          0   (incl. Generated)
        22          0          0          5          0          0   (incl. Padding)

    ----------------------------------------------------------------------

      Code (inc. data)   RO Data    RW Data    ZI Data      Debug   Library Member Name

         8          0          0          0          0         68   __main.o
         0          0          0          0          0          0   __rtentry.o
        12          0          0          0          0          0   __rtentry2.o
         6          0          0          0          0          0   __rtentry4.o
        52          8          0          0          0          0   __scatter.o
        26          0          0          0          0          0   __scatter_copy.o
        28          0          0          0          0          0   __scatter_zi.o
        18          0          0          0          0         80   exit.o
         6          0          0          0          0        152   heapauxi.o
         0          0          0          0          0          0   indicate_semi.o
         2          0          0          0          0          0   libinit.o
         2          0          0          0          0          0   libinit2.o
         2          0          0          0          0          0   libshutdown.o
         2          0          0          0          0          0   libshutdown2.o
         8          4          0          0         96         68   libspace.o
         2          0          0          0          0          0   rtexit.o
        10          0          0          0          0          0   rtexit2.o
        12          4          0          0          0         68   sys_exit.o
        74          0          0          0          0         80   sys_stackheap_outer.o
         2          0          0          0          0         68   use_no_semi.o
        98          4          0          0          0         92   d2f.o
       804         16          0          0          0        272   daddsub_clz.o
        24          0          0          0          0         68   dcmpi.o
       120          4          0          0          0         92   dleqf.o
       340         12          0          0          0        104   dmul.o
       156          4          0          0          0         92   dnaninf.o
        12          0          0          0          0         68   dretinf.o
       108          0          0          0          0         80   drleqf.o
        86          4          0          0          0         84   f2d.o
       450          8          0          0          0        236   faddsub_clz.o
        24          0          0          0          0         68   fcmpi.o
       388         76          0          0          0         96   fdiv.o
        54          4          0          0          0         84   ffix.o
        62          4          0          0          0         84   ffixu.o
        86          0          0          0          0        136   fflt_clz.o
       104          4          0          0          0         84   fleqf.o
       258          4          0          0          0         84   fmul.o
       140          4          0          0          0         84   fnaninf.o
        10          0          0          0          0         68   fretinf.o
        98          0          0          0          0         68   frleqf.o
         0          0          0          0          0          0   usenofp.o

    ----------------------------------------------------------------------
      3716        164          0          0        100       2628   Library Totals
        22          0          0          0          4          0   (incl. Padding)

    ----------------------------------------------------------------------

      Code (inc. data)   RO Data    RW Data    ZI Data      Debug   Library Name

       272         16          0          0         96        584   c_w.l
      3422        148          0          0          0       2044   fz_ws.l

    ----------------------------------------------------------------------
      3716        164          0          0        100       2628   Library Totals

    ----------------------------------------------------------------------

==============================================================================


      Code (inc. data)   RO Data    RW Data    ZI Data      Debug   

     22548       2070        484        224      14056     480836   Grand Totals
     22548       2070        484        224      14056     480836   ELF Image Totals
     22548       2070        484        224          0          0   ROM Totals

==============================================================================

    Total RO  Size (Code + RO Data)                23032 (  22.49kB)
    Total RW  Size (RW Data + ZI Data)             14280 (  13.95kB)
    Total ROM Size (Code + RO Data + RW Data)      23256 (  22.71kB)

==============================================================================

