Component: ARM Compiler 5.06 update 6 (build 750) Tool: armlink [4d35ed]

==============================================================================

Section Cross References

    os_cfg_app.o(.constdata) refers to os_cfg_app.o(.bss) for OSCfg_IdleTaskStk
    os_core.o(i.OSInit) refers to os_cpu_c.o(i.OSInitHook) for OSInitHook
    os_core.o(i.OSInit) refers to os_prio.o(i.OS_PrioInit) for OS_PrioInit
    os_core.o(i.OSInit) refers to os_core.o(i.OS_RdyListInit) for OS_RdyListInit
    os_core.o(i.OSInit) refers to os_flag.o(i.OS_FlagInit) for OS_FlagInit
    os_core.o(i.OSInit) refers to os_sem.o(i.OS_SemInit) for OS_SemInit
    os_core.o(i.OSInit) refers to os_task.o(i.OS_TaskInit) for OS_TaskInit
    os_core.o(i.OSInit) refers to os_core.o(i.OS_IdleTaskInit) for OS_IdleTaskInit
    os_core.o(i.OSInit) refers to os_tick.o(i.OS_TickTaskInit) for OS_TickTaskInit
    os_core.o(i.OSInit) refers to os_cfg_app.o(i.OSCfg_Init) for OSCfg_Init
    os_core.o(i.OSInit) refers to os_var.o(.data) for OSIntNestingCtr
    os_core.o(i.OSInit) refers to os_cfg_app.o(.constdata) for OSCfg_ISRStkSize
    os_core.o(i.OSIntEnter) refers to os_var.o(.data) for OSRunning
    os_core.o(i.OSIntExit) refers to cpu_a.o(.text) for CPU_SR_Save
    os_core.o(i.OSIntExit) refers to os_prio.o(i.OS_PrioGetHighest) for OS_PrioGetHighest
    os_core.o(i.OSIntExit) refers to os_cpu_a.o(CODE) for OSIntCtxSw
    os_core.o(i.OSIntExit) refers to os_var.o(.data) for OSRunning
    os_core.o(i.OSIntExit) refers to os_var.o(.bss) for OSRdyList
    os_core.o(i.OSSched) refers to cpu_a.o(.text) for CPU_SR_Save
    os_core.o(i.OSSched) refers to os_prio.o(i.OS_PrioGetHighest) for OS_PrioGetHighest
    os_core.o(i.OSSched) refers to os_cpu_a.o(CODE) for OSCtxSw
    os_core.o(i.OSSched) refers to os_var.o(.data) for OSIntNestingCtr
    os_core.o(i.OSSched) refers to os_var.o(.bss) for OSRdyList
    os_core.o(i.OSSchedLock) refers to cpu_a.o(.text) for CPU_SR_Save
    os_core.o(i.OSSchedLock) refers to cpu_core.o(i.CPU_IntDisMeasStart) for CPU_IntDisMeasStart
    os_core.o(i.OSSchedLock) refers to os_core.o(i.OS_SchedLockTimeMeasStart) for OS_SchedLockTimeMeasStart
    os_core.o(i.OSSchedLock) refers to cpu_core.o(i.CPU_IntDisMeasStop) for CPU_IntDisMeasStop
    os_core.o(i.OSSchedLock) refers to os_var.o(.data) for OSIntNestingCtr
    os_core.o(i.OSSchedUnlock) refers to cpu_a.o(.text) for CPU_SR_Save
    os_core.o(i.OSSchedUnlock) refers to cpu_core.o(i.CPU_IntDisMeasStart) for CPU_IntDisMeasStart
    os_core.o(i.OSSchedUnlock) refers to cpu_core.o(i.CPU_IntDisMeasStop) for CPU_IntDisMeasStop
    os_core.o(i.OSSchedUnlock) refers to os_core.o(i.OS_SchedLockTimeMeasStop) for OS_SchedLockTimeMeasStop
    os_core.o(i.OSSchedUnlock) refers to os_core.o(i.OSSched) for OSSched
    os_core.o(i.OSSchedUnlock) refers to os_var.o(.data) for OSIntNestingCtr
    os_core.o(i.OSStart) refers to os_prio.o(i.OS_PrioGetHighest) for OS_PrioGetHighest
    os_core.o(i.OSStart) refers to os_cpu_a.o(CODE) for OSStartHighRdy
    os_core.o(i.OSStart) refers to os_var.o(.data) for OSRunning
    os_core.o(i.OSStart) refers to os_var.o(.bss) for OSRdyList
    os_core.o(i.OS_IdleTask) refers to cpu_a.o(.text) for CPU_SR_Save
    os_core.o(i.OS_IdleTask) refers to cpu_core.o(i.CPU_IntDisMeasStart) for CPU_IntDisMeasStart
    os_core.o(i.OS_IdleTask) refers to cpu_core.o(i.CPU_IntDisMeasStop) for CPU_IntDisMeasStop
    os_core.o(i.OS_IdleTask) refers to os_cpu_c.o(i.OSIdleTaskHook) for OSIdleTaskHook
    os_core.o(i.OS_IdleTask) refers to os_var.o(.data) for OSIdleTaskCtr
    os_core.o(i.OS_IdleTaskInit) refers to os_task.o(i.OSTaskCreate) for OSTaskCreate
    os_core.o(i.OS_IdleTaskInit) refers to os_var.o(.data) for OSIdleTaskCtr
    os_core.o(i.OS_IdleTaskInit) refers to os_cfg_app.o(.constdata) for OSCfg_IdleTaskStkSize
    os_core.o(i.OS_IdleTaskInit) refers to os_core.o(i.OS_IdleTask) for OS_IdleTask
    os_core.o(i.OS_IdleTaskInit) refers to os_var.o(.bss) for OSIdleTaskTCB
    os_core.o(i.OS_Pend) refers to os_core.o(i.OS_TaskBlock) for OS_TaskBlock
    os_core.o(i.OS_Pend) refers to os_core.o(i.OS_PendDataInit) for OS_PendDataInit
    os_core.o(i.OS_Pend) refers to os_core.o(i.OS_PendListInsertPrio) for OS_PendListInsertPrio
    os_core.o(i.OS_Pend) refers to os_var.o(.data) for OSTCBCurPtr
    os_core.o(i.OS_PendAbort) refers to os_core.o(i.OS_PendAbort1) for OS_PendAbort1
    os_core.o(i.OS_PendAbort) refers to os_core.o(i.OS_PendListRemove) for OS_PendListRemove
    os_core.o(i.OS_PendAbort) refers to os_tick.o(i.OS_TickListRemove) for OS_TickListRemove
    os_core.o(i.OS_PendAbort) refers to os_core.o(i.OS_RdyListInsert) for OS_RdyListInsert
    os_core.o(i.OS_PendListChangePrio) refers to os_core.o(i.OS_PendListRemove1) for OS_PendListRemove1
    os_core.o(i.OS_PendListChangePrio) refers to os_core.o(i.OS_PendListInsertPrio) for OS_PendListInsertPrio
    os_core.o(i.OS_PendListRemove) refers to os_core.o(i.OS_PendListRemove1) for OS_PendListRemove1
[...]
    GetEmergencyVoltage                      0x0800484d   Thumb Code    30  adcsample.o(i.GetEmergencyVoltage)
    GetHWProtocl                             0x0800487d   Thumb Code     4  hwprotocol.o(i.GetHWProtocl)
    GetHardwareVersion                       0x08004885   Thumb Code    50  hardwareversion.o(i.GetHardwareVersion)
    GetMotorCurrent                          0x080048bd   Thumb Code    40  adcsample.o(i.GetMotorCurrent)
    GetMotorDirState                         0x080048f5   Thumb Code    16  motorcontrol.o(i.GetMotorDirState)
    GetMotorRunningState                     0x08004909   Thumb Code    16  motorcontrol.o(i.GetMotorRunningState)
    GetPVBuckerVoltage                       0x0800491d   Thumb Code    30  adcsample.o(i.GetPVBuckerVoltage)
    GetPVStringDownCur                       0x0800494d   Thumb Code    40  adcsample.o(i.GetPVStringDownCur)
    GetPVStringUpCur                         0x08004985   Thumb Code    40  adcsample.o(i.GetPVStringUpCur)
    GetTMP                                   0x080049bd   Thumb Code    74  tmpsensor.o(i.GetTMP)
    GetTime                                  0x08004a0d   Thumb Code   428  rtc.o(i.GetTime)
    HDVInit                                  0x08004bbd   Thumb Code    70  hardwareversion.o(i.HDVInit)
    HWProtocolInit                           0x08004c25   Thumb Code    96  hwprotocol.o(i.HWProtocolInit)
    HeatingCmd                               0x08004cd5   Thumb Code    30  batterypower.o(i.HeatingCmd)
    IICInit                                  0x08004de7   Thumb Code    78  iicbsp.o(i.IICInit)
    IICRead                                  0x08004e35   Thumb Code   160  iicbsp.o(i.IICRead)
    IICWrite                                 0x08005019   Thumb Code   108  iicbsp.o(i.IICWrite)
    IICWriteByte                             0x08005085   Thumb Code    90  iicbsp.o(i.IICWriteByte)
    IWDGInit                                 0x080050df   Thumb Code    52  init.o(i.IWDGInit)
    IWDG_Enable                              0x08005115   Thumb Code    10  stm32f10x_iwdg.o(i.IWDG_Enable)
    IWDG_ReloadCounter                       0x08005125   Thumb Code    10  stm32f10x_iwdg.o(i.IWDG_ReloadCounter)
    IWDG_SetPrescaler                        0x08005135   Thumb Code     6  stm32f10x_iwdg.o(i.IWDG_SetPrescaler)
    IWDG_SetReload                           0x08005141   Thumb Code     6  stm32f10x_iwdg.o(i.IWDG_SetReload)
    IWDG_WriteAccessCmd                      0x0800514d   Thumb Code     6  stm32f10x_iwdg.o(i.IWDG_WriteAccessCmd)
    LEDFlash                                 0x08005419   Thumb Code    40  ledhal.o(i.LEDFlash)
    LEDInit                                  0x08005449   Thumb Code    46  ledhal.o(i.LEDInit)
    LEDTurnOff                               0x0800547d   Thumb Code    12  ledhal.o(i.LEDTurnOff)
    LEDTurnOn                                0x0800548d   Thumb Code    12  ledhal.o(i.LEDTurnOn)
    LoRaModulePowerOff                       0x080056dd   Thumb Code    14  modbusframehal.o(i.LoRaModulePowerOff)
    LoRaModulePowerOn                        0x080056f1   Thumb Code    14  modbusframehal.o(i.LoRaModulePowerOn)
    ModbusPortInit                           0x08005929   Thumb Code    58  modbusframehal.o(i.ModbusPortInit)
    ModbusRead                               0x08005975   Thumb Code   172  modbusframehal.o(i.ModbusRead)
    ModbusSend                               0x08005a25   Thumb Code   156  modbusframehal.o(i.ModbusSend)
    MotorAllStop                             0x08005ac5   Thumb Code    52  motorcontrol.o(i.MotorAllStop)
    MotorInit                                0x08005f29   Thumb Code    12  motorcontrol.o(i.MotorInit)
    MotorTurnEast                            0x08005f59   Thumb Code    68  motorcontrol.o(i.MotorTurnEast)
    MotorTurnWest                            0x08005fa5   Thumb Code    68  motorcontrol.o(i.MotorTurnWest)
    NVICInit                                 0x08005ff1   Thumb Code   100  init.o(i.NVICInit)
    NVIC_Init                                0x08006055   Thumb Code   100  misc.o(i.NVIC_Init)
    NVIC_PriorityGroupConfig                 0x080060c5   Thumb Code    10  misc.o(i.NVIC_PriorityGroupConfig)
    OSCfg_Init                               0x080060d9   Thumb Code     2  os_cfg_app.o(i.OSCfg_Init)
    OSFlagCreate                             0x080060dd   Thumb Code   112  os_flag.o(i.OSFlagCreate)
    OSFlagPend                               0x08006159   Thumb Code   936  os_flag.o(i.OSFlagPend)
    OSFlagPost                               0x08006511   Thumb Code   112  os_flag.o(i.OSFlagPost)
    OSIdleTaskHook                           0x08006585   Thumb Code    16  os_cpu_c.o(i.OSIdleTaskHook)
    OSInit                                   0x08006599   Thumb Code   194  os_core.o(i.OSInit)
    OSInitHook                               0x080066b1   Thumb Code    28  os_cpu_c.o(i.OSInitHook)
    OSIntExit                                0x080066d9   Thumb Code   184  os_core.o(i.OSIntExit)
    OSSched                                  0x080067b1   Thumb Code   126  os_core.o(i.OSSched)
    OSStart                                  0x0800684d   Thumb Code    78  os_core.o(i.OSStart)
    OSTaskCreate                             0x080068b5   Thumb Code   368  os_task.o(i.OSTaskCreate)
    OSTaskCreateHook                         0x08006a39   Thumb Code    20  os_cpu_c.o(i.OSTaskCreateHook)
    OSTaskDel                                0x08006a51   Thumb Code   284  os_task.o(i.OSTaskDel)
    OSTaskDelHook                            0x08006b7d   Thumb Code    20  os_cpu_c.o(i.OSTaskDelHook)
    OSTaskReturnHook                         0x08006b95   Thumb Code    20  os_cpu_c.o(i.OSTaskReturnHook)
    OSTaskSemPend                            0x08006bad   Thumb Code   472  os_task.o(i.OSTaskSemPend)
    OSTaskSemPost                            0x08006d91   Thumb Code    62  os_task.o(i.OSTaskSemPost)
    OSTaskStkInit                            0x08006dd1   Thumb Code   192  os_cpu_c.o(i.OSTaskStkInit)
    OSTaskSwHook                             0x08006e95   Thumb Code   126  os_cpu_c.o(i.OSTaskSwHook)
    OSTimeDly                                0x08006f25   Thumb Code   184  os_time.o(i.OSTimeDly)
    OSTimeTick                               0x08006fe9   Thumb Code    18  os_time.o(i.OSTimeTick)
    OSTimeTickHook                           0x08007001   Thumb Code    16  os_cpu_c.o(i.OSTimeTickHook)
    OS_CPU_SysTickHandler                    0x08007015   Thumb Code    60  os_cpu_c.o(i.OS_CPU_SysTickHandler)
    OS_CPU_SysTickInit                       0x08007055   Thumb Code    44  os_cpu_c.o(i.OS_CPU_SysTickInit)
    OS_FlagBlock                             0x08007085   Thumb Code    54  os_flag.o(i.OS_FlagBlock)
    OS_FlagInit                              0x080070c1   Thumb Code    10  os_flag.o(i.OS_FlagInit)
    OS_FlagPost                              0x080070d1   Thumb Code   370  os_flag.o(i.OS_FlagPost)
    OS_FlagTaskRdy                           0x08007243   Thumb Code   100  os_flag.o(i.OS_FlagTaskRdy)
    OS_IdleTask                              0x080072a9   Thumb Code    56  os_core.o(i.OS_IdleTask)
    OS_IdleTaskInit                          0x080072e5   Thumb Code    66  os_core.o(i.OS_IdleTaskInit)
    OS_Pend                                  0x08007355   Thumb Code    88  os_core.o(i.OS_Pend)
    OS_PendDataInit                          0x080073b1   Thumb Code    38  os_core.o(i.OS_PendDataInit)
    OS_PendListInit                          0x080073d7   Thumb Code    10  os_core.o(i.OS_PendListInit)
    OS_PendListInsertPrio                    0x080073e1   Thumb Code   102  os_core.o(i.OS_PendListInsertPrio)
    OS_PendListRemove                        0x08007447   Thumb Code    48  os_core.o(i.OS_PendListRemove)
    OS_PendListRemove1                       0x08007477   Thumb Code    66  os_core.o(i.OS_PendListRemove1)
    OS_Post                                  0x080074b9   Thumb Code   186  os_core.o(i.OS_Post)
    OS_Post1                                 0x08007573   Thumb Code    42  os_core.o(i.OS_Post1)
    OS_PrioGetHighest                        0x0800759d   Thumb Code    36  os_prio.o(i.OS_PrioGetHighest)
    OS_PrioInit                              0x080075c5   Thumb Code    20  os_prio.o(i.OS_PrioInit)
    OS_PrioInsert                            0x080075dd   Thumb Code    32  os_prio.o(i.OS_PrioInsert)
    OS_PrioRemove                            0x08007601   Thumb Code    32  os_prio.o(i.OS_PrioRemove)
    OS_RdyListInit                           0x08007625   Thumb Code    32  os_core.o(i.OS_RdyListInit)
    OS_RdyListInsert                         0x08007649   Thumb Code    40  os_core.o(i.OS_RdyListInsert)
    OS_RdyListInsertHead                     0x08007675   Thumb Code    58  os_core.o(i.OS_RdyListInsertHead)
    OS_RdyListInsertTail                     0x080076b5   Thumb Code    56  os_core.o(i.OS_RdyListInsertTail)
    OS_RdyListRemove                         0x080076f1   Thumb Code    86  os_core.o(i.OS_RdyListRemove)
    OS_SemInit                               0x0800774d   Thumb Code    10  os_sem.o(i.OS_SemInit)
    OS_TaskBlock                             0x0800775d   Thumb Code    40  os_core.o(i.OS_TaskBlock)
    OS_TaskInit                              0x08007789   Thumb Code    14  os_task.o(i.OS_TaskInit)
    OS_TaskInitTCB                           0x080077a1   Thumb Code   112  os_task.o(i.OS_TaskInitTCB)
    OS_TaskReturn                            0x08007811   Thumb Code    20  os_task.o(i.OS_TaskReturn)
    OS_TaskSemPost                           0x08007829   Thumb Code   492  os_task.o(i.OS_TaskSemPost)
    OS_TickListInsert                        0x08007a19   Thumb Code   114  os_tick.o(i.OS_TickListInsert)
    OS_TickListInsertDly                     0x08007a8d   Thumb Code   180  os_tick.o(i.OS_TickListInsertDly)
    OS_TickListRemove                        0x08007b49   Thumb Code    72  os_tick.o(i.OS_TickListRemove)
    OS_TickTask                              0x08007cd5   Thumb Code   106  os_tick.o(i.OS_TickTask)
    OS_TickTaskInit                          0x08007d4d   Thumb Code   128  os_tick.o(i.OS_TickTaskInit)
    OpenPVPower                              0x08007e09   Thumb Code    14  pvpower.o(i.OpenPVPower)
    PVPowerInit                              0x08007e1d   Thumb Code    50  pvpower.o(i.PVPowerInit)
    PWR_BackupAccessCmd                      0x08007e55   Thumb Code     6  stm32f10x_pwr.o(i.PWR_BackupAccessCmd)
    ParaInit                                 0x08007e61   Thumb Code    12  init.o(i.ParaInit)
    PowerInit                                0x08007ff9   Thumb Code    40  powermanagement.o(i.PowerInit)
    PowerMangement                           0x08008045   Thumb Code   642  powermanagement.o(i.PowerMangement)
    ProtocolAnalysis                         0x080082e5   Thumb Code  1044  protocolanalysis.o(i.ProtocolAnalysis)
    ProtocolInit                             0x08008705   Thumb Code    28  protocolanalysis.o(i.ProtocolInit)
    RCC_ADCCLKConfig                         0x08008809   Thumb Code    18  stm32f10x_rcc.o(i.RCC_ADCCLKConfig)
    RCC_AHBPeriphClockCmd                    0x08008821   Thumb Code    26  stm32f10x_rcc.o(i.RCC_AHBPeriphClockCmd)
    RCC_APB1PeriphClockCmd                   0x08008841   Thumb Code    26  stm32f10x_rcc.o(i.RCC_APB1PeriphClockCmd)
    RCC_APB2PeriphClockCmd                   0x08008861   Thumb Code    26  stm32f10x_rcc.o(i.RCC_APB2PeriphClockCmd)
    RCC_GetClocksFreq                        0x08008881   Thumb Code   192  stm32f10x_rcc.o(i.RCC_GetClocksFreq)
    RCC_GetFlagStatus                        0x08008955   Thumb Code    56  stm32f10x_rcc.o(i.RCC_GetFlagStatus)
    RCC_LSICmd                               0x08008991   Thumb Code     6  stm32f10x_rcc.o(i.RCC_LSICmd)
    RTCInit                                  0x08008af5   Thumb Code    60  rtc.o(i.RTCInit)
    ReadConfigParaFromFlash                  0x08009a7d   Thumb Code    50  flashstoragehal.o(i.ReadConfigParaFromFlash)
    ReadWorkModeFromFlash                    0x08009b29   Thumb Code    54  flashstoragehal.o(i.ReadWorkModeFromFlash)
    SPI_CalculateCRC                         0x08009c15   Thumb Code    24  stm32f10x_spi.o(i.SPI_CalculateCRC)
    SPI_Cmd                                  0x08009c2d   Thumb Code    24  stm32f10x_spi.o(i.SPI_Cmd)
    SPI_I2S_GetFlagStatus                    0x08009c45   Thumb Code    18  stm32f10x_spi.o(i.SPI_I2S_GetFlagStatus)
    SPI_Init                                 0x08009c57   Thumb Code    60  stm32f10x_spi.o(i.SPI_Init)
    SetTime                                  0x08009e2d   Thumb Code   452  rtc.o(i.SetTime)
    SystemInit                               0x08009ff5   Thumb Code    76  system_stm32f10x.o(i.SystemInit)
    TIM3_IRQHandler                          0x0800a0c5   Thumb Code   456  motorcontrol.o(i.TIM3_IRQHandler)
    TIM_ARRPreloadConfig                     0x0800a2e1   Thumb Code    24  stm32f10x_tim.o(i.TIM_ARRPreloadConfig)
    TIM_ClearITPendingBit                    0x0800a2f9   Thumb Code     6  stm32f10x_tim.o(i.TIM_ClearITPendingBit)
    TIM_Cmd                                  0x0800a2ff   Thumb Code    24  stm32f10x_tim.o(i.TIM_Cmd)
    TIM_GetITStatus                          0x0800a317   Thumb Code    34  stm32f10x_tim.o(i.TIM_GetITStatus)
    TIM_ITConfig                             0x0800a339   Thumb Code    18  stm32f10x_tim.o(i.TIM_ITConfig)
    TIM_SetAutoreload                        0x0800a34b   Thumb Code     4  stm32f10x_tim.o(i.TIM_SetAutoreload)
    TIM_SetCompare1                          0x0800a34f   Thumb Code     4  stm32f10x_tim.o(i.TIM_SetCompare1)
    TIM_TimeBaseInit                         0x0800a355   Thumb Code   122  stm32f10x_tim.o(i.TIM_TimeBaseInit)
    TMPSensorInit                            0x0800a40d   Thumb Code    40  tmpsensor.o(i.TMPSensorInit)
    UART4_IRQHandler                         0x0800a5f1   Thumb Code   186  modbusframehal.o(i.UART4_IRQHandler)
    USART_ClearITPendingBit                  0x0800a6b9   Thumb Code    30  stm32f10x_usart.o(i.USART_ClearITPendingBit)
    USART_Cmd                                0x0800a6d7   Thumb Code    24  stm32f10x_usart.o(i.USART_Cmd)
    USART_DMACmd                             0x0800a6ef   Thumb Code    18  stm32f10x_usart.o(i.USART_DMACmd)
    USART_GetITStatus                        0x0800a701   Thumb Code    84  stm32f10x_usart.o(i.USART_GetITStatus)
    USART_ITConfig                           0x0800a755   Thumb Code    74  stm32f10x_usart.o(i.USART_ITConfig)
    USART_Init                               0x0800a7a1   Thumb Code   210  stm32f10x_usart.o(i.USART_Init)
    WorkModeInit                             0x0800a951   Thumb Code    14  workmodemanager.o(i.WorkModeInit)
    WorkModeMg                               0x0800a971   Thumb Code    10  workmodemanager.o(i.WorkModeMg)
    WriteConfigParaToFlash                   0x0800a9b1   Thumb Code    86  flashstoragehal.o(i.WriteConfigParaToFlash)
    WriteIAPFlagToFlash                      0x0800aa0d   Thumb Code    60  flashstoragehal.o(i.WriteIAPFlagToFlash)
    WriteNewSystemToFlash                    0x0800aa4d   Thumb Code    64  flashstoragehal.o(i.WriteNewSystemToFlash)
    WriteWorkModeToFlash                     0x0800ab01   Thumb Code   132  flashstoragehal.o(i.WriteWorkModeToFlash)
    __ARM_fpclassifyf                        0x0800ab8d   Thumb Code    38  fpclassifyf.o(i.__ARM_fpclassifyf)
    __mathlib_flt_infnan2                    0x0800abb3   Thumb Code     4  funder.o(i.__mathlib_flt_infnan2)
    __mathlib_flt_underflow                  0x0800abb7   Thumb Code    10  funder.o(i.__mathlib_flt_underflow)
    atan2f                                   0x0800abc1   Thumb Code   528  atan2f.o(i.atan2f)
    main                                     0x0800ae1d   Thumb Code   544  main.o(i.main)
    __aeabi_d2f                              0x0800b185   Thumb Code     0  d2f.o(x$fpl$d2f)
    _d2f                                     0x0800b185   Thumb Code    98  d2f.o(x$fpl$d2f)
    __aeabi_dadd                             0x0800b1e9   Thumb Code     0  daddsub_clz.o(x$fpl$dadd)
    _dadd                                    0x0800b1e9   Thumb Code   332  daddsub_clz.o(x$fpl$dadd)
    __fpl_dcmp_Inf                           0x0800b339   Thumb Code    24  dcmpi.o(x$fpl$dcmpinf)
    __aeabi_ddiv                             0x0800b351   Thumb Code     0  ddiv.o(x$fpl$ddiv)
    _ddiv                                    0x0800b351   Thumb Code   552  ddiv.o(x$fpl$ddiv)
    __aeabi_d2iz                             0x0800b601   Thumb Code     0  dfix.o(x$fpl$dfix)
    _dfix                                    0x0800b601   Thumb Code    94  dfix.o(x$fpl$dfix)
    __aeabi_d2uiz                            0x0800b661   Thumb Code     0  dfixu.o(x$fpl$dfixu)
    _dfixu                                   0x0800b661   Thumb Code    90  dfixu.o(x$fpl$dfixu)
    __aeabi_i2d                              0x0800b6bb   Thumb Code     0  dflt_clz.o(x$fpl$dflt)
    _dflt                                    0x0800b6bb   Thumb Code    46  dflt_clz.o(x$fpl$dflt)
    __aeabi_ui2d                             0x0800b6e9   Thumb Code     0  dflt_clz.o(x$fpl$dfltu)
    _dfltu                                   0x0800b6e9   Thumb Code    38  dflt_clz.o(x$fpl$dfltu)
    __aeabi_cdcmple                          0x0800b711   Thumb Code     0  dleqf.o(x$fpl$dleqf)
    _dcmple                                  0x0800b711   Thumb Code   120  dleqf.o(x$fpl$dleqf)
    __fpl_dcmple_InfNaN                      0x0800b773   Thumb Code     0  dleqf.o(x$fpl$dleqf)
    __aeabi_dmul                             0x0800b789   Thumb Code     0  dmul.o(x$fpl$dmul)
    _dmul                                    0x0800b789   Thumb Code   332  dmul.o(x$fpl$dmul)
    __fpl_dnaninf                            0x0800b8dd   Thumb Code   156  dnaninf.o(x$fpl$dnaninf)
    __fpl_dretinf                            0x0800b979   Thumb Code    12  dretinf.o(x$fpl$dretinf)
    __aeabi_cdrcmple                         0x0800b985   Thumb Code     0  drleqf.o(x$fpl$drleqf)
    _drcmple                                 0x0800b985   Thumb Code   108  drleqf.o(x$fpl$drleqf)
    __aeabi_drsub                            0x0800b9f1   Thumb Code     0  daddsub_clz.o(x$fpl$drsb)
    _drsb                                    0x0800b9f1   Thumb Code    22  daddsub_clz.o(x$fpl$drsb)
    __aeabi_dsub                             0x0800ba09   Thumb Code     0  daddsub_clz.o(x$fpl$dsub)
    _dsub                                    0x0800ba09   Thumb Code   464  daddsub_clz.o(x$fpl$dsub)
    __aeabi_f2d                              0x0800bbdd   Thumb Code     0  f2d.o(x$fpl$f2d)
    _f2d                                     0x0800bbdd   Thumb Code    86  f2d.o(x$fpl$f2d)
    __aeabi_fadd                             0x0800bc35   Thumb Code     0  faddsub_clz.o(x$fpl$fadd)
    _fadd                                    0x0800bc35   Thumb Code   196  faddsub_clz.o(x$fpl$fadd)
    __fpl_fcheck_NaN1                        0x0800bcf9   Thumb Code     6  fcheck1.o(x$fpl$fcheck1)
    __fpl_fcmp_Inf                           0x0800bd05   Thumb Code    24  fcmpi.o(x$fpl$fcmpinf)
    __aeabi_fdiv                             0x0800bd1d   Thumb Code     0  fdiv.o(x$fpl$fdiv)
    _fdiv                                    0x0800bd1d   Thumb Code   384  fdiv.o(x$fpl$fdiv)
    __aeabi_f2iz                             0x0800bea1   Thumb Code     0  ffix.o(x$fpl$ffix)
    _ffix                                    0x0800bea1   Thumb Code    54  ffix.o(x$fpl$ffix)
    __aeabi_f2uiz                            0x0800bed9   Thumb Code     0  ffixu.o(x$fpl$ffixu)
    _ffixu                                   0x0800bed9   Thumb Code    62  ffixu.o(x$fpl$ffixu)
    __aeabi_i2f                              0x0800bf19   Thumb Code     0  fflt_clz.o(x$fpl$fflt)
    _fflt                                    0x0800bf19   Thumb Code    48  fflt_clz.o(x$fpl$fflt)
    __aeabi_ui2f                             0x0800bf49   Thumb Code     0  fflt_clz.o(x$fpl$ffltu)
    _ffltu                                   0x0800bf49   Thumb Code    38  fflt_clz.o(x$fpl$ffltu)
    __aeabi_cfcmple                          0x0800bf71   Thumb Code     0  fleqf.o(x$fpl$fleqf)
    _fcmple                                  0x0800bf71   Thumb Code   104  fleqf.o(x$fpl$fleqf)
    __fpl_fcmple_InfNaN                      0x0800bfc3   Thumb Code     0  fleqf.o(x$fpl$fleqf)
    __aeabi_fmul                             0x0800bfd9   Thumb Code     0  fmul.o(x$fpl$fmul)
    _fmul                                    0x0800bfd9   Thumb Code   258  fmul.o(x$fpl$fmul)
    __fpl_fnaninf                            0x0800c0db   Thumb Code   140  fnaninf.o(x$fpl$fnaninf)
    __fpl_fretinf                            0x0800c167   Thumb Code    10  fretinf.o(x$fpl$fretinf)
    __aeabi_cfrcmple                         0x0800c171   Thumb Code     0  frleqf.o(x$fpl$frleqf)
    _frcmple                                 0x0800c171   Thumb Code    98  frleqf.o(x$fpl$frleqf)
    __aeabi_frsub                            0x0800c1d3   Thumb Code     0  faddsub_clz.o(x$fpl$frsb)
    _frsb                                    0x0800c1d3   Thumb Code    20  faddsub_clz.o(x$fpl$frsb)
    __aeabi_fsub                             0x0800c1e9   Thumb Code     0  faddsub_clz.o(x$fpl$fsub)
    _fsub                                    0x0800c1e9   Thumb Code   234  faddsub_clz.o(x$fpl$fsub)
    __fpl_return_NaN                         0x0800c2d3   Thumb Code   100  retnan.o(x$fpl$retnan)
    __ARM_scalbnf                            0x0800c337   Thumb Code    76  scalbnf.o(x$fpl$scalbnf)
    __fpl_cmpreturn                          0x0800c383   Thumb Code    48  trapv.o(x$fpl$trapveneer)
    __I$use$fp                               0x0800c3b2   Number         0  usenofp.o(x$fpl$usenofp)
    OSCfg_IdleTaskStkBasePtr                 0x0800c3b4   Data           4  os_cfg_app.o(.constdata)
    OSCfg_IdleTaskStkLimit                   0x0800c3b8   Data           4  os_cfg_app.o(.constdata)
    OSCfg_IdleTaskStkSize                    0x0800c3bc   Data           4  os_cfg_app.o(.constdata)
    OSCfg_IdleTaskStkSizeRAM                 0x0800c3c0   Data           4  os_cfg_app.o(.constdata)
    OSCfg_IntQBasePtr                        0x0800c3c4   Data           4  os_cfg_app.o(.constdata)
    OSCfg_IntQSize                           0x0800c3c8   Data           2  os_cfg_app.o(.constdata)
    OSCfg_IntQSizeRAM                        0x0800c3cc   Data           4  os_cfg_app.o(.constdata)
    OSCfg_IntQTaskStkBasePtr                 0x0800c3d0   Data           4  os_cfg_app.o(.constdata)
    OSCfg_IntQTaskStkLimit                   0x0800c3d4   Data           4  os_cfg_app.o(.constdata)
    OSCfg_IntQTaskStkSize                    0x0800c3d8   Data           4  os_cfg_app.o(.constdata)
    OSCfg_IntQTaskStkSizeRAM                 0x0800c3dc   Data           4  os_cfg_app.o(.constdata)
    OSCfg_ISRStkBasePtr                      0x0800c3e0   Data           4  os_cfg_app.o(.constdata)
    OSCfg_ISRStkSize                         0x0800c3e4   Data           4  os_cfg_app.o(.constdata)
    OSCfg_ISRStkSizeRAM                      0x0800c3e8   Data           4  os_cfg_app.o(.constdata)
    OSCfg_MsgPoolSize                        0x0800c3ec   Data           2  os_cfg_app.o(.constdata)
    OSCfg_MsgPoolSizeRAM                     0x0800c3f0   Data           4  os_cfg_app.o(.constdata)
    OSCfg_MsgPoolBasePtr                     0x0800c3f4   Data           4  os_cfg_app.o(.constdata)
    OSCfg_StatTaskPrio                       0x0800c3f8   Data           1  os_cfg_app.o(.constdata)
    OSCfg_StatTaskRate_Hz                    0x0800c3fc   Data           4  os_cfg_app.o(.constdata)
    OSCfg_StatTaskStkBasePtr                 0x0800c400   Data           4  os_cfg_app.o(.constdata)
    OSCfg_StatTaskStkLimit                   0x0800c404   Data           4  os_cfg_app.o(.constdata)
    OSCfg_StatTaskStkSize                    0x0800c408   Data           4  os_cfg_app.o(.constdata)
    OSCfg_StatTaskStkSizeRAM                 0x0800c40c   Data           4  os_cfg_app.o(.constdata)
    OSCfg_StkSizeMin                         0x0800c410   Data           4  os_cfg_app.o(.constdata)
    OSCfg_TickRate_Hz                        0x0800c414   Data           4  os_cfg_app.o(.constdata)
    OSCfg_TickTaskPrio                       0x0800c418   Data           1  os_cfg_app.o(.constdata)
    OSCfg_TickTaskStkBasePtr                 0x0800c41c   Data           4  os_cfg_app.o(.constdata)
    OSCfg_TickTaskStkLimit                   0x0800c420   Data           4  os_cfg_app.o(.constdata)
    OSCfg_TickTaskStkSize                    0x0800c424   Data           4  os_cfg_app.o(.constdata)
    OSCfg_TickTaskStkSizeRAM                 0x0800c428   Data           4  os_cfg_app.o(.constdata)
    OSCfg_TmrTaskPrio                        0x0800c42c   Data           1  os_cfg_app.o(.constdata)
    OSCfg_TmrTaskRate_Hz                     0x0800c430   Data           4  os_cfg_app.o(.constdata)
    OSCfg_TmrTaskStkBasePtr                  0x0800c434   Data           4  os_cfg_app.o(.constdata)
    OSCfg_TmrTaskStkLimit                    0x0800c438   Data           4  os_cfg_app.o(.constdata)
    OSCfg_TmrTaskStkSize                     0x0800c43c   Data           4  os_cfg_app.o(.constdata)
    OSCfg_TmrTaskStkSizeRAM                  0x0800c440   Data           4  os_cfg_app.o(.constdata)
    OSCfg_DataSizeRAM                        0x0800c444   Data           4  os_cfg_app.o(.constdata)
    Region$$Table$$Base                      0x0800c448   Number         0  anon$$obj.o(Region$$Table)
    Region$$Table$$Limit                     0x0800c468   Number         0  anon$$obj.o(Region$$Table)
    OSPrioTbl                                0x20000000   Data           4  os_prio.o(.data)
    OS_AppTaskCreateHookPtr                  0x20000004   Data           4  os_var.o(.data)
    OS_AppTaskDelHookPtr                     0x20000008   Data           4  os_var.o(.data)
    OS_AppTaskReturnHookPtr                  0x2000000c   Data           4  os_var.o(.data)
    OS_AppIdleTaskHookPtr                    0x20000010   Data           4  os_var.o(.data)
    OS_AppStatTaskHookPtr                    0x20000014   Data           4  os_var.o(.data)
    OS_AppTaskSwHookPtr                      0x20000018   Data           4  os_var.o(.data)
    OS_AppTimeTickHookPtr                    0x2000001c   Data           4  os_var.o(.data)
    OSIdleTaskCtr                            0x20000020   Data           4  os_var.o(.data)
    OSIntNestingCtr                          0x20000024   Data           1  os_var.o(.data)
    OSIntDisTimeMax                          0x20000028   Data           4  os_var.o(.data)
    OSRunning                                0x2000002c   Data           1  os_var.o(.data)
    OSFlagQty                                0x2000002e   Data           2  os_var.o(.data)
    OSPrioCur                                0x20000030   Data           1  os_var.o(.data)
    OSPrioHighRdy                            0x20000031   Data           1  os_var.o(.data)
    OSPrioSaved                              0x20000032   Data           1  os_var.o(.data)
    OSSchedLockTimeBegin                     0x20000034   Data           4  os_var.o(.data)
    OSSchedLockTimeMax                       0x20000038   Data           4  os_var.o(.data)
    OSSchedLockTimeMaxCur                    0x2000003c   Data           4  os_var.o(.data)
    OSSchedLockNestingCtr                    0x20000040   Data           1  os_var.o(.data)
    OSSemQty                                 0x20000042   Data           2  os_var.o(.data)
    OSTaskCtxSwCtr                           0x20000044   Data           4  os_var.o(.data)
    OSTaskQty                                0x20000048   Data           2  os_var.o(.data)
    OSTaskRegNextAvailID                     0x2000004a   Data           1  os_var.o(.data)
    OSTickCtr                                0x2000004c   Data           4  os_var.o(.data)
    OSTickTaskTimeMax                        0x20000050   Data           4  os_var.o(.data)
    OSTickListDly                            0x20000054   Data           4  os_var.o(.data)
    OSTickListTimeout                        0x20000058   Data           4  os_var.o(.data)
    OSTCBCurPtr                              0x2000005c   Data           4  os_var.o(.data)
    OSTCBHighRdyPtr                          0x20000060   Data           4  os_var.o(.data)
    OS_CPU_ExceptStkBase                     0x20000064   Data           4  os_cpu_c.o(.data)
    CPU_TS_TmrFreq_Hz                        0x20000068   Data           4  cpu_core.o(.data)
    CPU_IntDisMeasCtr                        0x2000006c   Data           2  cpu_core.o(.data)
    CPU_IntDisNestCtr                        0x2000006e   Data           2  cpu_core.o(.data)
    CPU_IntDisMeasStart_cnts                 0x20000070   Data           4  cpu_core.o(.data)
    CPU_IntDisMeasStop_cnts                  0x20000074   Data           4  cpu_core.o(.data)
    CPU_IntDisMeasOvrhd_cnts                 0x20000078   Data           4  cpu_core.o(.data)
    CPU_IntDisMeasMaxCur_cnts                0x2000007c   Data           4  cpu_core.o(.data)
    CPU_IntDisMeasMax_cnts                   0x20000080   Data           4  cpu_core.o(.data)
    HWRegister                               0x200000d4   Data           2  hwprotocol.o(.data)
    OSCfg_IdleTaskStk                        0x20000150   Data         512  os_cfg_app.o(.bss)
    OSCfg_ISRStk                             0x20000350   Data         512  os_cfg_app.o(.bss)
    OSCfg_TickTaskStk                        0x20000550   Data         512  os_cfg_app.o(.bss)
    OSIdleTaskTCB                            0x20000750   Data         112  os_var.o(.bss)
    OSRdyList                                0x200007c0   Data         384  os_var.o(.bss)
    OSTickTaskTCB                            0x20000940   Data         112  os_var.o(.bss)
    GlobalVariable                           0x200009b0   Data         616  main.o(.bss)
    AngleMangementTCB                        0x20003818   Data         112  main.o(.bss)
    SamplingTCB                              0x20003888   Data         112  main.o(.bss)
    PowerManagementTCB                       0x200038f8   Data         112  main.o(.bss)
    ModbusOverLoRaTCB                        0x20003968   Data         112  main.o(.bss)
    RTCTimeTCB                               0x200039d8   Data         112  main.o(.bss)
    MotorProtectionTCB                       0x20003a48   Data         112  main.o(.bss)
    WorkmodeControlTCB                       0x20003ab8   Data         112  main.o(.bss)
    MotorAngleControlTCB                     0x20003b28   Data         112  main.o(.bss)
    ParameterSaveTCB                         0x20003b98   Data         112  main.o(.bss)
    LedIWDGTCB                               0x20003c08   Data         112  main.o(.bss)
    T0AngleNoChange_first_Flags              0x20003c78   Data          24  main.o(.bss)
    Motor_continuous_Flags                   0x20003c90   Data          24  main.o(.bss)
    __libspace_start                         0x200046c8   Data          96  libspace.o(.bss)
    __temporary_stack_top$libspace           0x20004728   Data           0  libspace.o(.bss)



==============================================================================

Memory Map of the image

  Image Entry point : 0x08002131

  Load Region LR_IROM1 (Base: 0x08002000, Size: 0x0000a5b8, Max: 0x00028000, ABSOLUTE, COMPRESSED[0x0000a488])

    Execution Region ER_IROM1 (Exec base: 0x08002000, Load base: 0x08002000, Size: 0x0000a468, Max: 0x00028000, ABSOLUTE)

    Exec Addr    Load Addr    Size         Type   Attr      Idx    E Section Name        Object

    0x08002000   0x08002000   0x00000130   Data   RO         5304    RESET               startup_stm32f10x_hd.o
    0x08002130   0x08002130   0x00000008   Code   RO         5359  * !!!main             c_w.l(__main.o)
    0x08002138   0x08002138   0x00000034   Code   RO         5634    !!!scatter          c_w.l(__scatter.o)
    0x0800216c   0x0800216c   0x0000005a   Code   RO         5632    !!dczerorl2         c_w.l(__dczerorl2.o)
    0x080021c6   0x080021c6   0x00000002   PAD
    0x080021c8   0x080021c8   0x0000001c   Code   RO         5636    !!handler_zi        c_w.l(__scatter_zi.o)
    0x080021e4   0x080021e4   0x00000002   Code   RO         5499    .ARM.Collect$$libinit$$00000000  c_w.l(libinit.o)
    0x080021e6   0x080021e6   0x00000000   Code   RO         5505    .ARM.Collect$$libinit$$00000002  c_w.l(libinit2.o)
    0x080021e6   0x080021e6   0x00000000   Code   RO         5507    .ARM.Collect$$libinit$$00000004  c_w.l(libinit2.o)
    0x080021e6   0x080021e6   0x00000000   Code   RO         5510    .ARM.Collect$$libinit$$0000000A  c_w.l(libinit2.o)
    0x080021e6   0x080021e6   0x00000000   Code   RO         5512    .ARM.Collect$$libinit$$0000000C  c_w.l(libinit2.o)
    0x080021e6   0x080021e6   0x00000000   Code   RO         5514    .ARM.Collect$$libinit$$0000000E  c_w.l(libinit2.o)
    0x080021e6   0x080021e6   0x00000000   Code   RO         5517    .ARM.Collect$$libinit$$00000011  c_w.l(libinit2.o)
    0x080021e6   0x080021e6   0x00000000   Code   RO         5519    .ARM.Collect$$libinit$$00000013  c_w.l(libinit2.o)
    0x080021e6   0x080021e6   0x00000000   Code   RO         5521    .ARM.Collect$$libinit$$00000015  c_w.l(libinit2.o)
    0x080021e6   0x080021e6   0x00000000   Code   RO         5523    .ARM.Collect$$libinit$$00000017  c_w.l(libinit2.o)
    0x080021e6   0x080021e6   0x00000000   Code   RO         5525    .ARM.Collect$$libinit$$00000019  c_w.l(libinit2.o)
    0x080021e6   0x080021e6   0x00000000   Code   RO         5527    .ARM.Collect$$libinit$$0000001B  c_w.l(libinit2.o)
    0x080021e6   0x080021e6   0x00000000   Code   RO         5529    .ARM.Collect$$libinit$$0000001D  c_w.l(libinit2.o)
    0x080021e6   0x080021e6   0x00000000   Code   RO         5531    .ARM.Collect$$libinit$$0000001F  c_w.l(libinit2.o)
    0x080021e6   0x080021e6   0x00000000   Code   RO         5533    .ARM.Collect$$libinit$$00000021  c_w.l(libinit2.o)
    0x080021e6   0x080021e6   0x00000000   Code   RO         5535    .ARM.Collect$$libinit$$00000023  c_w.l(libinit2.o)
    0x080021e6   0x080021e6   0x00000000   Code   RO         5537    .ARM.Collect$$libinit$$00000025  c_w.l(libinit2.o)
    0x080021e6   0x080021e6   0x00000000   Code   RO         5541    .ARM.Collect$$libinit$$0000002C  c_w.l(libinit2.o)
    0x080021e6   0x080021e6   0x00000000   Code   RO         5543    .ARM.Collect$$libinit$$0000002E  c_w.l(libinit2.o)
    0x080021e6   0x080021e6   0x00000000   Code   RO         5545    .ARM.Collect$$libinit$$00000030  c_w.l(libinit2.o)
    0x080021e6   0x080021e6   0x00000000   Code   RO         5547    .ARM.Collect$$libinit$$00000032  c_w.l(libinit2.o)
    0x080021e6   0x080021e6   0x00000002   Code   RO         5548    .ARM.Collect$$libinit$$00000033  c_w.l(libinit2.o)
    0x080021e8   0x080021e8   0x00000002   Code   RO         5572    .ARM.Collect$$libshutdown$$00000000  c_w.l(libshutdown.o)
    0x080021ea   0x080021ea   0x00000000   Code   RO         5585    .ARM.Collect$$libshutdown$$00000002  c_w.l(libshutdown2.o)
    0x080021ea   0x080021ea   0x00000000   Code   RO         5587    .ARM.Collect$$libshutdown$$00000004  c_w.l(libshutdown2.o)
    0x080021ea   0x080021ea   0x00000000   Code   RO         5590    .ARM.Collect$$libshutdown$$00000007  c_w.l(libshutdown2.o)
    0x080021ea   0x080021ea   0x00000000   Code   RO         5593    .ARM.Collect$$libshutdown$$0000000A  c_w.l(libshutdown2.o)
    0x080021ea   0x080021ea   0x00000000   Code   RO         5595    .ARM.Collect$$libshutdown$$0000000C  c_w.l(libshutdown2.o)
    0x080021ea   0x080021ea   0x00000000   Code   RO         5598    .ARM.Collect$$libshutdown$$0000000F  c_w.l(libshutdown2.o)
    0x080021ea   0x080021ea   0x00000002   Code   RO         5599    .ARM.Collect$$libshutdown$$00000010  c_w.l(libshutdown2.o)
    0x080021ec   0x080021ec   0x00000000   Code   RO         5433    .ARM.Collect$$rtentry$$00000000  c_w.l(__rtentry.o)
    0x080021ec   0x080021ec   0x00000000   Code   RO         5466    .ARM.Collect$$rtentry$$00000002  c_w.l(__rtentry2.o)
    0x080021ec   0x080021ec   0x00000006   Code   RO         5478    .ARM.Collect$$rtentry$$00000004  c_w.l(__rtentry4.o)
    0x080021f2   0x080021f2   0x00000000   Code   RO         5468    .ARM.Collect$$rtentry$$00000009  c_w.l(__rtentry2.o)
    0x080021f2   0x080021f2   0x00000004   Code   RO         5469    .ARM.Collect$$rtentry$$0000000A  c_w.l(__rtentry2.o)
    0x080021f6   0x080021f6   0x00000000   Code   RO         5471    .ARM.Collect$$rtentry$$0000000C  c_w.l(__rtentry2.o)
    0x080021f6   0x080021f6   0x00000008   Code   RO         5472    .ARM.Collect$$rtentry$$0000000D  c_w.l(__rtentry2.o)
    0x080021fe   0x080021fe   0x00000002   Code   RO         5502    .ARM.Collect$$rtexit$$00000000  c_w.l(rtexit.o)
    0x08002200   0x08002200   0x00000000   Code   RO         5552    .ARM.Collect$$rtexit$$00000002  c_w.l(rtexit2.o)
    0x08002200   0x08002200   0x00000004   Code   RO         5553    .ARM.Collect$$rtexit$$00000003  c_w.l(rtexit2.o)
    0x08002204   0x08002204   0x00000006   Code   RO         5554    .ARM.Collect$$rtexit$$00000004  c_w.l(rtexit2.o)
    0x0800220a   0x0800220a   0x00000002   PAD
    0x0800220c   0x0800220c   0x00000034   Code   RO          796    .text               cpu_a.o
    0x08002240   0x08002240   0x00000040   Code   RO         5305    .text               startup_stm32f10x_hd.o
    0x08002280   0x08002280   0x00000006   Code   RO         5357    .text               c_w.l(heapauxi.o)
    0x08002286   0x08002286   0x00000002   PAD
    0x08002288   0x08002288   0x00000008   Code   RO         5487    .text               c_w.l(libspace.o)
    0x08002290   0x08002290   0x0000004a   Code   RO         5490    .text               c_w.l(sys_stackheap_outer.o)
    0x080022da   0x080022da   0x00000012   Code   RO         5492    .text               c_w.l(exit.o)
    0x080022ec   0x080022ec   0x0000000c   Code   RO         5564    .text               c_w.l(sys_exit.o)
    0x080022f8   0x080022f8   0x00000002   Code   RO         5575    .text               c_w.l(use_no_semi.o)
    0x080022fa   0x080022fa   0x00000000   Code   RO         5577    .text               c_w.l(indicate_semi.o)
    0x080022fa   0x080022fa   0x00000002   PAD
    0x080022fc   0x080022fc   0x00000098   Code   RO          714    CODE                os_cpu_a.o
    0x08002394   0x08002394   0x0000004c   Code   RO         2884    i.ADCConvert        adcsample.o
    0x080023e0   0x080023e0   0x000001a8   Code   RO         2885    i.ADCInit           adcsample.o
    0x08002588   0x08002588   0x00000006   Code   RO         3241    i.ADC_ClearFlag     stm32f10x_adc.o
    0x0800258e   0x0800258e   0x00000016   Code   RO         3243    i.ADC_Cmd           stm32f10x_adc.o
    0x080025a4   0x080025a4   0x00000016   Code   RO         3244    i.ADC_DMACmd        stm32f10x_adc.o
    0x080025ba   0x080025ba   0x00000014   Code   RO         3251    i.ADC_GetCalibrationStatus  stm32f10x_adc.o
    0x080025ce   0x080025ce   0x00000002   PAD
    0x080025d0   0x080025d0   0x00000050   Code   RO         3261    i.ADC_Init          stm32f10x_adc.o
    0x08002620   0x08002620   0x000000b8   Code   RO         3265    i.ADC_RegularChannelConfig  stm32f10x_adc.o
    0x080026d8   0x080026d8   0x0000000a   Code   RO         3266    i.ADC_ResetCalibration  stm32f10x_adc.o
    0x080026e2   0x080026e2   0x00000016   Code   RO         3268    i.ADC_SoftwareStartConvCmd  stm32f10x_adc.o
    0x080026f8   0x080026f8   0x0000000a   Code   RO         3270    i.ADC_StartCalibration  stm32f10x_adc.o
    0x08002702   0x08002702   0x00000002   PAD
    0x08002704   0x08002704   0x0000024c   Code   RO         1715    i.ASProtocolInit    asprotocol.o
    0x08002950   0x08002950   0x000000e4   Code   RO         2079    i.AngleCalibrationMode  workmodemanager.o
    0x08002a34   0x08002a34   0x00000058   Code   RO         1464    i.AngleMangement    main.o
    0x08002a8c   0x08002a8c   0x00000024   Code   RO         2376    i.AngleSensorInit   anglesensorhal.o
    0x08002ab0   0x08002ab0   0x00000090   Code   RO         2080    i.AutoAIMode        workmodemanager.o
    0x08002b40   0x08002b40   0x00000040   Code   RO         2081    i.AutoBatSOCLowMode  workmodemanager.o
    0x08002b80   0x08002b80   0x00000064   Code   RO         2082    i.AutoMode          workmodemanager.o
    0x08002be4   0x08002be4   0x000000a8   Code   RO         2083    i.AutoModeSwitch    workmodemanager.o
    0x08002c8c   0x08002c8c   0x00000218   Code   RO         2084    i.AutoRainMode      workmodemanager.o
    0x08002ea4   0x08002ea4   0x00000074   Code   RO         2085    i.AutoSnowMode      workmodemanager.o
    0x08002f18   0x08002f18   0x00000098   Code   RO         2086    i.AutoTrackMode     workmodemanager.o
    0x08002fb0   0x08002fb0   0x00000040   Code   RO         2087    i.AutoWindMode      workmodemanager.o
    0x08002ff0   0x08002ff0   0x0000002a   Code   RO         3064    i.BKPInit           backupregister.o
    0x0800301a   0x0800301a   0x0000001a   Code   RO         3065    i.BKPReadRTCUpdateFlag  backupregister.o
    0x08003034   0x08003034   0x0000001a   Code   RO         3066    i.BKPWriteRTCUpdateFlag  backupregister.o
    0x0800304e   0x0800304e   0x00000002   PAD
    0x08003050   0x08003050   0x00000014   Code   RO         3471    i.BKP_ClearFlag     stm32f10x_bkp.o
    0x08003064   0x08003064   0x0000000c   Code   RO         3476    i.BKP_ITConfig      stm32f10x_bkp.o
    0x08003070   0x08003070   0x0000001c   Code   RO         3478    i.BKP_ReadBackupRegister  stm32f10x_bkp.o
    0x0800308c   0x0800308c   0x0000000c   Code   RO         3480    i.BKP_TamperPinCmd  stm32f10x_bkp.o
    0x08003098   0x08003098   0x0000001c   Code   RO         3482    i.BKP_WriteBackupRegister  stm32f10x_bkp.o
    0x080030b4   0x080030b4   0x00000040   Code   RO         2088    i.BatSOCLowCheck    workmodemanager.o
    0x080030f4   0x080030f4   0x00000044   Code   RO         2493    i.BatteryCharacterB7030  batterypower.o
    0x08003138   0x08003138   0x00000088   Code   RO         2494    i.BatteryPowerInit  batterypower.o
    0x080031c0   0x080031c0   0x00000038   Code   RO         2495    i.BatteryTypeIOInit  batterypower.o
    0x080031f8   0x080031f8   0x0000001c   Code   RO          809    i.CPU_IntDisMeasMaxCalc  cpu_core.o
    0x08003214   0x08003214   0x0000002c   Code   RO          810    i.CPU_IntDisMeasMaxCurGet  cpu_core.o
    0x08003240   0x08003240   0x0000002c   Code   RO          811    i.CPU_IntDisMeasMaxCurReset  cpu_core.o
    0x0800326c   0x0800326c   0x00000034   Code   RO          813    i.CPU_IntDisMeasStart  cpu_core.o
    0x080032a0   0x080032a0   0x00000054   Code   RO          814    i.CPU_IntDisMeasStop  cpu_core.o
    0x080032f4   0x080032f4   0x0000000c   Code   RO          825    i.CPU_TS_TmrRd      cpu_core.o
    0x08003300   0x08003300   0x0000003e   Code   RO         2747    i.CRC16Check        modbusframehal.o
    0x0800333e   0x0800333e   0x00000002   PAD
    0x08003340   0x08003340   0x000000c0   Code   RO         2379    i.CalcAngle         anglesensorhal.o
    0x08003400   0x08003400   0x00000138   Code   RO         2170    i.ChargeCmd         powermanagement.o
    0x08003538   0x08003538   0x00000014   Code   RO         2496    i.ChargerActive     batterypower.o
    0x0800354c   0x0800354c   0x000000c8   Code   RO         2497    i.ChargerInit       batterypower.o
    0x08003614   0x08003614   0x00000028   Code   RO         2498    i.ChargerReset      batterypower.o
    0x0800363c   0x0800363c   0x00000018   Code   RO         2499    i.ChargerSuspend    batterypower.o
    0x08003654   0x08003654   0x00000014   Code   RO         2457    i.ClosePVPower      pvpower.o
    0x08003668   0x08003668   0x00000080   Code   RO         1661    i.ConfigParaInit    init.o
    0x080036e8   0x080036e8   0x00000104   Code   RO         2886    i.DMA1_Channel1_IRQHandler  adcsample.o
    0x080037ec   0x080037ec   0x00000020   Code   RO         2748    i.DMA2C5Send        modbusframehal.o
    0x0800380c   0x0800380c   0x0000001c   Code   RO         3598    i.DMA_ClearITPendingBit  stm32f10x_dma.o
    0x08003828   0x08003828   0x00000018   Code   RO         3599    i.DMA_Cmd           stm32f10x_dma.o
    0x08003840   0x08003840   0x0000002c   Code   RO         3603    i.DMA_GetITStatus   stm32f10x_dma.o
    0x0800386c   0x0800386c   0x00000012   Code   RO         3604    i.DMA_ITConfig      stm32f10x_dma.o
    0x0800387e   0x0800387e   0x0000003c   Code   RO         3605    i.DMA_Init          stm32f10x_dma.o
    0x080038ba   0x080038ba   0x0000001a   Code   RO         2953    i.DelayUs           rtc.o
    0x080038d4   0x080038d4   0x0000001c   Code   RO         3100    i.Delayus           iicbsp.o
    0x080038f0   0x080038f0   0x00000060   Code   RO         2211    i.DetectEmergencyStop  motorprotection.o
    0x08003950   0x08003950   0x000002b4   Code   RO         2212    i.DetectMotorReverseAngleNoChange  motorprotection.o
    0x08003c04   0x08003c04   0x0000015c   Code   RO         2213    i.DetectOverCurrent  motorprotection.o
    0x08003d60   0x08003d60   0x000000f4   Code   RO         2214    i.DetectSoftLimit   motorprotection.o
    0x08003e54   0x08003e54   0x00000048   Code   RO         2819    i.EraseNewSystemFlash  flashstoragehal.o
    0x08003e9c   0x08003e9c   0x0000000c   Code   RO         3747    i.FLASH_ClearFlag   stm32f10x_flash.o
    0x08003ea8   0x08003ea8   0x0000004c   Code   RO         3752    i.FLASH_ErasePage   stm32f10x_flash.o
    0x08003ef4   0x08003ef4   0x00000034   Code   RO         3753    i.FLASH_GetBank1Status  stm32f10x_flash.o
    0x08003f28   0x08003f28   0x00000034   Code   RO         3757    i.FLASH_GetStatus   stm32f10x_flash.o
    0x08003f5c   0x08003f5c   0x00000014   Code   RO         3762    i.FLASH_Lock        stm32f10x_flash.o
    0x08003f70   0x08003f70   0x00000040   Code   RO         3765    i.FLASH_ProgramHalfWord  stm32f10x_flash.o
    0x08003fb0   0x08003fb0   0x0000006c   Code   RO         3767    i.FLASH_ProgramWord  stm32f10x_flash.o
    0x0800401c   0x0800401c   0x00000018   Code   RO         3770    i.FLASH_Unlock      stm32f10x_flash.o
    0x08004034   0x08004034   0x00000026   Code   RO         3774    i.FLASH_WaitForLastOperation  stm32f10x_flash.o
    0x0800405a   0x0800405a   0x00000002   PAD
    0x0800405c   0x0800405c   0x00000030   Code   RO         1662    i.FixedParaInit     init.o
    0x0800408c   0x0800408c   0x00000116   Code   RO         3939    i.GPIO_Init         stm32f10x_gpio.o
    0x080041a2   0x080041a2   0x00000002   PAD
    0x080041a4   0x080041a4   0x00000090   Code   RO         3941    i.GPIO_PinRemapConfig  stm32f10x_gpio.o
    0x08004234   0x08004234   0x00000012   Code   RO         3943    i.GPIO_ReadInputDataBit  stm32f10x_gpio.o
    0x08004246   0x08004246   0x00000004   Code   RO         3946    i.GPIO_ResetBits    stm32f10x_gpio.o
    0x0800424a   0x0800424a   0x00000004   Code   RO         3947    i.GPIO_SetBits      stm32f10x_gpio.o
    0x0800424e   0x0800424e   0x00000002   PAD
    0x08004250   0x08004250   0x00000008   Code   RO         1716    i.GetASProtocl      asprotocol.o
    0x08004258   0x08004258   0x000000ac   Code   RO         2380    i.GetAngle          anglesensorhal.o
    0x08004304   0x08004304   0x00000110   Code   RO         2500    i.GetBatteryChargerState  batterypower.o
    0x08004414   0x08004414   0x00000050   Code   RO         2501    i.GetBatteryCurrent  batterypower.o
    0x08004464   0x08004464   0x000001dc   Code   RO         2171    i.GetBatteryInfo    powermanagement.o
    0x08004640   0x08004640   0x00000014   Code   RO         2502    i.GetBatterySOC     batterypower.o
    0x08004654   0x08004654   0x00000184   Code   RO         2503    i.GetBatteryTemp    batterypower.o
    0x080047d8   0x080047d8   0x00000024   Code   RO         2504    i.GetBatteryType    batterypower.o
    0x080047fc   0x080047fc   0x00000050   Code   RO         2505    i.GetBatteryVoltage  batterypower.o
    0x0800484c   0x0800484c   0x00000030   Code   RO         2887    i.GetEmergencyVoltage  adcsample.o
    0x0800487c   0x0800487c   0x00000008   Code   RO         2246    i.GetHWProtocl      hwprotocol.o
    0x08004884   0x08004884   0x00000038   Code   RO         3034    i.GetHardwareVersion  hardwareversion.o
    0x080048bc   0x080048bc   0x00000038   Code   RO         2888    i.GetMotorCurrent   adcsample.o
    0x080048f4   0x080048f4   0x00000014   Code   RO         2604    i.GetMotorDirState  motorcontrol.o
    0x08004908   0x08004908   0x00000014   Code   RO         2605    i.GetMotorRunningState  motorcontrol.o
    0x0800491c   0x0800491c   0x00000030   Code   RO         2889    i.GetPVBuckerVoltage  adcsample.o
    0x0800494c   0x0800494c   0x00000038   Code   RO         2890    i.GetPVStringDownCur  adcsample.o
    0x08004984   0x08004984   0x00000038   Code   RO         2891    i.GetPVStringUpCur  adcsample.o
    0x080049bc   0x080049bc   0x00000050   Code   RO         2994    i.GetTMP            tmpsensor.o
    0x08004a0c   0x08004a0c   0x000001b0   Code   RO         2954    i.GetTime           rtc.o
    0x08004bbc   0x08004bbc   0x0000004c   Code   RO         3035    i.HDVInit           hardwareversion.o
    0x08004c08   0x08004c08   0x0000001c   Code   RO         2247    i.HWNULL            hwprotocol.o
    0x08004c24   0x08004c24   0x000000b0   Code   RO         2248    i.HWProtocolInit    hwprotocol.o
    0x08004cd4   0x08004cd4   0x00000024   Code   RO         2506    i.HeatingCmd        batterypower.o
    0x08004cf8   0x08004cf8   0x00000038   Code   RO         2507    i.HeatingInit       batterypower.o
    0x08004d30   0x08004d30   0x0000004a   Code   RO         3101    i.IICGetACK         iicbsp.o
    0x08004d7a   0x08004d7a   0x0000006c   Code   RO         3102    i.IICGetOneByte     iicbsp.o
    0x08004de6   0x08004de6   0x0000004e   Code   RO         3103    i.IICInit           iicbsp.o
    0x08004e34   0x08004e34   0x000000a0   Code   RO         3104    i.IICRead           iicbsp.o
    0x08004ed4   0x08004ed4   0x00000066   Code   RO         3106    i.IICSendOneByte    iicbsp.o
    0x08004f3a   0x08004f3a   0x00000038   Code   RO         3107    i.IICSetACK         iicbsp.o
    0x08004f72   0x08004f72   0x00000038   Code   RO         3108    i.IICSetNACK        iicbsp.o
    0x08004faa   0x08004faa   0x00000030   Code   RO         3109    i.IICStart          iicbsp.o
    0x08004fda   0x08004fda   0x0000003e   Code   RO         3110    i.IICStop           iicbsp.o
    0x08005018   0x08005018   0x0000006c   Code   RO         3111    i.IICWrite          iicbsp.o
    0x08005084   0x08005084   0x0000005a   Code   RO         3112    i.IICWriteByte      iicbsp.o
    0x080050de   0x080050de   0x00000034   Code   RO         1663    i.IWDGInit          init.o
    0x08005112   0x08005112   0x00000002   PAD
    0x08005114   0x08005114   0x00000010   Code   RO         4059    i.IWDG_Enable       stm32f10x_iwdg.o
    0x08005124   0x08005124   0x00000010   Code   RO         4061    i.IWDG_ReloadCounter  stm32f10x_iwdg.o
    0x08005134   0x08005134   0x0000000c   Code   RO         4062    i.IWDG_SetPrescaler  stm32f10x_iwdg.o
    0x08005140   0x08005140   0x0000000c   Code   RO         4063    i.IWDG_SetReload    stm32f10x_iwdg.o
    0x0800514c   0x0800514c   0x0000000c   Code   RO         4064    i.IWDG_WriteAccessCmd  stm32f10x_iwdg.o
    0x08005158   0x08005158   0x00000094   Code   RO         2089    i.IdelMode          workmodemanager.o
    0x080051ec   0x080051ec   0x0000022c   Code   RO         2381    i.KalmanFilter      anglesensorhal.o
    0x08005418   0x08005418   0x00000030   Code   RO         2704    i.LEDFlash          ledhal.o
    0x08005448   0x08005448   0x00000034   Code   RO         2705    i.LEDInit           ledhal.o
    0x0800547c   0x0800547c   0x00000010   Code   RO         2706    i.LEDTurnOff        ledhal.o
    0x0800548c   0x0800548c   0x00000010   Code   RO         2707    i.LEDTurnOn         ledhal.o
    0x0800549c   0x0800549c   0x000001e4   Code   RO         2382    i.LSM6DS3Init       anglesensorhal.o
    0x08005680   0x08005680   0x0000005c   Code   RO         1465    i.LedIWDG           main.o
    0x080056dc   0x080056dc   0x00000014   Code   RO         2749    i.LoRaModulePowerOff  modbusframehal.o
    0x080056f0   0x080056f0   0x00000014   Code   RO         2750    i.LoRaModulePowerOn  modbusframehal.o
    0x08005704   0x08005704   0x000000b8   Code   RO         2090    i.MaintenanceMode   workmodemanager.o
    0x080057bc   0x080057bc   0x00000088   Code   RO         2091    i.ManualMode        workmodemanager.o
    0x08005844   0x08005844   0x000000e4   Code   RO         1466    i.ModbusOverLoRa    main.o
    0x08005928   0x08005928   0x0000004c   Code   RO         2751    i.ModbusPortInit    modbusframehal.o
    0x08005974   0x08005974   0x000000b0   Code   RO         2752    i.ModbusRead        modbusframehal.o
    0x08005a24   0x08005a24   0x000000a0   Code   RO         2753    i.ModbusSend        modbusframehal.o
    0x08005ac4   0x08005ac4   0x00000038   Code   RO         2606    i.MotorAllStop      motorcontrol.o
    0x08005afc   0x08005afc   0x000002ec   Code   RO         1467    i.MotorAngleControl  main.o
    0x08005de8   0x08005de8   0x00000048   Code   RO         2607    i.MotorEN           motorcontrol.o
    0x08005e30   0x08005e30   0x00000098   Code   RO         2608    i.MotorEW           motorcontrol.o
    0x08005ec8   0x08005ec8   0x00000060   Code   RO         2609    i.MotorIOInit       motorcontrol.o
    0x08005f28   0x08005f28   0x0000000c   Code   RO         2610    i.MotorInit         motorcontrol.o
    0x08005f34   0x08005f34   0x00000022   Code   RO         1468    i.MotorProtection   main.o
    0x08005f56   0x08005f56   0x00000002   PAD
    0x08005f58   0x08005f58   0x0000004c   Code   RO         2612    i.MotorTurnEast     motorcontrol.o
    0x08005fa4   0x08005fa4   0x0000004c   Code   RO         2613    i.MotorTurnWest     motorcontrol.o
    0x08005ff0   0x08005ff0   0x00000064   Code   RO         1664    i.NVICInit          init.o
    0x08006054   0x08006054   0x00000070   Code   RO         3189    i.NVIC_Init         misc.o
    0x080060c4   0x080060c4   0x00000014   Code   RO         3190    i.NVIC_PriorityGroupConfig  misc.o
    0x080060d8   0x080060d8   0x00000002   Code   RO            1    i.OSCfg_Init        os_cfg_app.o
    0x080060da   0x080060da   0x00000002   PAD
    0x080060dc   0x080060dc   0x0000007c   Code   RO          281    i.OSFlagCreate      os_flag.o
    0x08006158   0x08006158   0x000003b8   Code   RO          282    i.OSFlagPend        os_flag.o
    0x08006510   0x08006510   0x00000074   Code   RO          284    i.OSFlagPost        os_flag.o
    0x08006584   0x08006584   0x00000014   Code   RO          718    i.OSIdleTaskHook    os_cpu_c.o
    0x08006598   0x08006598   0x00000118   Code   RO           64    i.OSInit            os_core.o
    0x080066b0   0x080066b0   0x00000028   Code   RO          719    i.OSInitHook        os_cpu_c.o
    0x080066d8   0x080066d8   0x000000d8   Code   RO           66    i.OSIntExit         os_core.o
    0x080067b0   0x080067b0   0x0000009c   Code   RO           67    i.OSSched           os_core.o
    0x0800684c   0x0800684c   0x00000068   Code   RO           70    i.OSStart           os_core.o
    0x080068b4   0x080068b4   0x00000184   Code   RO          504    i.OSTaskCreate      os_task.o
    0x08006a38   0x08006a38   0x00000018   Code   RO          721    i.OSTaskCreateHook  os_cpu_c.o
    0x08006a50   0x08006a50   0x0000012c   Code   RO          505    i.OSTaskDel         os_task.o
    0x08006b7c   0x08006b7c   0x00000018   Code   RO          722    i.OSTaskDelHook     os_cpu_c.o
    0x08006b94   0x08006b94   0x00000018   Code   RO          723    i.OSTaskReturnHook  os_cpu_c.o
    0x08006bac   0x08006bac   0x000001e4   Code   RO          510    i.OSTaskSemPend     os_task.o
    0x08006d90   0x08006d90   0x0000003e   Code   RO          512    i.OSTaskSemPost     os_task.o
    0x08006dce   0x08006dce   0x00000002   PAD
    0x08006dd0   0x08006dd0   0x000000c4   Code   RO          724    i.OSTaskStkInit     os_cpu_c.o
    0x08006e94   0x08006e94   0x00000090   Code   RO          725    i.OSTaskSwHook      os_cpu_c.o
    0x08006f24   0x08006f24   0x000000c4   Code   RO          664    i.OSTimeDly         os_time.o
    0x08006fe8   0x08006fe8   0x00000018   Code   RO          667    i.OSTimeTick        os_time.o
    0x08007000   0x08007000   0x00000014   Code   RO          726    i.OSTimeTickHook    os_cpu_c.o
    0x08007014   0x08007014   0x00000040   Code   RO          727    i.OS_CPU_SysTickHandler  os_cpu_c.o
    0x08007054   0x08007054   0x00000030   Code   RO          728    i.OS_CPU_SysTickInit  os_cpu_c.o
    0x08007084   0x08007084   0x0000003c   Code   RO          285    i.OS_FlagBlock      os_flag.o
    0x080070c0   0x080070c0   0x00000010   Code   RO          287    i.OS_FlagInit       os_flag.o
    0x080070d0   0x080070d0   0x00000172   Code   RO          288    i.OS_FlagPost       os_flag.o
    0x08007242   0x08007242   0x00000064   Code   RO          289    i.OS_FlagTaskRdy    os_flag.o
    0x080072a6   0x080072a6   0x00000002   PAD
    0x080072a8   0x080072a8   0x0000003c   Code   RO           72    i.OS_IdleTask       os_core.o
    0x080072e4   0x080072e4   0x00000070   Code   RO           73    i.OS_IdleTaskInit   os_core.o
    0x08007354   0x08007354   0x0000005c   Code   RO           74    i.OS_Pend           os_core.o
    0x080073b0   0x080073b0   0x00000026   Code   RO           77    i.OS_PendDataInit   os_core.o
    0x080073d6   0x080073d6   0x0000000a   Code   RO           79    i.OS_PendListInit   os_core.o
    0x080073e0   0x080073e0   0x00000066   Code   RO           81    i.OS_PendListInsertPrio  os_core.o
    0x08007446   0x08007446   0x00000030   Code   RO           82    i.OS_PendListRemove  os_core.o
    0x08007476   0x08007476   0x00000042   Code   RO           83    i.OS_PendListRemove1  os_core.o
    0x080074b8   0x080074b8   0x000000ba   Code   RO           86    i.OS_Post           os_core.o
    0x08007572   0x08007572   0x0000002a   Code   RO           87    i.OS_Post1          os_core.o
    0x0800759c   0x0800759c   0x00000028   Code   RO          395    i.OS_PrioGetHighest  os_prio.o
    0x080075c4   0x080075c4   0x00000018   Code   RO          396    i.OS_PrioInit       os_prio.o
    0x080075dc   0x080075dc   0x00000024   Code   RO          397    i.OS_PrioInsert     os_prio.o
    0x08007600   0x08007600   0x00000024   Code   RO          398    i.OS_PrioRemove     os_prio.o
    0x08007624   0x08007624   0x00000024   Code   RO           88    i.OS_RdyListInit    os_core.o
    0x08007648   0x08007648   0x0000002c   Code   RO           89    i.OS_RdyListInsert  os_core.o
    0x08007674   0x08007674   0x00000040   Code   RO           90    i.OS_RdyListInsertHead  os_core.o
    0x080076b4   0x080076b4   0x0000003c   Code   RO           91    i.OS_RdyListInsertTail  os_core.o
    0x080076f0   0x080076f0   0x0000005c   Code   RO           93    i.OS_RdyListRemove  os_core.o
    0x0800774c   0x0800774c   0x00000010   Code   RO          445    i.OS_SemInit        os_sem.o
    0x0800775c   0x0800775c   0x0000002c   Code   RO           96    i.OS_TaskBlock      os_core.o
    0x08007788   0x08007788   0x00000018   Code   RO          515    i.OS_TaskInit       os_task.o
    0x080077a0   0x080077a0   0x00000070   Code   RO          516    i.OS_TaskInitTCB    os_task.o
    0x08007810   0x08007810   0x00000018   Code   RO          518    i.OS_TaskReturn     os_task.o
    0x08007828   0x08007828   0x000001f0   Code   RO          519    i.OS_TaskSemPost    os_task.o
    0x08007a18   0x08007a18   0x00000072   Code   RO          612    i.OS_TickListInsert  os_tick.o
    0x08007a8a   0x08007a8a   0x00000002   PAD
    0x08007a8c   0x08007a8c   0x000000bc   Code   RO          613    i.OS_TickListInsertDly  os_tick.o
    0x08007b48   0x08007b48   0x00000048   Code   RO          614    i.OS_TickListRemove  os_tick.o
    0x08007b90   0x08007b90   0x0000008c   Code   RO          616    i.OS_TickListUpdateDly  os_tick.o
    0x08007c1c   0x08007c1c   0x000000b8   Code   RO          617    i.OS_TickListUpdateTimeout  os_tick.o
    0x08007cd4   0x08007cd4   0x00000078   Code   RO          618    i.OS_TickTask       os_tick.o
    0x08007d4c   0x08007d4c   0x000000bc   Code   RO          619    i.OS_TickTaskInit   os_tick.o
    0x08007e08   0x08007e08   0x00000014   Code   RO         2458    i.OpenPVPower       pvpower.o
    0x08007e1c   0x08007e1c   0x00000038   Code   RO         2459    i.PVPowerInit       pvpower.o
    0x08007e54   0x08007e54   0x0000000c   Code   RO         4113    i.PWR_BackupAccessCmd  stm32f10x_pwr.o
    0x08007e60   0x08007e60   0x0000000c   Code   RO         1665    i.ParaInit          init.o
    0x08007e6c   0x08007e6c   0x0000018c   Code   RO         1469    i.ParameterSave     main.o
    0x08007ff8   0x08007ff8   0x00000030   Code   RO         2172    i.PowerInit         powermanagement.o
    0x08008028   0x08008028   0x0000001a   Code   RO         1470    i.PowerManagement   main.o
    0x08008042   0x08008042   0x00000002   PAD
    0x08008044   0x08008044   0x000002a0   Code   RO         2173    i.PowerMangement    powermanagement.o
    0x080082e4   0x080082e4   0x00000420   Code   RO         2058    i.ProtocolAnalysis  protocolanalysis.o
    0x08008704   0x08008704   0x00000024   Code   RO         2059    i.ProtocolInit      protocolanalysis.o
    0x08008728   0x08008728   0x00000010   Code   RO         1717    i.RAzimuthAngle1    asprotocol.o
    0x08008738   0x08008738   0x00000010   Code   RO         1718    i.RAzimuthAngle2    asprotocol.o
    0x08008748   0x08008748   0x00000030   Code   RO         1719    i.RBatCurrent       asprotocol.o
    0x08008778   0x08008778   0x00000050   Code   RO         1720    i.RBatSOCTemp       asprotocol.o
    0x080087c8   0x080087c8   0x00000018   Code   RO         1721    i.RBatState         asprotocol.o
    0x080087e0   0x080087e0   0x00000028   Code   RO         1722    i.RBatVoltage       asprotocol.o
    0x08008808   0x08008808   0x00000018   Code   RO         4185    i.RCC_ADCCLKConfig  stm32f10x_rcc.o
    0x08008820   0x08008820   0x00000020   Code   RO         4186    i.RCC_AHBPeriphClockCmd  stm32f10x_rcc.o
    0x08008840   0x08008840   0x00000020   Code   RO         4187    i.RCC_APB1PeriphClockCmd  stm32f10x_rcc.o
    0x08008860   0x08008860   0x00000020   Code   RO         4189    i.RCC_APB2PeriphClockCmd  stm32f10x_rcc.o
    0x08008880   0x08008880   0x000000d4   Code   RO         4197    i.RCC_GetClocksFreq  stm32f10x_rcc.o
    0x08008954   0x08008954   0x0000003c   Code   RO         4198    i.RCC_GetFlagStatus  stm32f10x_rcc.o
    0x08008990   0x08008990   0x0000000c   Code   RO         4206    i.RCC_LSICmd        stm32f10x_rcc.o
    0x0800899c   0x0800899c   0x00000010   Code   RO         1723    i.RDeviceEdition    asprotocol.o
    0x080089ac   0x080089ac   0x0000000a   Code   RO         2249    i.RDeviceEdition1_HW0  hwprotocol.o
    0x080089b6   0x080089b6   0x0000000a   Code   RO         2250    i.RDeviceEdition2_HW1  hwprotocol.o
    0x080089c0   0x080089c0   0x00000010   Code   RO         1724    i.RDeviceType       asprotocol.o
    0x080089d0   0x080089d0   0x00000010   Code   RO         2251    i.RDeviceType_HW2   hwprotocol.o
    0x080089e0   0x080089e0   0x00000010   Code   RO         1725    i.RElevationAngle1  asprotocol.o
    0x080089f0   0x080089f0   0x00000010   Code   RO         1726    i.RElevationAngle2  asprotocol.o
    0x08008a00   0x08008a00   0x00000028   Code   RO         1727    i.RMotorCurrent     asprotocol.o
    0x08008a28   0x08008a28   0x00000028   Code   RO         1728    i.RPVBuckerVoltage  asprotocol.o
    0x08008a50   0x08008a50   0x00000058   Code   RO         1729    i.RPVStringCur      asprotocol.o
    0x08008aa8   0x08008aa8   0x00000010   Code   RO         1730    i.RRealAngle1       asprotocol.o
    0x08008ab8   0x08008ab8   0x00000010   Code   RO         1731    i.RRealAngle2       asprotocol.o
    0x08008ac8   0x08008ac8   0x0000002c   Code   RO         2252    i.RRealAngle_HW23   hwprotocol.o
    0x08008af4   0x08008af4   0x00000040   Code   RO         2955    i.RTCInit           rtc.o
    0x08008b34   0x08008b34   0x000000dc   Code   RO         1471    i.RTCTime           main.o
    0x08008c10   0x08008c10   0x00000010   Code   RO         1732    i.RTargetAngle1     asprotocol.o
    0x08008c20   0x08008c20   0x00000010   Code   RO         1733    i.RTargetAngle2     asprotocol.o
    0x08008c30   0x08008c30   0x00000074   Code   RO         2253    i.RTargetAngle_HW17  hwprotocol.o
    0x08008ca4   0x08008ca4   0x00000014   Code   RO         1734    i.RTemp             asprotocol.o
    0x08008cb8   0x08008cb8   0x00000030   Code   RO         1735    i.RWAIRemoteTarget  asprotocol.o
    0x08008ce8   0x08008ce8   0x00000064   Code   RO         1736    i.RWBackAngle       asprotocol.o
    0x08008d4c   0x08008d4c   0x00000034   Code   RO         1737    i.RWChannelEnable   asprotocol.o
    0x08008d80   0x08008d80   0x0000003c   Code   RO         1738    i.RWCleaningDockAngle  asprotocol.o
    0x08008dbc   0x08008dbc   0x00000038   Code   RO         1739    i.RWComID           asprotocol.o
    0x08008df4   0x08008df4   0x0000001c   Code   RO         1740    i.RWESoftLimitAngle1  asprotocol.o
    0x08008e10   0x08008e10   0x0000007c   Code   RO         1741    i.RWESoftLimitAngle2  asprotocol.o
    0x08008e8c   0x08008e8c   0x0000001c   Code   RO         1742    i.RWEWTracingAccuracy1  asprotocol.o
    0x08008ea8   0x08008ea8   0x0000007c   Code   RO         1743    i.RWEWTracingAccuracy2  asprotocol.o
    0x08008f24   0x08008f24   0x00000038   Code   RO         1744    i.RWEWindProtectionAngle  asprotocol.o
    0x08008f5c   0x08008f5c   0x0000001c   Code   RO         1745    i.RWLatitude1       asprotocol.o
    0x08008f78   0x08008f78   0x00000074   Code   RO         1746    i.RWLatitude2       asprotocol.o
    0x08008fec   0x08008fec   0x0000005c   Code   RO         2254    i.RWLatitude_HW5    hwprotocol.o
    0x08009048   0x08009048   0x0000001c   Code   RO         1747    i.RWLongitude1      asprotocol.o
    0x08009064   0x08009064   0x00000074   Code   RO         1748    i.RWLongitude2      asprotocol.o
    0x080090d8   0x080090d8   0x0000005c   Code   RO         2255    i.RWLongitude_HW4   hwprotocol.o
    0x08009134   0x08009134   0x00000034   Code   RO         1749    i.RWLowStopTime     asprotocol.o
    0x08009168   0x08009168   0x00000044   Code   RO         1750    i.RWLowWindSpeed    asprotocol.o
    0x080091ac   0x080091ac   0x00000038   Code   RO         1751    i.RWMotorOrientation  asprotocol.o
    0x080091e4   0x080091e4   0x00000008   Code   RO         2256    i.RWNum_HW3         hwprotocol.o
    0x080091ec   0x080091ec   0x0000001c   Code   RO         1752    i.RWPVModuleWidth1  asprotocol.o
    0x08009208   0x08009208   0x00000078   Code   RO         1753    i.RWPVModuleWidth2  asprotocol.o
    0x08009280   0x08009280   0x0000001c   Code   RO         1754    i.RWPostSpacing1    asprotocol.o
    0x0800929c   0x0800929c   0x00000094   Code   RO         1755    i.RWPostSpacing2    asprotocol.o
    0x08009330   0x08009330   0x00000030   Code   RO         1756    i.RWPowerMode       asprotocol.o
    0x08009360   0x08009360   0x0000001c   Code   RO         1757    i.RWProtectCurrent1  asprotocol.o
    0x0800937c   0x0800937c   0x00000060   Code   RO         1758    i.RWProtectCurrent2  asprotocol.o
    0x080093dc   0x080093dc   0x00000020   Code   RO         1759    i.RWRemoteWindSpeed  asprotocol.o
    0x080093fc   0x080093fc   0x00000020   Code   RO         2257    i.RWRemoteWindSpeed_HW7  hwprotocol.o
    0x0800941c   0x0800941c   0x0000001c   Code   RO         1760    i.RWTerrainSlope1   asprotocol.o
    0x08009438   0x08009438   0x00000060   Code   RO         1761    i.RWTerrainSlope2   asprotocol.o
    0x08009498   0x08009498   0x00000030   Code   RO         1762    i.RWTimeDay         asprotocol.o
    0x080094c8   0x080094c8   0x00000030   Code   RO         2258    i.RWTimeDay_HW12    hwprotocol.o
    0x080094f8   0x080094f8   0x00000030   Code   RO         1763    i.RWTimeHour        asprotocol.o
    0x08009528   0x08009528   0x00000030   Code   RO         2259    i.RWTimeHour_HW13   hwprotocol.o
    0x08009558   0x08009558   0x00000030   Code   RO         1764    i.RWTimeMinute      asprotocol.o
    0x08009588   0x08009588   0x00000030   Code   RO         2260    i.RWTimeMinute_HW14  hwprotocol.o
    0x080095b8   0x080095b8   0x00000030   Code   RO         1765    i.RWTimeMonth       asprotocol.o
    0x080095e8   0x080095e8   0x00000030   Code   RO         2261    i.RWTimeMonth_HW11  hwprotocol.o
    0x08009618   0x08009618   0x0000003c   Code   RO         1766    i.RWTimeSecond      asprotocol.o
    0x08009654   0x08009654   0x0000003c   Code   RO         2262    i.RWTimeSecond_HW15  hwprotocol.o
    0x08009690   0x08009690   0x00000030   Code   RO         1767    i.RWTimeYear        asprotocol.o
    0x080096c0   0x080096c0   0x00000030   Code   RO         2263    i.RWTimeYear_HW10   hwprotocol.o
    0x080096f0   0x080096f0   0x0000001c   Code   RO         1768    i.RWTimeZone1       asprotocol.o
    0x0800970c   0x0800970c   0x00000074   Code   RO         1769    i.RWTimeZone2       asprotocol.o
    0x08009780   0x08009780   0x00000034   Code   RO         1770    i.RWUpStartTime     asprotocol.o
    0x080097b4   0x080097b4   0x00000030   Code   RO         1771    i.RWUpWindSpeed     asprotocol.o
    0x080097e4   0x080097e4   0x0000001c   Code   RO         1772    i.RWWSoftLimitAngle1  asprotocol.o
    0x08009800   0x08009800   0x0000007c   Code   RO         1773    i.RWWSoftLimitAngle2  asprotocol.o
    0x0800987c   0x0800987c   0x0000003c   Code   RO         1774    i.RWWWindProtectionAngle  asprotocol.o
    0x080098b8   0x080098b8   0x00000020   Code   RO         1775    i.RWWorkMode1       asprotocol.o
    0x080098d8   0x080098d8   0x00000098   Code   RO         1776    i.RWWorkMode2       asprotocol.o
    0x08009970   0x08009970   0x000000cc   Code   RO         2264    i.RWWorkMode_HW6    hwprotocol.o
    0x08009a3c   0x08009a3c   0x00000010   Code   RO         1777    i.RWarningAndFault1  asprotocol.o
    0x08009a4c   0x08009a4c   0x00000010   Code   RO         2265    i.RWarningAndFault1_HW20  hwprotocol.o
    0x08009a5c   0x08009a5c   0x00000010   Code   RO         1778    i.RWarningAndFault2  asprotocol.o
    0x08009a6c   0x08009a6c   0x00000010   Code   RO         2266    i.RWarningAndFault2_HW21  hwprotocol.o
    0x08009a7c   0x08009a7c   0x00000038   Code   RO         2820    i.ReadConfigParaFromFlash  flashstoragehal.o
    0x08009ab4   0x08009ab4   0x00000074   Code   RO         2383    i.ReadRegister      anglesensorhal.o
    0x08009b28   0x08009b28   0x00000036   Code   RO         2821    i.ReadWorkModeFromFlash  flashstoragehal.o
    0x08009b5e   0x08009b5e   0x00000002   PAD
    0x08009b60   0x08009b60   0x000000b4   Code   RO         2384    i.SPI1Init          anglesensorhal.o
    0x08009c14   0x08009c14   0x00000018   Code   RO         4401    i.SPI_CalculateCRC  stm32f10x_spi.o
    0x08009c2c   0x08009c2c   0x00000018   Code   RO         4402    i.SPI_Cmd           stm32f10x_spi.o
    0x08009c44   0x08009c44   0x00000012   Code   RO         4410    i.SPI_I2S_GetFlagStatus  stm32f10x_spi.o
    0x08009c56   0x08009c56   0x0000003c   Code   RO         4415    i.SPI_Init          stm32f10x_spi.o
    0x08009c92   0x08009c92   0x00000002   PAD
    0x08009c94   0x08009c94   0x00000078   Code   RO         1472    i.Sampling          main.o
    0x08009d0c   0x08009d0c   0x00000038   Code   RO         2822    i.ScanLastWorkModeAddr  flashstoragehal.o
    0x08009d44   0x08009d44   0x00000008   Code   RO         5312    i.SetSysClock       system_stm32f10x.o
    0x08009d4c   0x08009d4c   0x000000e0   Code   RO         5313    i.SetSysClockTo72   system_stm32f10x.o
    0x08009e2c   0x08009e2c   0x000001c8   Code   RO         2956    i.SetTime           rtc.o
    0x08009ff4   0x08009ff4   0x00000060   Code   RO         5315    i.SystemInit        system_stm32f10x.o
    0x0800a054   0x0800a054   0x00000070   Code   RO         2614    i.TIM3Init          motorcontrol.o
    0x0800a0c4   0x0800a0c4   0x0000021c   Code   RO         2615    i.TIM3_IRQHandler   motorcontrol.o
    0x0800a2e0   0x0800a2e0   0x00000018   Code   RO         4557    i.TIM_ARRPreloadConfig  stm32f10x_tim.o
    0x0800a2f8   0x0800a2f8   0x00000006   Code   RO         4564    i.TIM_ClearITPendingBit  stm32f10x_tim.o
    0x0800a2fe   0x0800a2fe   0x00000018   Code   RO         4569    i.TIM_Cmd           stm32f10x_tim.o
    0x0800a316   0x0800a316   0x00000022   Code   RO         4590    i.TIM_GetITStatus   stm32f10x_tim.o
    0x0800a338   0x0800a338   0x00000012   Code   RO         4594    i.TIM_ITConfig      stm32f10x_tim.o
    0x0800a34a   0x0800a34a   0x00000004   Code   RO         4628    i.TIM_SetAutoreload  stm32f10x_tim.o
    0x0800a34e   0x0800a34e   0x00000004   Code   RO         4630    i.TIM_SetCompare1   stm32f10x_tim.o
    0x0800a352   0x0800a352   0x00000002   PAD
    0x0800a354   0x0800a354   0x000000a4   Code   RO         4640    i.TIM_TimeBaseInit  stm32f10x_tim.o
    0x0800a3f8   0x0800a3f8   0x00000014   Code   RO         2995    i.TMP75Init         tmpsensor.o
    0x0800a40c   0x0800a40c   0x00000030   Code   RO         2996    i.TMPSensorInit     tmpsensor.o
    0x0800a43c   0x0800a43c   0x00000024   Code   RO         2616    i.TimerStart        motorcontrol.o
    0x0800a460   0x0800a460   0x00000024   Code   RO         2617    i.TimerStop         motorcontrol.o
    0x0800a484   0x0800a484   0x0000016c   Code   RO         2754    i.UART4Init         modbusframehal.o
    0x0800a5f0   0x0800a5f0   0x000000c8   Code   RO         2755    i.UART4_IRQHandler  modbusframehal.o
    0x0800a6b8   0x0800a6b8   0x0000001e   Code   RO         5114    i.USART_ClearITPendingBit  stm32f10x_usart.o
    0x0800a6d6   0x0800a6d6   0x00000018   Code   RO         5117    i.USART_Cmd         stm32f10x_usart.o
    0x0800a6ee   0x0800a6ee   0x00000012   Code   RO         5118    i.USART_DMACmd      stm32f10x_usart.o
    0x0800a700   0x0800a700   0x00000054   Code   RO         5121    i.USART_GetITStatus  stm32f10x_usart.o
    0x0800a754   0x0800a754   0x0000004a   Code   RO         5123    i.USART_ITConfig    stm32f10x_usart.o
    0x0800a79e   0x0800a79e   0x00000002   PAD
    0x0800a7a0   0x0800a7a0   0x000000d8   Code   RO         5124    i.USART_Init        stm32f10x_usart.o
    0x0800a878   0x0800a878   0x000000d8   Code   RO         2092    i.WindCheck         workmodemanager.o
    0x0800a950   0x0800a950   0x00000020   Code   RO         2093    i.WorkModeInit      workmodemanager.o
    0x0800a970   0x0800a970   0x00000010   Code   RO         2094    i.WorkModeMg        workmodemanager.o
    0x0800a980   0x0800a980   0x00000030   Code   RO         1473    i.WorkmodeControl   main.o
    0x0800a9b0   0x0800a9b0   0x0000005c   Code   RO         2823    i.WriteConfigParaToFlash  flashstoragehal.o
    0x0800aa0c   0x0800aa0c   0x00000040   Code   RO         2824    i.WriteIAPFlagToFlash  flashstoragehal.o
    0x0800aa4c   0x0800aa4c   0x00000044   Code   RO         2825    i.WriteNewSystemToFlash  flashstoragehal.o
    0x0800aa90   0x0800aa90   0x00000070   Code   RO         2385    i.WriteRegister     anglesensorhal.o
    0x0800ab00   0x0800ab00   0x0000008c   Code   RO         2826    i.WriteWorkModeToFlash  flashstoragehal.o
    0x0800ab8c   0x0800ab8c   0x00000026   Code   RO         5449    i.__ARM_fpclassifyf  m_ws.l(fpclassifyf.o)
    0x0800abb2   0x0800abb2   0x00000004   Code   RO         5453    i.__mathlib_flt_infnan2  m_ws.l(funder.o)
    0x0800abb6   0x0800abb6   0x0000000a   Code   RO         5457    i.__mathlib_flt_underflow  m_ws.l(funder.o)
    0x0800abc0   0x0800abc0   0x0000025c   Code   RO         5426    i.atan2f            m_ws.l(atan2f.o)
    0x0800ae1c   0x0800ae1c   0x00000368   Code   RO         1474    i.main              main.o
    0x0800b184   0x0800b184   0x00000062   Code   RO         5361    x$fpl$d2f           fz_ws.l(d2f.o)
    0x0800b1e6   0x0800b1e6   0x00000002   PAD
    0x0800b1e8   0x0800b1e8   0x00000150   Code   RO         5363    x$fpl$dadd          fz_ws.l(daddsub_clz.o)
    0x0800b338   0x0800b338   0x00000018   Code   RO         5436    x$fpl$dcmpinf       fz_ws.l(dcmpi.o)
    0x0800b350   0x0800b350   0x000002b0   Code   RO         5370    x$fpl$ddiv          fz_ws.l(ddiv.o)
    0x0800b600   0x0800b600   0x0000005e   Code   RO         5373    x$fpl$dfix          fz_ws.l(dfix.o)
    0x0800b65e   0x0800b65e   0x00000002   PAD
    0x0800b660   0x0800b660   0x0000005a   Code   RO         5377    x$fpl$dfixu         fz_ws.l(dfixu.o)
    0x0800b6ba   0x0800b6ba   0x0000002e   Code   RO         5382    x$fpl$dflt          fz_ws.l(dflt_clz.o)
    0x0800b6e8   0x0800b6e8   0x00000026   Code   RO         5381    x$fpl$dfltu         fz_ws.l(dflt_clz.o)
    0x0800b70e   0x0800b70e   0x00000002   PAD
    0x0800b710   0x0800b710   0x00000078   Code   RO         5387    x$fpl$dleqf         fz_ws.l(dleqf.o)
    0x0800b788   0x0800b788   0x00000154   Code   RO         5389    x$fpl$dmul          fz_ws.l(dmul.o)
    0x0800b8dc   0x0800b8dc   0x0000009c   Code   RO         5438    x$fpl$dnaninf       fz_ws.l(dnaninf.o)
    0x0800b978   0x0800b978   0x0000000c   Code   RO         5440    x$fpl$dretinf       fz_ws.l(dretinf.o)
    0x0800b984   0x0800b984   0x0000006c   Code   RO         5391    x$fpl$drleqf        fz_ws.l(drleqf.o)
    0x0800b9f0   0x0800b9f0   0x00000016   Code   RO         5364    x$fpl$drsb          fz_ws.l(daddsub_clz.o)
    0x0800ba06   0x0800ba06   0x00000002   PAD
    0x0800ba08   0x0800ba08   0x000001d4   Code   RO         5365    x$fpl$dsub          fz_ws.l(daddsub_clz.o)
    0x0800bbdc   0x0800bbdc   0x00000056   Code   RO         5393    x$fpl$f2d           fz_ws.l(f2d.o)
    0x0800bc32   0x0800bc32   0x00000002   PAD
    0x0800bc34   0x0800bc34   0x000000c4   Code   RO         5395    x$fpl$fadd          fz_ws.l(faddsub_clz.o)
    0x0800bcf8   0x0800bcf8   0x0000000c   Code   RO         5500    x$fpl$fcheck1       fz_ws.l(fcheck1.o)
    0x0800bd04   0x0800bd04   0x00000018   Code   RO         5442    x$fpl$fcmpinf       fz_ws.l(fcmpi.o)
    0x0800bd1c   0x0800bd1c   0x00000184   Code   RO         5402    x$fpl$fdiv          fz_ws.l(fdiv.o)
    0x0800bea0   0x0800bea0   0x00000036   Code   RO         5405    x$fpl$ffix          fz_ws.l(ffix.o)
    0x0800bed6   0x0800bed6   0x00000002   PAD
    0x0800bed8   0x0800bed8   0x0000003e   Code   RO         5409    x$fpl$ffixu         fz_ws.l(ffixu.o)
    0x0800bf16   0x0800bf16   0x00000002   PAD
    0x0800bf18   0x0800bf18   0x00000030   Code   RO         5414    x$fpl$fflt          fz_ws.l(fflt_clz.o)
    0x0800bf48   0x0800bf48   0x00000026   Code   RO         5413    x$fpl$ffltu         fz_ws.l(fflt_clz.o)
    0x0800bf6e   0x0800bf6e   0x00000002   PAD
    0x0800bf70   0x0800bf70   0x00000068   Code   RO         5419    x$fpl$fleqf         fz_ws.l(fleqf.o)
    0x0800bfd8   0x0800bfd8   0x00000102   Code   RO         5421    x$fpl$fmul          fz_ws.l(fmul.o)
    0x0800c0da   0x0800c0da   0x0000008c   Code   RO         5444    x$fpl$fnaninf       fz_ws.l(fnaninf.o)
    0x0800c166   0x0800c166   0x0000000a   Code   RO         5446    x$fpl$fretinf       fz_ws.l(fretinf.o)
    0x0800c170   0x0800c170   0x00000062   Code   RO         5423    x$fpl$frleqf        fz_ws.l(frleqf.o)
    0x0800c1d2   0x0800c1d2   0x00000014   Code   RO         5396    x$fpl$frsb          fz_ws.l(faddsub_clz.o)
    0x0800c1e6   0x0800c1e6   0x00000002   PAD
    0x0800c1e8   0x0800c1e8   0x000000ea   Code   RO         5397    x$fpl$fsub          fz_ws.l(faddsub_clz.o)
    0x0800c2d2   0x0800c2d2   0x00000064   Code   RO         5549    x$fpl$retnan        fz_ws.l(retnan.o)
    0x0800c336   0x0800c336   0x0000004c   Code   RO         5485    x$fpl$scalbnf       fz_ws.l(scalbnf.o)
    0x0800c382   0x0800c382   0x00000030   Code   RO         5562    x$fpl$trapveneer    fz_ws.l(trapv.o)
    0x0800c3b2   0x0800c3b2   0x00000000   Code   RO         5448    x$fpl$usenofp       fz_ws.l(usenofp.o)
    0x0800c3b2   0x0800c3b2   0x00000002   PAD
    0x0800c3b4   0x0800c3b4   0x00000094   Data   RO            3    .constdata          os_cfg_app.o
    0x0800c448   0x0800c448   0x00000020   Data   RO         5630    Region$$Table       anon$$obj.o


    Execution Region RW_IRAM1 (Exec base: 0x20000000, Load base: 0x0800c468, Size: 0x00004d28, Max: 0x00010000, ABSOLUTE, COMPRESSED[0x00000020])

    Exec Addr    Load Addr    Size         Type   Attr      Idx    E Section Name        Object

    0x20000000   COMPRESSED   0x00000004   Data   RW          399    .data               os_prio.o
    0x20000004   COMPRESSED   0x00000060   Data   RW          701    .data               os_var.o
    0x20000064   COMPRESSED   0x00000004   Data   RW          729    .data               os_cpu_c.o
    0x20000068   COMPRESSED   0x0000001c   Data   RW          829    .data               cpu_core.o
    0x20000084   COMPRESSED   0x0000000c   Data   RW         1476    .data               main.o
    0x20000090   COMPRESSED   0x00000008   Data   RW         2060    .data               protocolanalysis.o
    0x20000098   COMPRESSED   0x00000017   Data   RW         2095    .data               workmodemanager.o
    0x200000af   COMPRESSED   0x00000001   PAD
    0x200000b0   COMPRESSED   0x0000000e   Data   RW         2174    .data               powermanagement.o
    0x200000be   COMPRESSED   0x00000002   PAD
    0x200000c0   COMPRESSED   0x00000013   Data   RW         2215    .data               motorprotection.o
    0x200000d3   COMPRESSED   0x00000001   PAD
    0x200000d4   COMPRESSED   0x00000002   Data   RW         2268    .data               hwprotocol.o
    0x200000d6   COMPRESSED   0x00000002   PAD
    0x200000d8   COMPRESSED   0x0000003c   Data   RW         2386    .data               anglesensorhal.o
    0x20000114   COMPRESSED   0x00000006   Data   RW         2619    .data               motorcontrol.o
    0x2000011a   COMPRESSED   0x00000001   Data   RW         2708    .data               ledhal.o
    0x2000011b   COMPRESSED   0x00000001   PAD
    0x2000011c   COMPRESSED   0x00000008   Data   RW         2757    .data               modbusframehal.o
    0x20000124   COMPRESSED   0x00000018   Data   RW         2893    .data               adcsample.o
    0x2000013c   COMPRESSED   0x00000014   Data   RW         4217    .data               stm32f10x_rcc.o
    0x20000150        -       0x00000600   Zero   RW            2    .bss                os_cfg_app.o
    0x20000750        -       0x00000260   Zero   RW          700    .bss                os_var.o
    0x200009b0        -       0x00003550   Zero   RW         1475    .bss                main.o
    0x20003f00        -       0x000001c8   Zero   RW         1779    .bss                asprotocol.o
    0x200040c8        -       0x00000064   Zero   RW         2267    .bss                hwprotocol.o
    0x2000412c        -       0x00000028   Zero   RW         2508    .bss                batterypower.o
    0x20004154        -       0x0000001c   Zero   RW         2618    .bss                motorcontrol.o
    0x20004170        -       0x000004c8   Zero   RW         2756    .bss                modbusframehal.o
    0x20004638        -       0x00000078   Zero   RW         2892    .bss                adcsample.o
    0x200046b0        -       0x00000018   Zero   RW         2997    .bss                tmpsensor.o
    0x200046c8        -       0x00000060   Zero   RW         5488    .bss                c_w.l(libspace.o)
    0x20004728        -       0x00000200   Zero   RW         5303    HEAP                startup_stm32f10x_hd.o
    0x20004928        -       0x00000400   Zero   RW         5302    STACK               startup_stm32f10x_hd.o


==============================================================================

Image component sizes


      Code (inc. data)   RO Data    RW Data    ZI Data      Debug   Object Name

      1024        156          0         24        120       5115   adcsample.o
      1848        140          0         60          0       5881   anglesensorhal.o
      3900        696          0          0        456      35745   asprotocol.o
        94          0          0          0          0       1457   backupregister.o
      1512        216          0          0         40       9582   batterypower.o
        52          0          0          0          0        304   cpu_a.o
       264         54          0         28          0       5815   cpu_core.o
       602         46          0          0          0       6038   flashstoragehal.o
       132         12          0          0          0       1031   hardwareversion.o
      1168        212          0          2        100      12190   hwprotocol.o
       970          0          0          0          0       7732   iicbsp.o
       340         38          0          0          0       2257   init.o
       132         22          0          1          0       1806   ledhal.o
      2872        432          0         12      13648     321887   main.o
       132         22          0          0          0       1691   misc.o
      1110         80          0          8       1224       6535   modbusframehal.o
      1304        166          0          6         28       8404   motorcontrol.o
      1380         84          0         19          0       2886   motorprotection.o
         2          0        148          0       1536      28633   os_cfg_app.o
      1852        264          0          0          0      28169   os_core.o
       152         32          0          0          0        364   os_cpu_a.o
       604         62          0          4          0       6428   os_cpu_c.o
      1738         52          0          0          0       6913   os_flag.o
       136         16          0          4          0       2686   os_prio.o
        16          6          0          0          0        813   os_sem.o
      1890         90          0          0          0       7331   os_task.o
      1006         92          0          0          0       5395   os_tick.o
       220         18          0          0          0       1569   os_time.o
         0          0          0         96        608      15546   os_var.o
      1508        114          0         14          0       3577   powermanagement.o
      1092         20          0          8          0       2783   protocolanalysis.o
        96         18          0          0          0       1347   pvpower.o
       978         12          0          0          0       2898   rtc.o
        64         26        304          0       1536        844   startup_stm32f10x_hd.o
       376         10          0          0          0       7737   stm32f10x_adc.o
       100         28          0          0          0       3933   stm32f10x_bkp.o
       174         18          0          0          0       4746   stm32f10x_dma.o
       446         46          0          0          0       6974   stm32f10x_flash.o
       448          6          0          0          0       4746   stm32f10x_gpio.o
        68         30          0          0          0       2642   stm32f10x_iwdg.o
        12          6          0          0          0        546   stm32f10x_pwr.o
       404         54          0         20          0       7030   stm32f10x_rcc.o
       126          0          0          0          0       3524   stm32f10x_spi.o
       278         42          0          0          0       5547   stm32f10x_tim.o
       446          6          0          0          0       5963   stm32f10x_usart.o
       328         30          0          0          0       2037   system_stm32f10x.o
       148         18          0          0         24       1693   tmpsensor.o
      2368        300          0         23          0       8733   workmodemanager.o

    ----------------------------------------------------------------------
     35948       3792        484        336      19320     617503   Object Totals
         0          0         32          0          0          0   (incl. Generated)
        36          0          0          7          0          0   (incl. Padding)

    ----------------------------------------------------------------------

      Code (inc. data)   RO Data    RW Data    ZI Data      Debug   Library Member Name

        90          0          0          0          0          0   __dczerorl2.o
         8          0          0          0          0         68   __main.o
         0          0          0          0          0          0   __rtentry.o
        12          0          0          0          0          0   __rtentry2.o
         6          0          0          0          0          0   __rtentry4.o
        52          8          0          0          0          0   __scatter.o
        28          0          0          0          0          0   __scatter_zi.o
        18          0          0          0          0         80   exit.o
         6          0          0          0          0        152   heapauxi.o
         0          0          0          0          0          0   indicate_semi.o
         2          0          0          0          0          0   libinit.o
         2          0          0          0          0          0   libinit2.o
         2          0          0          0          0          0   libshutdown.o
         2          0          0          0          0          0   libshutdown2.o
         8          4          0          0         96         68   libspace.o
         2          0          0          0          0          0   rtexit.o
        10          0          0          0          0          0   rtexit2.o
        12          4          0          0          0         68   sys_exit.o
        74          0          0          0          0         80   sys_stackheap_outer.o
         2          0          0          0          0         68   use_no_semi.o
        98          4          0          0          0         92   d2f.o
       826         16          0          0          0        348   daddsub_clz.o
        24          0          0          0          0         68   dcmpi.o
       688        140          0          0          0        208   ddiv.o
        94          4          0          0          0         92   dfix.o
        90          4          0          0          0         92   dfixu.o
        84          0          0          0          0        136   dflt_clz.o
       120          4          0          0          0         92   dleqf.o
       340         12          0          0          0        104   dmul.o
       156          4          0          0          0         92   dnaninf.o
        12          0          0          0          0         68   dretinf.o
       108          0          0          0          0         80   drleqf.o
        86          4          0          0          0         84   f2d.o
       450          8          0          0          0        236   faddsub_clz.o
        12          4          0          0          0         68   fcheck1.o
        24          0          0          0          0         68   fcmpi.o
       388         76          0          0          0         96   fdiv.o
        54          4          0          0          0         84   ffix.o
        62          4          0          0          0         84   ffixu.o
        86          0          0          0          0        136   fflt_clz.o
       104          4          0          0          0         84   fleqf.o
       258          4          0          0          0         84   fmul.o
       140          4          0          0          0         84   fnaninf.o
        10          0          0          0          0         68   fretinf.o
        98          0          0          0          0         68   frleqf.o
       100          0          0          0          0         68   retnan.o
        76          0          0          0          0         68   scalbnf.o
        48          0          0          0          0         68   trapv.o
         0          0          0          0          0          0   usenofp.o
       604         76          0          0          0        116   atan2f.o
        38          0          0          0          0         68   fpclassifyf.o
        14          0          0          0          0        136   funder.o

    ----------------------------------------------------------------------
      5656        392          0          0         96       3824   Library Totals
        28          0          0          0          0          0   (incl. Padding)

    ----------------------------------------------------------------------

      Code (inc. data)   RO Data    RW Data    ZI Data      Debug   Library Name

       336         16          0          0         96        584   c_w.l
      4636        300          0          0          0       2920   fz_ws.l
       656         76          0          0          0        320   m_ws.l

    ----------------------------------------------------------------------
      5656        392          0          0         96       3824   Library Totals

    ----------------------------------------------------------------------

==============================================================================


      Code (inc. data)   RO Data    RW Data    ZI Data      Debug   

     41604       4184        484        336      19416     601095   Grand Totals
     41604       4184        484         32      19416     601095   ELF Image Totals (compressed)
     41604       4184        484         32          0          0   ROM Totals

==============================================================================

    Total RO  Size (Code + RO Data)                42088 (  41.10kB)
    Total RW  Size (RW Data + ZI Data)             19752 (  19.29kB)
    Total ROM Size (Code + RO Data + RW Data)      42120 (  41.13kB)

==============================================================================

